Component: ARM Compiler 5.06 update 5 (build 528) Tool: armlink [4d35e2]

==============================================================================

Section Cross References

    startup_stm32f10x_md.o(RESET) refers to startup_stm32f10x_md.o(STACK) for __initial_sp
    startup_stm32f10x_md.o(RESET) refers to startup_stm32f10x_md.o(.text) for Reset_Handler
    startup_stm32f10x_md.o(RESET) refers to stm32f10x_it.o(i.NMI_Handler) for NMI_Handler
    startup_stm32f10x_md.o(RESET) refers to stm32f10x_it.o(i.HardFault_Handler) for HardFault_Handler
    startup_stm32f10x_md.o(RESET) refers to stm32f10x_it.o(i.MemManage_Handler) for MemManage_Handler
    startup_stm32f10x_md.o(RESET) refers to stm32f10x_it.o(i.BusFault_Handler) for BusFault_Handler
    startup_stm32f10x_md.o(RESET) refers to stm32f10x_it.o(i.UsageFault_Handler) for UsageFault_Handler
    startup_stm32f10x_md.o(RESET) refers to stm32f10x_it.o(i.SVC_Handler) for SVC_Handler
    startup_stm32f10x_md.o(RESET) refers to stm32f10x_it.o(i.DebugMon_Handler) for DebugMon_Handler
    startup_stm32f10x_md.o(RESET) refers to stm32f10x_it.o(i.PendSV_Handler) for PendSV_Handler
    startup_stm32f10x_md.o(RESET) refers to stm32f10x_it.o(i.SysTick_Handler) for SysTick_Handler
    startup_stm32f10x_md.o(RESET) refers to main.o(i.TIM1_UP_IRQHandler) for TIM1_UP_IRQHandler
    startup_stm32f10x_md.o(RESET) refers to serial.o(i.USART1_IRQHandler) for USART1_IRQHandler
    startup_stm32f10x_md.o(RESET) refers to serial.o(i.USART3_IRQHandler) for USART3_IRQHandler
    startup_stm32f10x_md.o(.text) refers to system_stm32f10x.o(i.SystemInit) for SystemInit
    startup_stm32f10x_md.o(.text) refers to entry.o(.ARM.Collect$$$$00000000) for __main
    system_stm32f10x.o(i.SetSysClock) refers to system_stm32f10x.o(i.SetSysClockTo72) for SetSysClockTo72
    system_stm32f10x.o(i.SystemCoreClockUpdate) refers to system_stm32f10x.o(.data) for SystemCoreClock
    system_stm32f10x.o(i.SystemInit) refers to system_stm32f10x.o(i.SetSysClock) for SetSysClock
    stm32f10x_adc.o(i.ADC_DeInit) refers to stm32f10x_rcc.o(i.RCC_APB2PeriphResetCmd) for RCC_APB2PeriphResetCmd
    stm32f10x_bkp.o(i.BKP_DeInit) refers to stm32f10x_rcc.o(i.RCC_BackupResetCmd) for RCC_BackupResetCmd
    stm32f10x_can.o(i.CAN_DeInit) refers to stm32f10x_rcc.o(i.RCC_APB1PeriphResetCmd) for RCC_APB1PeriphResetCmd
    stm32f10x_can.o(i.CAN_GetITStatus) refers to stm32f10x_can.o(i.CheckITStatus) for CheckITStatus
    stm32f10x_cec.o(i.CEC_DeInit) refers to stm32f10x_rcc.o(i.RCC_APB1PeriphResetCmd) for RCC_APB1PeriphResetCmd
    stm32f10x_dac.o(i.DAC_DeInit) refers to stm32f10x_rcc.o(i.RCC_APB1PeriphResetCmd) for RCC_APB1PeriphResetCmd
    stm32f10x_flash.o(i.FLASH_EnableWriteProtection) refers to stm32f10x_flash.o(i.FLASH_WaitForLastOperation) for FLASH_WaitForLastOperation
    stm32f10x_flash.o(i.FLASH_EraseAllBank1Pages) refers to stm32f10x_flash.o(i.FLASH_WaitForLastBank1Operation) for FLASH_WaitForLastBank1Operation
    stm32f10x_flash.o(i.FLASH_EraseAllPages) refers to stm32f10x_flash.o(i.FLASH_WaitForLastOperation) for FLASH_WaitForLastOperation
    stm32f10x_flash.o(i.FLASH_EraseOptionBytes) refers to stm32f10x_flash.o(i.FLASH_GetReadOutProtectionStatus) for FLASH_GetReadOutProtectionStatus
    stm32f10x_flash.o(i.FLASH_EraseOptionBytes) refers to stm32f10x_flash.o(i.FLASH_WaitForLastOperation) for FLASH_WaitForLastOperation
    stm32f10x_flash.o(i.FLASH_ErasePage) refers to stm32f10x_flash.o(i.FLASH_WaitForLastOperation) for FLASH_WaitForLastOperation
    stm32f10x_flash.o(i.FLASH_ProgramHalfWord) refers to stm32f10x_flash.o(i.FLASH_WaitForLastOperation) for FLASH_WaitForLastOperation
    stm32f10x_flash.o(i.FLASH_ProgramOptionByteData) refers to stm32f10x_flash.o(i.FLASH_WaitForLastOperation) for FLASH_WaitForLastOperation
    stm32f10x_flash.o(i.FLASH_ProgramWord) refers to stm32f10x_flash.o(i.FLASH_WaitForLastOperation) for FLASH_WaitForLastOperation
    stm32f10x_flash.o(i.FLASH_ReadOutProtection) refers to stm32f10x_flash.o(i.FLASH_WaitForLastOperation) for FLASH_WaitForLastOperation
    stm32f10x_flash.o(i.FLASH_UserOptionByteConfig) refers to stm32f10x_flash.o(i.FLASH_WaitForLastOperation) for FLASH_WaitForLastOperation
    stm32f10x_flash.o(i.FLASH_WaitForLastBank1Operation) refers to stm32f10x_flash.o(i.FLASH_GetBank1Status) for FLASH_GetBank1Status
    stm32f10x_flash.o(i.FLASH_WaitForLastOperation) refers to stm32f10x_flash.o(i.FLASH_GetBank1Status) for FLASH_GetBank1Status
    stm32f10x_gpio.o(i.GPIO_AFIODeInit) refers to stm32f10x_rcc.o(i.RCC_APB2PeriphResetCmd) for RCC_APB2PeriphResetCmd
    stm32f10x_gpio.o(i.GPIO_DeInit) refers to stm32f10x_rcc.o(i.RCC_APB2PeriphResetCmd) for RCC_APB2PeriphResetCmd
    stm32f10x_i2c.o(i.I2C_DeInit) refers to stm32f10x_rcc.o(i.RCC_APB1PeriphResetCmd) for RCC_APB1PeriphResetCmd
    stm32f10x_i2c.o(i.I2C_Init) refers to stm32f10x_rcc.o(i.RCC_GetClocksFreq) for RCC_GetClocksFreq
[...]
    ../fplib/microlib/fpfix.c                0x00000000   Number         0  dfixul.o ABSOLUTE
    ../fplib/microlib/fpflt.c                0x00000000   Number         0  dflti.o ABSOLUTE
    ../fplib/microlib/fpflt.c                0x00000000   Number         0  ffltui.o ABSOLUTE
    ../fplib/microlib/fpflt.c                0x00000000   Number         0  fflti.o ABSOLUTE
    ../fplib/microlib/fpmul.c                0x00000000   Number         0  fmul.o ABSOLUTE
    ../fplib/microlib/fpmul.c                0x00000000   Number         0  dmul.o ABSOLUTE
    ../fplib/microlib/fpscalb.c              0x00000000   Number         0  dscalb.o ABSOLUTE
    ../fplib/microlib/fpsqrt.c               0x00000000   Number         0  dsqrt.o ABSOLUTE
    ../mathlib/asin.c                        0x00000000   Number         0  asin_x.o ABSOLUTE
    ../mathlib/asin.c                        0x00000000   Number         0  asin.o ABSOLUTE
    ../mathlib/atan.c                        0x00000000   Number         0  atan.o ABSOLUTE
    ../mathlib/atan.c                        0x00000000   Number         0  atan_x.o ABSOLUTE
    ../mathlib/atan2.c                       0x00000000   Number         0  atan2.o ABSOLUTE
    ../mathlib/atan2.c                       0x00000000   Number         0  atan2_x.o ABSOLUTE
    ../mathlib/dunder.c                      0x00000000   Number         0  dunder.o ABSOLUTE
    ../mathlib/fpclassify.c                  0x00000000   Number         0  fpclassify.o ABSOLUTE
    ../mathlib/poly.c                        0x00000000   Number         0  poly.o ABSOLUTE
    ../mathlib/qnan.c                        0x00000000   Number         0  qnan.o ABSOLUTE
    ../mathlib/sqrt.c                        0x00000000   Number         0  sqrt.o ABSOLUTE
    ../mathlib/sqrt.c                        0x00000000   Number         0  sqrt_x.o ABSOLUTE
    ..\Driver\Encoder.c                      0x00000000   Number         0  encoder.o ABSOLUTE
    ..\Driver\Key.c                          0x00000000   Number         0  key.o ABSOLUTE
    ..\Driver\MPU6050\MPU6050.c              0x00000000   Number         0  mpu6050.o ABSOLUTE
    ..\Driver\MPU6050\MPU_EXIT.c             0x00000000   Number         0  mpu_exit.o ABSOLUTE
    ..\Driver\MPU6050\MyIIC.c                0x00000000   Number         0  myiic.o ABSOLUTE
    ..\Driver\MPU6050_DMP\inv_mpu.c          0x00000000   Number         0  inv_mpu.o ABSOLUTE
    ..\Driver\MPU6050_DMP\inv_mpu_dmp_motion_driver.c 0x00000000   Number         0  inv_mpu_dmp_motion_driver.o ABSOLUTE
    ..\Driver\Motor.c                        0x00000000   Number         0  motor.o ABSOLUTE
    ..\Driver\OLED.c                         0x00000000   Number         0  oled.o ABSOLUTE
    ..\Driver\PID.c                          0x00000000   Number         0  pid.o ABSOLUTE
    ..\Driver\PWM.c                          0x00000000   Number         0  pwm.o ABSOLUTE
    ..\Driver\Serial.c                       0x00000000   Number         0  serial.o ABSOLUTE
    ..\Library\misc.c                        0x00000000   Number         0  misc.o ABSOLUTE
    ..\Library\stm32f10x_adc.c               0x00000000   Number         0  stm32f10x_adc.o ABSOLUTE
    ..\Library\stm32f10x_bkp.c               0x00000000   Number         0  stm32f10x_bkp.o ABSOLUTE
    ..\Library\stm32f10x_can.c               0x00000000   Number         0  stm32f10x_can.o ABSOLUTE
    ..\Library\stm32f10x_cec.c               0x00000000   Number         0  stm32f10x_cec.o ABSOLUTE
    ..\Library\stm32f10x_crc.c               0x00000000   Number         0  stm32f10x_crc.o ABSOLUTE
    ..\Library\stm32f10x_dac.c               0x00000000   Number         0  stm32f10x_dac.o ABSOLUTE
    ..\Library\stm32f10x_dbgmcu.c            0x00000000   Number         0  stm32f10x_dbgmcu.o ABSOLUTE
    ..\Library\stm32f10x_dma.c               0x00000000   Number         0  stm32f10x_dma.o ABSOLUTE
    ..\Library\stm32f10x_exti.c              0x00000000   Number         0  stm32f10x_exti.o ABSOLUTE
    ..\Library\stm32f10x_flash.c             0x00000000   Number         0  stm32f10x_flash.o ABSOLUTE
    ..\Library\stm32f10x_fsmc.c              0x00000000   Number         0  stm32f10x_fsmc.o ABSOLUTE
    ..\Library\stm32f10x_gpio.c              0x00000000   Number         0  stm32f10x_gpio.o ABSOLUTE
    ..\Library\stm32f10x_i2c.c               0x00000000   Number         0  stm32f10x_i2c.o ABSOLUTE
    ..\Library\stm32f10x_iwdg.c              0x00000000   Number         0  stm32f10x_iwdg.o ABSOLUTE
    ..\Library\stm32f10x_pwr.c               0x00000000   Number         0  stm32f10x_pwr.o ABSOLUTE
    ..\Library\stm32f10x_rcc.c               0x00000000   Number         0  stm32f10x_rcc.o ABSOLUTE
    ..\Library\stm32f10x_rtc.c               0x00000000   Number         0  stm32f10x_rtc.o ABSOLUTE
    ..\Library\stm32f10x_sdio.c              0x00000000   Number         0  stm32f10x_sdio.o ABSOLUTE
    ..\Library\stm32f10x_spi.c               0x00000000   Number         0  stm32f10x_spi.o ABSOLUTE
    ..\Library\stm32f10x_tim.c               0x00000000   Number         0  stm32f10x_tim.o ABSOLUTE
    ..\Library\stm32f10x_usart.c             0x00000000   Number         0  stm32f10x_usart.o ABSOLUTE
    ..\Library\stm32f10x_wwdg.c              0x00000000   Number         0  stm32f10x_wwdg.o ABSOLUTE
    ..\Start\core_cm3.c                      0x00000000   Number         0  core_cm3.o ABSOLUTE
    ..\Start\startup_stm32f10x_md.s          0x00000000   Number         0  startup_stm32f10x_md.o ABSOLUTE
    ..\Start\system_stm32f10x.c              0x00000000   Number         0  system_stm32f10x.o ABSOLUTE
    ..\System\Delay.c                        0x00000000   Number         0  delay.o ABSOLUTE
    ..\System\Timer.c                        0x00000000   Number         0  timer.o ABSOLUTE
    ..\\Start\\core_cm3.c                    0x00000000   Number         0  core_cm3.o ABSOLUTE
    cdcmple.s                                0x00000000   Number         0  cdcmple.o ABSOLUTE
    cdrcmple.s                               0x00000000   Number         0  cdrcmple.o ABSOLUTE
    cfcmple.s                                0x00000000   Number         0  cfcmple.o ABSOLUTE
    cfrcmple.s                               0x00000000   Number         0  cfrcmple.o ABSOLUTE
    dc.s                                     0x00000000   Number         0  dc.o ABSOLUTE
    handlers.s                               0x00000000   Number         0  handlers.o ABSOLUTE
    init.s                                   0x00000000   Number         0  init.o ABSOLUTE
    main.c                                   0x00000000   Number         0  main.o ABSOLUTE
    stm32f10x_it.c                           0x00000000   Number         0  stm32f10x_it.o ABSOLUTE
    RESET                                    0x08000000   Section      236  startup_stm32f10x_md.o(RESET)
    .ARM.Collect$$$$00000000                 0x080000ec   Section        0  entry.o(.ARM.Collect$$$$00000000)
    .ARM.Collect$$$$00000001                 0x080000ec   Section        4  entry2.o(.ARM.Collect$$$$00000001)
    .ARM.Collect$$$$00000004                 0x080000f0   Section        4  entry5.o(.ARM.Collect$$$$00000004)
    .ARM.Collect$$$$00000008                 0x080000f4   Section        0  entry7b.o(.ARM.Collect$$$$00000008)
    .ARM.Collect$$$$0000000A                 0x080000f4   Section        0  entry8b.o(.ARM.Collect$$$$0000000A)
    .ARM.Collect$$$$0000000B                 0x080000f4   Section        8  entry9a.o(.ARM.Collect$$$$0000000B)
    .ARM.Collect$$$$0000000D                 0x080000fc   Section        0  entry10a.o(.ARM.Collect$$$$0000000D)
    .ARM.Collect$$$$0000000F                 0x080000fc   Section        0  entry11a.o(.ARM.Collect$$$$0000000F)
    .ARM.Collect$$$$00002712                 0x080000fc   Section        4  entry2.o(.ARM.Collect$$$$00002712)
    __lit__00000000                          0x080000fc   Data           4  entry2.o(.ARM.Collect$$$$00002712)
    .text                                    0x08000100   Section       36  startup_stm32f10x_md.o(.text)
    .text                                    0x08000124   Section        0  ldiv.o(.text)
    .text                                    0x08000186   Section        0  memseta.o(.text)
    .text                                    0x080001aa   Section        0  memcmp.o(.text)
    .text                                    0x080001c4   Section        0  fadd.o(.text)
    .text                                    0x08000274   Section        0  fmul.o(.text)
    .text                                    0x080002d8   Section        0  fdiv.o(.text)
    .text                                    0x08000354   Section        0  dmul.o(.text)
    .text                                    0x08000438   Section        0  ddiv.o(.text)
    .text                                    0x08000516   Section        0  fflti.o(.text)
    .text                                    0x08000528   Section        0  ffltui.o(.text)
    .text                                    0x08000532   Section        0  ffixi.o(.text)
    .text                                    0x08000564   Section        0  ffixui.o(.text)
    .text                                    0x0800058c   Section        0  f2d.o(.text)
    .text                                    0x080005b2   Section        0  d2f.o(.text)
    .text                                    0x080005ec   Section       20  cfcmple.o(.text)
    .text                                    0x08000600   Section       20  cfrcmple.o(.text)
    .text                                    0x08000614   Section        0  uldiv.o(.text)
    .text                                    0x08000676   Section        0  fepilogue.o(.text)
    .text                                    0x08000676   Section        0  iusefp.o(.text)
    .text                                    0x080006e4   Section        0  depilogue.o(.text)
    .text                                    0x0800079e   Section        0  dadd.o(.text)
    .text                                    0x080008ec   Section        0  dscalb.o(.text)
    .text                                    0x0800091c   Section       36  init.o(.text)
    .text                                    0x08000940   Section        0  llshl.o(.text)
    .text                                    0x0800095e   Section        0  llushr.o(.text)
    .text                                    0x0800097e   Section        0  llsshr.o(.text)
    .text                                    0x080009a2   Section        0  dsqrt.o(.text)
    i.BusFault_Handler                       0x08000a44   Section        0  stm32f10x_it.o(i.BusFault_Handler)
    i.DebugMon_Handler                       0x08000a48   Section        0  stm32f10x_it.o(i.DebugMon_Handler)
    i.Delay_us                               0x08000a4a   Section        0  delay.o(i.Delay_us)
    i.Encoder_Init                           0x08000a78   Section        0  encoder.o(i.Encoder_Init)
    i.GPIO_Init                              0x08000b20   Section        0  stm32f10x_gpio.o(i.GPIO_Init)
    i.GPIO_ReadInputDataBit                  0x08000c36   Section        0  stm32f10x_gpio.o(i.GPIO_ReadInputDataBit)
    i.GPIO_ResetBits                         0x08000c48   Section        0  stm32f10x_gpio.o(i.GPIO_ResetBits)
    i.GPIO_SetBits                           0x08000c4c   Section        0  stm32f10x_gpio.o(i.GPIO_SetBits)
    i.GPIO_WriteBit                          0x08000c50   Section        0  stm32f10x_gpio.o(i.GPIO_WriteBit)
    i.HardFault_Handler                      0x08000c5a   Section        0  stm32f10x_it.o(i.HardFault_Handler)
    i.MPU6050_IIC_Init                       0x08000c60   Section        0  myiic.o(i.MPU6050_IIC_Init)
    i.MPU6050_IIC_R_SDA                      0x08000c94   Section        0  myiic.o(i.MPU6050_IIC_R_SDA)
    i.MPU6050_IIC_ReceiveAck                 0x08000cb0   Section        0  myiic.o(i.MPU6050_IIC_ReceiveAck)
    i.MPU6050_IIC_ReceiveByte                0x08000cce   Section        0  myiic.o(i.MPU6050_IIC_ReceiveByte)
    i.MPU6050_IIC_SendAck                    0x08000d02   Section        0  myiic.o(i.MPU6050_IIC_SendAck)
    i.MPU6050_IIC_SendByte                   0x08000d1a   Section        0  myiic.o(i.MPU6050_IIC_SendByte)
    i.MPU6050_IIC_Start                      0x08000d44   Section        0  myiic.o(i.MPU6050_IIC_Start)
    i.MPU6050_IIC_Stop                       0x08000d60   Section        0  myiic.o(i.MPU6050_IIC_Stop)
    i.MPU6050_IIC_W_SCL                      0x08000d78   Section        0  myiic.o(i.MPU6050_IIC_W_SCL)
    i.MPU6050_IIC_W_SDA                      0x08000d94   Section        0  myiic.o(i.MPU6050_IIC_W_SDA)
    i.MPU6050_Init                           0x08000db0   Section        0  mpu6050.o(i.MPU6050_Init)
    i.MPU6050_ReadReg_Str                    0x08000e1a   Section        0  mpu6050.o(i.MPU6050_ReadReg_Str)
    i.MPU6050_WriteReg_Byte                  0x08000e86   Section        0  mpu6050.o(i.MPU6050_WriteReg_Byte)
    i.MPU6050_WriteReg_Str                   0x08000eb4   Section        0  mpu6050.o(i.MPU6050_WriteReg_Str)
    i.MPU_Set_LPF                            0x08000f00   Section        0  mpu6050.o(i.MPU_Set_LPF)
    i.MPU_Set_Rate                           0x08000f3a   Section        0  mpu6050.o(i.MPU_Set_Rate)
    i.MemManage_Handler                      0x08000f72   Section        0  stm32f10x_it.o(i.MemManage_Handler)
    i.Motor_GPIO_Init                        0x08000f78   Section        0  motor.o(i.Motor_GPIO_Init)
    i.Motor_PWM_Init                         0x08000fd4   Section        0  motor.o(i.Motor_PWM_Init)
    i.Motor_SpeedSet_Vertical                0x08000fe8   Section        0  motor.o(i.Motor_SpeedSet_Vertical)
    i.NMI_Handler                            0x0800105c   Section        0  stm32f10x_it.o(i.NMI_Handler)
    i.NVIC_Init                              0x08001060   Section        0  misc.o(i.NVIC_Init)
    i.NVIC_PriorityGroupConfig               0x080010d0   Section        0  misc.o(i.NVIC_PriorityGroupConfig)
    i.OLED_Clear                             0x080010e4   Section        0  oled.o(i.OLED_Clear)
    i.OLED_I2C_Init                          0x08001110   Section        0  oled.o(i.OLED_I2C_Init)
    i.OLED_I2C_SendByte                      0x0800115c   Section        0  oled.o(i.OLED_I2C_SendByte)
    i.OLED_I2C_Start                         0x080011ac   Section        0  oled.o(i.OLED_I2C_Start)
    i.OLED_I2C_Stop                          0x080011dc   Section        0  oled.o(i.OLED_I2C_Stop)
    i.OLED_Init                              0x08001204   Section        0  oled.o(i.OLED_Init)
    i.OLED_Pow                               0x080012b2   Section        0  oled.o(i.OLED_Pow)
    i.OLED_SetCursor                         0x080012c6   Section        0  oled.o(i.OLED_SetCursor)
    i.OLED_ShowChar                          0x080012e8   Section        0  oled.o(i.OLED_ShowChar)
    i.OLED_ShowSignedNum                     0x0800135c   Section        0  oled.o(i.OLED_ShowSignedNum)
    i.OLED_ShowString                        0x080013c2   Section        0  oled.o(i.OLED_ShowString)
    i.OLED_WriteCommand                      0x080013ea   Section        0  oled.o(i.OLED_WriteCommand)
    i.OLED_WriteData                         0x0800140a   Section        0  oled.o(i.OLED_WriteData)
    i.PendSV_Handler                         0x0800142a   Section        0  stm32f10x_it.o(i.PendSV_Handler)
    i.RCC_APB1PeriphClockCmd                 0x0800142c   Section        0  stm32f10x_rcc.o(i.RCC_APB1PeriphClockCmd)
    i.RCC_APB2PeriphClockCmd                 0x0800144c   Section        0  stm32f10x_rcc.o(i.RCC_APB2PeriphClockCmd)
    i.RCC_GetClocksFreq                      0x0800146c   Section        0  stm32f10x_rcc.o(i.RCC_GetClocksFreq)
    i.SVC_Handler                            0x08001540   Section        0  stm32f10x_it.o(i.SVC_Handler)
    i.SetSysClock                            0x08001542   Section        0  system_stm32f10x.o(i.SetSysClock)
    SetSysClock                              0x08001543   Thumb Code     8  system_stm32f10x.o(i.SetSysClock)
    i.SetSysClockTo72                        0x0800154c   Section        0  system_stm32f10x.o(i.SetSysClockTo72)
    SetSysClockTo72                          0x0800154d   Thumb Code   214  system_stm32f10x.o(i.SetSysClockTo72)
    i.SysTick_Handler                        0x0800162c   Section        0  stm32f10x_it.o(i.SysTick_Handler)
    i.SystemInit                             0x08001630   Section        0  system_stm32f10x.o(i.SystemInit)
    i.TI1_Config                             0x08001690   Section        0  stm32f10x_tim.o(i.TI1_Config)
    TI1_Config                               0x08001691   Thumb Code   108  stm32f10x_tim.o(i.TI1_Config)
    i.TI2_Config                             0x08001710   Section        0  stm32f10x_tim.o(i.TI2_Config)
    TI2_Config                               0x08001711   Thumb Code   130  stm32f10x_tim.o(i.TI2_Config)
    i.TI3_Config                             0x080017a8   Section        0  stm32f10x_tim.o(i.TI3_Config)
    TI3_Config                               0x080017a9   Thumb Code   122  stm32f10x_tim.o(i.TI3_Config)
    i.TI4_Config                             0x08001838   Section        0  stm32f10x_tim.o(i.TI4_Config)
    TI4_Config                               0x08001839   Thumb Code   130  stm32f10x_tim.o(i.TI4_Config)
    i.TIM1_Init                              0x080018d0   Section        0  timer.o(i.TIM1_Init)
    i.TIM1_UP_IRQHandler                     0x08001940   Section        0  main.o(i.TIM1_UP_IRQHandler)
    i.TIM2_PWM_Init                          0x080019a0   Section        0  pwm.o(i.TIM2_PWM_Init)
    i.TIM_ARRPreloadConfig                   0x08001a16   Section        0  stm32f10x_tim.o(i.TIM_ARRPreloadConfig)
    i.TIM_ClearITPendingBit                  0x08001a2e   Section        0  stm32f10x_tim.o(i.TIM_ClearITPendingBit)
    i.TIM_Cmd                                0x08001a34   Section        0  stm32f10x_tim.o(i.TIM_Cmd)
    i.TIM_EncoderInterfaceConfig             0x08001a4c   Section        0  stm32f10x_tim.o(i.TIM_EncoderInterfaceConfig)
    i.TIM_GetITStatus                        0x08001a8e   Section        0  stm32f10x_tim.o(i.TIM_GetITStatus)
    i.TIM_ICInit                             0x08001ab0   Section        0  stm32f10x_tim.o(i.TIM_ICInit)
    i.TIM_ICStructInit                       0x08001b5c   Section        0  stm32f10x_tim.o(i.TIM_ICStructInit)
    i.TIM_ITConfig                           0x08001b6e   Section        0  stm32f10x_tim.o(i.TIM_ITConfig)
    i.TIM_InternalClockConfig                0x08001b80   Section        0  stm32f10x_tim.o(i.TIM_InternalClockConfig)
    i.TIM_OC3Init                            0x08001b8c   Section        0  stm32f10x_tim.o(i.TIM_OC3Init)
    i.TIM_OC3PreloadConfig                   0x08001c2c   Section        0  stm32f10x_tim.o(i.TIM_OC3PreloadConfig)
    i.TIM_OC4Init                            0x08001c40   Section        0  stm32f10x_tim.o(i.TIM_OC4Init)
    i.TIM_OC4PreloadConfig                   0x08001cbc   Section        0  stm32f10x_tim.o(i.TIM_OC4PreloadConfig)
    i.TIM_SetCompare3                        0x08001cd6   Section        0  stm32f10x_tim.o(i.TIM_SetCompare3)
    i.TIM_SetCompare4                        0x08001cda   Section        0  stm32f10x_tim.o(i.TIM_SetCompare4)
    i.TIM_SetIC1Prescaler                    0x08001ce0   Section        0  stm32f10x_tim.o(i.TIM_SetIC1Prescaler)
    i.TIM_SetIC2Prescaler                    0x08001cf2   Section        0  stm32f10x_tim.o(i.TIM_SetIC2Prescaler)
    i.TIM_SetIC3Prescaler                    0x08001d0c   Section        0  stm32f10x_tim.o(i.TIM_SetIC3Prescaler)
    i.TIM_SetIC4Prescaler                    0x08001d1e   Section        0  stm32f10x_tim.o(i.TIM_SetIC4Prescaler)
    i.TIM_TimeBaseInit                       0x08001d38   Section        0  stm32f10x_tim.o(i.TIM_TimeBaseInit)
    i.USART1_IRQHandler                      0x08001ddc   Section        0  serial.o(i.USART1_IRQHandler)
    i.USART3_IRQHandler                      0x08001dfc   Section        0  serial.o(i.USART3_IRQHandler)
    i.USART3_Init                            0x08001e1c   Section        0  serial.o(i.USART3_Init)
    i.USART_ClearITPendingBit                0x08001ecc   Section        0  stm32f10x_usart.o(i.USART_ClearITPendingBit)
    i.USART_Cmd                              0x08001eea   Section        0  stm32f10x_usart.o(i.USART_Cmd)
    i.USART_GetITStatus                      0x08001f02   Section        0  stm32f10x_usart.o(i.USART_GetITStatus)
    i.USART_ITConfig                         0x08001f56   Section        0  stm32f10x_usart.o(i.USART_ITConfig)
    i.USART_Init                             0x08001fa0   Section        0  stm32f10x_usart.o(i.USART_Init)
    i.UsageFault_Handler                     0x08002078   Section        0  stm32f10x_it.o(i.UsageFault_Handler)
    i.Vertical_PID                           0x0800207c   Section        0  pid.o(i.Vertical_PID)
    i.Vertical_PID_Init                      0x080020ec   Section        0  pid.o(i.Vertical_PID_Init)
    i.__ARM_fpclassify                       0x08002104   Section        0  fpclassify.o(i.__ARM_fpclassify)
    i.__kernel_poly                          0x0800212c   Section        0  poly.o(i.__kernel_poly)
    i.__mathlib_dbl_infnan                   0x080021d6   Section        0  dunder.o(i.__mathlib_dbl_infnan)
    i.__mathlib_dbl_infnan2                  0x080021dc   Section        0  dunder.o(i.__mathlib_dbl_infnan2)
    i.__mathlib_dbl_invalid                  0x080021e0   Section        0  dunder.o(i.__mathlib_dbl_invalid)
    i.__mathlib_dbl_underflow                0x080021ec   Section        0  dunder.o(i.__mathlib_dbl_underflow)
    i.__scatterload_copy                     0x080021fc   Section       14  handlers.o(i.__scatterload_copy)
    i.__scatterload_null                     0x0800220a   Section        2  handlers.o(i.__scatterload_null)
    i.__scatterload_zeroinit                 0x0800220c   Section       14  handlers.o(i.__scatterload_zeroinit)
    i.__set_errno                            0x0800221c   Section        0  errno.o(i.__set_errno)
    i.accel_self_test                        0x08002228   Section        0  inv_mpu.o(i.accel_self_test)
    accel_self_test                          0x08002229   Thumb Code   164  inv_mpu.o(i.accel_self_test)
    i.asin                                   0x080022d0   Section        0  asin.o(i.asin)
    i.atan                                   0x08002540   Section        0  atan.o(i.atan)
    i.atan2                                  0x08002760   Section        0  atan2.o(i.atan2)
    i.decode_gesture                         0x080028e0   Section        0  inv_mpu_dmp_motion_driver.o(i.decode_gesture)
    decode_gesture                           0x080028e1   Thumb Code    94  inv_mpu_dmp_motion_driver.o(i.decode_gesture)
    i.delay_ms                               0x08002944   Section        0  delay.o(i.delay_ms)
    i.dmp_enable_6x_lp_quat                  0x0800295c   Section        0  inv_mpu_dmp_motion_driver.o(i.dmp_enable_6x_lp_quat)
    i.dmp_enable_feature                     0x08002998   Section        0  inv_mpu_dmp_motion_driver.o(i.dmp_enable_feature)
    i.dmp_enable_gyro_cal                    0x08002bb4   Section        0  inv_mpu_dmp_motion_driver.o(i.dmp_enable_gyro_cal)
    i.dmp_enable_lp_quat                     0x08002c0c   Section        0  inv_mpu_dmp_motion_driver.o(i.dmp_enable_lp_quat)
    i.dmp_load_motion_driver_firmware        0x08002c48   Section        0  inv_mpu_dmp_motion_driver.o(i.dmp_load_motion_driver_firmware)
    i.dmp_read_fifo                          0x08002c60   Section        0  inv_mpu_dmp_motion_driver.o(i.dmp_read_fifo)
    i.dmp_set_accel_bias                     0x08002e2c   Section        0  inv_mpu_dmp_motion_driver.o(i.dmp_set_accel_bias)
    i.dmp_set_fifo_rate                      0x08002f60   Section        0  inv_mpu_dmp_motion_driver.o(i.dmp_set_fifo_rate)
    i.dmp_set_gyro_bias                      0x08002fd0   Section        0  inv_mpu_dmp_motion_driver.o(i.dmp_set_gyro_bias)
    i.dmp_set_orientation                    0x08003100   Section        0  inv_mpu_dmp_motion_driver.o(i.dmp_set_orientation)
    i.dmp_set_shake_reject_thresh            0x08003238   Section        0  inv_mpu_dmp_motion_driver.o(i.dmp_set_shake_reject_thresh)
    i.dmp_set_shake_reject_time              0x08003270   Section        0  inv_mpu_dmp_motion_driver.o(i.dmp_set_shake_reject_time)
    i.dmp_set_shake_reject_timeout           0x08003296   Section        0  inv_mpu_dmp_motion_driver.o(i.dmp_set_shake_reject_timeout)
    i.dmp_set_tap_axes                       0x080032bc   Section        0  inv_mpu_dmp_motion_driver.o(i.dmp_set_tap_axes)
    i.dmp_set_tap_count                      0x08003302   Section        0  inv_mpu_dmp_motion_driver.o(i.dmp_set_tap_count)
    i.dmp_set_tap_thresh                     0x08003328   Section        0  inv_mpu_dmp_motion_driver.o(i.dmp_set_tap_thresh)
    i.dmp_set_tap_time                       0x080034c8   Section        0  inv_mpu_dmp_motion_driver.o(i.dmp_set_tap_time)
    i.dmp_set_tap_time_multi                 0x080034ee   Section        0  inv_mpu_dmp_motion_driver.o(i.dmp_set_tap_time_multi)
    i.get_accel_prod_shift                   0x08003514   Section        0  inv_mpu.o(i.get_accel_prod_shift)
    get_accel_prod_shift                     0x08003515   Thumb Code   168  inv_mpu.o(i.get_accel_prod_shift)
    i.get_st_biases                          0x080035c8   Section        0  inv_mpu.o(i.get_st_biases)
    get_st_biases                            0x080035c9   Thumb Code  1132  inv_mpu.o(i.get_st_biases)
    i.gyro_self_test                         0x08003a38   Section        0  inv_mpu.o(i.gyro_self_test)
    gyro_self_test                           0x08003a39   Thumb Code   256  inv_mpu.o(i.gyro_self_test)
    i.inv_orientation_matrix_to_scalar       0x08003b48   Section        0  inv_mpu.o(i.inv_orientation_matrix_to_scalar)
    i.inv_row_2_scale                        0x08003b70   Section        0  inv_mpu.o(i.inv_row_2_scale)
    i.main                                   0x08003bc0   Section        0  main.o(i.main)
    i.mget_ms                                0x08003d04   Section        0  inv_mpu.o(i.mget_ms)
    i.mpu_configure_fifo                     0x08003d08   Section        0  inv_mpu.o(i.mpu_configure_fifo)
    i.mpu_dmp_get_data                       0x08003d78   Section        0  inv_mpu.o(i.mpu_dmp_get_data)
    i.mpu_dmp_init                           0x08003fac   Section        0  inv_mpu.o(i.mpu_dmp_init)
    i.mpu_get_accel_fsr                      0x0800404c   Section        0  inv_mpu.o(i.mpu_get_accel_fsr)
    i.mpu_get_accel_sens                     0x08004098   Section        0  inv_mpu.o(i.mpu_get_accel_sens)
    i.mpu_get_fifo_config                    0x080040ec   Section        0  inv_mpu.o(i.mpu_get_fifo_config)
    i.mpu_get_gyro_fsr                       0x080040fc   Section        0  inv_mpu.o(i.mpu_get_gyro_fsr)
    i.mpu_get_gyro_sens                      0x08004140   Section        0  inv_mpu.o(i.mpu_get_gyro_sens)
    i.mpu_get_lpf                            0x08004190   Section        0  inv_mpu.o(i.mpu_get_lpf)
    i.mpu_get_sample_rate                    0x080041e0   Section        0  inv_mpu.o(i.mpu_get_sample_rate)
    i.mpu_init                               0x08004200   Section        0  inv_mpu.o(i.mpu_init)
    i.mpu_load_firmware                      0x0800439c   Section        0  inv_mpu.o(i.mpu_load_firmware)
    i.mpu_lp_accel_mode                      0x08004454   Section        0  inv_mpu.o(i.mpu_lp_accel_mode)
    i.mpu_read_fifo_stream                   0x08004534   Section        0  inv_mpu.o(i.mpu_read_fifo_stream)
    i.mpu_read_mem                           0x080045f4   Section        0  inv_mpu.o(i.mpu_read_mem)
    i.mpu_reset_fifo                         0x08004674   Section        0  inv_mpu.o(i.mpu_reset_fifo)
    i.mpu_run_self_test                      0x0800483c   Section        0  inv_mpu.o(i.mpu_run_self_test)
    i.mpu_set_accel_fsr                      0x08004958   Section        0  inv_mpu.o(i.mpu_set_accel_fsr)
    i.mpu_set_bypass                         0x080049dc   Section        0  inv_mpu.o(i.mpu_set_bypass)
    i.mpu_set_dmp_state                      0x08004b28   Section        0  inv_mpu.o(i.mpu_set_dmp_state)
    i.mpu_set_gyro_fsr                       0x08004bb8   Section        0  inv_mpu.o(i.mpu_set_gyro_fsr)
    i.mpu_set_int_latched                    0x08004c40   Section        0  inv_mpu.o(i.mpu_set_int_latched)
    i.mpu_set_lpf                            0x08004cac   Section        0  inv_mpu.o(i.mpu_set_lpf)
    i.mpu_set_sample_rate                    0x08004d30   Section        0  inv_mpu.o(i.mpu_set_sample_rate)
    i.mpu_set_sensors                        0x08004dcc   Section        0  inv_mpu.o(i.mpu_set_sensors)
    i.mpu_write_mem                          0x08004e9c   Section        0  inv_mpu.o(i.mpu_write_mem)
    i.run_self_test                          0x08004f1c   Section        0  inv_mpu.o(i.run_self_test)
    i.set_int_enable                         0x08004fb0   Section        0  inv_mpu.o(i.set_int_enable)
    set_int_enable                           0x08004fb1   Thumb Code   138  inv_mpu.o(i.set_int_enable)
    i.sqrt                                   0x08005040   Section        0  sqrt.o(i.sqrt)
    .constdata                               0x0800508c   Section     1520  oled.o(.constdata)
    .constdata                               0x0800567c   Section       80  inv_mpu.o(.constdata)
    .constdata                               0x080056cc   Section     3062  inv_mpu_dmp_motion_driver.o(.constdata)
    dmp_memory                               0x080056cc   Data        3062  inv_mpu_dmp_motion_driver.o(.constdata)
    .constdata                               0x080062c8   Section       80  asin.o(.constdata)
    pS                                       0x080062c8   Data          48  asin.o(.constdata)
    qS                                       0x080062f8   Data          32  asin.o(.constdata)
    .constdata                               0x08006318   Section      152  atan.o(.constdata)
    atanhi                                   0x08006318   Data          32  atan.o(.constdata)
    atanlo                                   0x08006338   Data          32  atan.o(.constdata)
    aTodd                                    0x08006358   Data          40  atan.o(.constdata)
    aTeven                                   0x08006380   Data          48  atan.o(.constdata)
    .constdata                               0x080063b0   Section        8  qnan.o(.constdata)
    .data                                    0x20000000   Section       20  stm32f10x_rcc.o(.data)
    APBAHBPrescTable                         0x20000000   Data          16  stm32f10x_rcc.o(.data)
    ADCPrescTable                            0x20000010   Data           4  stm32f10x_rcc.o(.data)
    .data                                    0x20000014   Section        4  motor.o(.data)
    .data                                    0x20000018   Section       60  inv_mpu.o(.data)
    st                                       0x20000018   Data          44  inv_mpu.o(.data)
    gyro_orientation                         0x20000044   Data           9  inv_mpu.o(.data)
    .data                                    0x20000054   Section       69  main.o(.data)
    .data                                    0x2000009c   Section        4  errno.o(.data)
    _errno                                   0x2000009c   Data           4  errno.o(.data)
    .bss                                     0x200000a0   Section       40  pid.o(.bss)
    .bss                                     0x200000c8   Section       16  inv_mpu_dmp_motion_driver.o(.bss)
    dmp                                      0x200000c8   Data          16  inv_mpu_dmp_motion_driver.o(.bss)
    STACK                                    0x200000d8   Section     1024  startup_stm32f10x_md.o(STACK)

    Global Symbols

    Symbol Name                              Value     Ov Type        Size  Object(Section)

    BuildAttributes$$THM_ISAv4$P$D$K$B$S$PE$A:L22UL41UL21$X:L11$S22US41US21$IEEE1$IW$USESV6$~STKCKD$USESV7$~SHL$OTIME$ROPI$IEEEX$EBA8$MICROLIB$REQ8$PRES8$EABIv2 0x00000000   Number         0  anon$$obj.o ABSOLUTE
    __ARM_use_no_argv                        0x00000000   Number         0  main.o ABSOLUTE
    __cpp_initialize__aeabi_                  - Undefined Weak Reference
    __cxa_finalize                            - Undefined Weak Reference
    __decompress                              - Undefined Weak Reference
    _clock_init                               - Undefined Weak Reference
    _microlib_exit                            - Undefined Weak Reference
    __Vectors_Size                           0x000000ec   Number         0  startup_stm32f10x_md.o ABSOLUTE
    __Vectors                                0x08000000   Data           4  startup_stm32f10x_md.o(RESET)
    __Vectors_End                            0x080000ec   Data           0  startup_stm32f10x_md.o(RESET)
    __main                                   0x080000ed   Thumb Code     0  entry.o(.ARM.Collect$$$$00000000)
    _main_stk                                0x080000ed   Thumb Code     0  entry2.o(.ARM.Collect$$$$00000001)
    _main_scatterload                        0x080000f1   Thumb Code     0  entry5.o(.ARM.Collect$$$$00000004)
    __main_after_scatterload                 0x080000f5   Thumb Code     0  entry5.o(.ARM.Collect$$$$00000004)
    _main_clock                              0x080000f5   Thumb Code     0  entry7b.o(.ARM.Collect$$$$00000008)
    _main_cpp_init                           0x080000f5   Thumb Code     0  entry8b.o(.ARM.Collect$$$$0000000A)
    _main_init                               0x080000f5   Thumb Code     0  entry9a.o(.ARM.Collect$$$$0000000B)
    __rt_final_cpp                           0x080000fd   Thumb Code     0  entry10a.o(.ARM.Collect$$$$0000000D)
    __rt_final_exit                          0x080000fd   Thumb Code     0  entry11a.o(.ARM.Collect$$$$0000000F)
    Reset_Handler                            0x08000101   Thumb Code     8  startup_stm32f10x_md.o(.text)
    ADC1_2_IRQHandler                        0x0800011b   Thumb Code     0  startup_stm32f10x_md.o(.text)
    CAN1_RX1_IRQHandler                      0x0800011b   Thumb Code     0  startup_stm32f10x_md.o(.text)
    CAN1_SCE_IRQHandler                      0x0800011b   Thumb Code     0  startup_stm32f10x_md.o(.text)
    DMA1_Channel1_IRQHandler                 0x0800011b   Thumb Code     0  startup_stm32f10x_md.o(.text)
    DMA1_Channel2_IRQHandler                 0x0800011b   Thumb Code     0  startup_stm32f10x_md.o(.text)
    DMA1_Channel3_IRQHandler                 0x0800011b   Thumb Code     0  startup_stm32f10x_md.o(.text)
    DMA1_Channel4_IRQHandler                 0x0800011b   Thumb Code     0  startup_stm32f10x_md.o(.text)
    DMA1_Channel5_IRQHandler                 0x0800011b   Thumb Code     0  startup_stm32f10x_md.o(.text)
    DMA1_Channel6_IRQHandler                 0x0800011b   Thumb Code     0  startup_stm32f10x_md.o(.text)
    DMA1_Channel7_IRQHandler                 0x0800011b   Thumb Code     0  startup_stm32f10x_md.o(.text)
    EXTI0_IRQHandler                         0x0800011b   Thumb Code     0  startup_stm32f10x_md.o(.text)
    EXTI15_10_IRQHandler                     0x0800011b   Thumb Code     0  startup_stm32f10x_md.o(.text)
    EXTI1_IRQHandler                         0x0800011b   Thumb Code     0  startup_stm32f10x_md.o(.text)
    EXTI2_IRQHandler                         0x0800011b   Thumb Code     0  startup_stm32f10x_md.o(.text)
    EXTI3_IRQHandler                         0x0800011b   Thumb Code     0  startup_stm32f10x_md.o(.text)
    EXTI4_IRQHandler                         0x0800011b   Thumb Code     0  startup_stm32f10x_md.o(.text)
    EXTI9_5_IRQHandler                       0x0800011b   Thumb Code     0  startup_stm32f10x_md.o(.text)
    FLASH_IRQHandler                         0x0800011b   Thumb Code     0  startup_stm32f10x_md.o(.text)
    I2C1_ER_IRQHandler                       0x0800011b   Thumb Code     0  startup_stm32f10x_md.o(.text)
    I2C1_EV_IRQHandler                       0x0800011b   Thumb Code     0  startup_stm32f10x_md.o(.text)
    I2C2_ER_IRQHandler                       0x0800011b   Thumb Code     0  startup_stm32f10x_md.o(.text)
    I2C2_EV_IRQHandler                       0x0800011b   Thumb Code     0  startup_stm32f10x_md.o(.text)
    PVD_IRQHandler                           0x0800011b   Thumb Code     0  startup_stm32f10x_md.o(.text)
    RCC_IRQHandler                           0x0800011b   Thumb Code     0  startup_stm32f10x_md.o(.text)
    RTCAlarm_IRQHandler                      0x0800011b   Thumb Code     0  startup_stm32f10x_md.o(.text)
    RTC_IRQHandler                           0x0800011b   Thumb Code     0  startup_stm32f10x_md.o(.text)
    SPI1_IRQHandler                          0x0800011b   Thumb Code     0  startup_stm32f10x_md.o(.text)
    SPI2_IRQHandler                          0x0800011b   Thumb Code     0  startup_stm32f10x_md.o(.text)
    TAMPER_IRQHandler                        0x0800011b   Thumb Code     0  startup_stm32f10x_md.o(.text)
    TIM1_BRK_IRQHandler                      0x0800011b   Thumb Code     0  startup_stm32f10x_md.o(.text)
    TIM1_CC_IRQHandler                       0x0800011b   Thumb Code     0  startup_stm32f10x_md.o(.text)
    TIM1_TRG_COM_IRQHandler                  0x0800011b   Thumb Code     0  startup_stm32f10x_md.o(.text)
    TIM2_IRQHandler                          0x0800011b   Thumb Code     0  startup_stm32f10x_md.o(.text)
    TIM3_IRQHandler                          0x0800011b   Thumb Code     0  startup_stm32f10x_md.o(.text)
    TIM4_IRQHandler                          0x0800011b   Thumb Code     0  startup_stm32f10x_md.o(.text)
    USART2_IRQHandler                        0x0800011b   Thumb Code     0  startup_stm32f10x_md.o(.text)
    USBWakeUp_IRQHandler                     0x0800011b   Thumb Code     0  startup_stm32f10x_md.o(.text)
    USB_HP_CAN1_TX_IRQHandler                0x0800011b   Thumb Code     0  startup_stm32f10x_md.o(.text)
    USB_LP_CAN1_RX0_IRQHandler               0x0800011b   Thumb Code     0  startup_stm32f10x_md.o(.text)
    WWDG_IRQHandler                          0x0800011b   Thumb Code     0  startup_stm32f10x_md.o(.text)
    __aeabi_ldivmod                          0x08000125   Thumb Code    98  ldiv.o(.text)
    __aeabi_memset                           0x08000187   Thumb Code    14  memseta.o(.text)
    __aeabi_memset4                          0x08000187   Thumb Code     0  memseta.o(.text)
    __aeabi_memset8                          0x08000187   Thumb Code     0  memseta.o(.text)
    __aeabi_memclr                           0x08000195   Thumb Code     4  memseta.o(.text)
    __aeabi_memclr4                          0x08000195   Thumb Code     0  memseta.o(.text)
    __aeabi_memclr8                          0x08000195   Thumb Code     0  memseta.o(.text)
    _memset$wrapper                          0x08000199   Thumb Code    18  memseta.o(.text)
    memcmp                                   0x080001ab   Thumb Code    26  memcmp.o(.text)
    __aeabi_fadd                             0x080001c5   Thumb Code   164  fadd.o(.text)
    __aeabi_fsub                             0x08000269   Thumb Code     6  fadd.o(.text)
    __aeabi_frsub                            0x0800026f   Thumb Code     6  fadd.o(.text)
    __aeabi_fmul                             0x08000275   Thumb Code   100  fmul.o(.text)
    __aeabi_fdiv                             0x080002d9   Thumb Code   124  fdiv.o(.text)
    __aeabi_dmul                             0x08000355   Thumb Code   228  dmul.o(.text)
    __aeabi_ddiv                             0x08000439   Thumb Code   222  ddiv.o(.text)
    __aeabi_i2f                              0x08000517   Thumb Code    18  fflti.o(.text)
    __aeabi_ui2f                             0x08000529   Thumb Code    10  ffltui.o(.text)
    __aeabi_f2iz                             0x08000533   Thumb Code    50  ffixi.o(.text)
    __aeabi_f2uiz                            0x08000565   Thumb Code    40  ffixui.o(.text)
    __aeabi_f2d                              0x0800058d   Thumb Code    38  f2d.o(.text)
    __aeabi_d2f                              0x080005b3   Thumb Code    56  d2f.o(.text)
    __aeabi_cfcmpeq                          0x080005ed   Thumb Code     0  cfcmple.o(.text)
    __aeabi_cfcmple                          0x080005ed   Thumb Code    20  cfcmple.o(.text)
    __aeabi_cfrcmple                         0x08000601   Thumb Code    20  cfrcmple.o(.text)
    __aeabi_uldivmod                         0x08000615   Thumb Code    98  uldiv.o(.text)
    __I$use$fp                               0x08000677   Thumb Code     0  iusefp.o(.text)
    _float_round                             0x08000677   Thumb Code    18  fepilogue.o(.text)
    _float_epilogue                          0x08000689   Thumb Code    92  fepilogue.o(.text)
    _double_round                            0x080006e5   Thumb Code    30  depilogue.o(.text)
    _double_epilogue                         0x08000703   Thumb Code   156  depilogue.o(.text)
    __aeabi_dadd                             0x0800079f   Thumb Code   322  dadd.o(.text)
    __aeabi_dsub                             0x080008e1   Thumb Code     6  dadd.o(.text)
    __aeabi_drsub                            0x080008e7   Thumb Code     6  dadd.o(.text)
    __ARM_scalbn                             0x080008ed   Thumb Code    46  dscalb.o(.text)
    scalbn                                   0x080008ed   Thumb Code     0  dscalb.o(.text)
    __scatterload                            0x0800091d   Thumb Code    28  init.o(.text)
    __scatterload_rt2                        0x0800091d   Thumb Code     0  init.o(.text)
    __aeabi_llsl                             0x08000941   Thumb Code    30  llshl.o(.text)
    _ll_shift_l                              0x08000941   Thumb Code     0  llshl.o(.text)
    __aeabi_llsr                             0x0800095f   Thumb Code    32  llushr.o(.text)
    _ll_ushift_r                             0x0800095f   Thumb Code     0  llushr.o(.text)
    __aeabi_lasr                             0x0800097f   Thumb Code    36  llsshr.o(.text)
    _ll_sshift_r                             0x0800097f   Thumb Code     0  llsshr.o(.text)
    _dsqrt                                   0x080009a3   Thumb Code   162  dsqrt.o(.text)
    BusFault_Handler                         0x08000a45   Thumb Code     4  stm32f10x_it.o(i.BusFault_Handler)
    DebugMon_Handler                         0x08000a49   Thumb Code     2  stm32f10x_it.o(i.DebugMon_Handler)
    Delay_us                                 0x08000a4b   Thumb Code    46  delay.o(i.Delay_us)
    Encoder_Init                             0x08000a79   Thumb Code   158  encoder.o(i.Encoder_Init)
    GPIO_Init                                0x08000b21   Thumb Code   278  stm32f10x_gpio.o(i.GPIO_Init)
    GPIO_ReadInputDataBit                    0x08000c37   Thumb Code    18  stm32f10x_gpio.o(i.GPIO_ReadInputDataBit)
    GPIO_ResetBits                           0x08000c49   Thumb Code     4  stm32f10x_gpio.o(i.GPIO_ResetBits)
    GPIO_SetBits                             0x08000c4d   Thumb Code     4  stm32f10x_gpio.o(i.GPIO_SetBits)
    GPIO_WriteBit                            0x08000c51   Thumb Code    10  stm32f10x_gpio.o(i.GPIO_WriteBit)
    HardFault_Handler                        0x08000c5b   Thumb Code     4  stm32f10x_it.o(i.HardFault_Handler)
    MPU6050_IIC_Init                         0x08000c61   Thumb Code    48  myiic.o(i.MPU6050_IIC_Init)
    MPU6050_IIC_R_SDA                        0x08000c95   Thumb Code    24  myiic.o(i.MPU6050_IIC_R_SDA)
    MPU6050_IIC_ReceiveAck                   0x08000cb1   Thumb Code    30  myiic.o(i.MPU6050_IIC_ReceiveAck)
    MPU6050_IIC_ReceiveByte                  0x08000ccf   Thumb Code    52  myiic.o(i.MPU6050_IIC_ReceiveByte)
    MPU6050_IIC_SendAck                      0x08000d03   Thumb Code    24  myiic.o(i.MPU6050_IIC_SendAck)
    MPU6050_IIC_SendByte                     0x08000d1b   Thumb Code    42  myiic.o(i.MPU6050_IIC_SendByte)
    MPU6050_IIC_Start                        0x08000d45   Thumb Code    28  myiic.o(i.MPU6050_IIC_Start)
    MPU6050_IIC_Stop                         0x08000d61   Thumb Code    22  myiic.o(i.MPU6050_IIC_Stop)
    MPU6050_IIC_W_SCL                        0x08000d79   Thumb Code    24  myiic.o(i.MPU6050_IIC_W_SCL)
    MPU6050_IIC_W_SDA                        0x08000d95   Thumb Code    24  myiic.o(i.MPU6050_IIC_W_SDA)
    MPU6050_Init                             0x08000db1   Thumb Code   106  mpu6050.o(i.MPU6050_Init)
    MPU6050_ReadReg_Str                      0x08000e1b   Thumb Code   108  mpu6050.o(i.MPU6050_ReadReg_Str)
    MPU6050_WriteReg_Byte                    0x08000e87   Thumb Code    46  mpu6050.o(i.MPU6050_WriteReg_Byte)
    MPU6050_WriteReg_Str                     0x08000eb5   Thumb Code    76  mpu6050.o(i.MPU6050_WriteReg_Str)
    MPU_Set_LPF                              0x08000f01   Thumb Code    58  mpu6050.o(i.MPU_Set_LPF)
    MPU_Set_Rate                             0x08000f3b   Thumb Code    56  mpu6050.o(i.MPU_Set_Rate)
    MemManage_Handler                        0x08000f73   Thumb Code     4  stm32f10x_it.o(i.MemManage_Handler)
    Motor_GPIO_Init                          0x08000f79   Thumb Code    84  motor.o(i.Motor_GPIO_Init)
    Motor_PWM_Init                           0x08000fd5   Thumb Code    18  motor.o(i.Motor_PWM_Init)
    Motor_SpeedSet_Vertical                  0x08000fe9   Thumb Code   106  motor.o(i.Motor_SpeedSet_Vertical)
    NMI_Handler                              0x0800105d   Thumb Code     2  stm32f10x_it.o(i.NMI_Handler)
    NVIC_Init                                0x08001061   Thumb Code   100  misc.o(i.NVIC_Init)
    NVIC_PriorityGroupConfig                 0x080010d1   Thumb Code    10  misc.o(i.NVIC_PriorityGroupConfig)
    OLED_Clear                               0x080010e5   Thumb Code    42  oled.o(i.OLED_Clear)
    OLED_I2C_Init                            0x08001111   Thumb Code    72  oled.o(i.OLED_I2C_Init)
    OLED_I2C_SendByte                        0x0800115d   Thumb Code    74  oled.o(i.OLED_I2C_SendByte)
    OLED_I2C_Start                           0x080011ad   Thumb Code    44  oled.o(i.OLED_I2C_Start)
    OLED_I2C_Stop                            0x080011dd   Thumb Code    34  oled.o(i.OLED_I2C_Stop)
    OLED_Init                                0x08001205   Thumb Code   174  oled.o(i.OLED_Init)
    OLED_Pow                                 0x080012b3   Thumb Code    20  oled.o(i.OLED_Pow)
    OLED_SetCursor                           0x080012c7   Thumb Code    34  oled.o(i.OLED_SetCursor)
    OLED_ShowChar                            0x080012e9   Thumb Code   110  oled.o(i.OLED_ShowChar)
    OLED_ShowSignedNum                       0x0800135d   Thumb Code   102  oled.o(i.OLED_ShowSignedNum)
    OLED_ShowString                          0x080013c3   Thumb Code    40  oled.o(i.OLED_ShowString)
    OLED_WriteCommand                        0x080013eb   Thumb Code    32  oled.o(i.OLED_WriteCommand)
    OLED_WriteData                           0x0800140b   Thumb Code    32  oled.o(i.OLED_WriteData)
    PendSV_Handler                           0x0800142b   Thumb Code     2  stm32f10x_it.o(i.PendSV_Handler)
    RCC_APB1PeriphClockCmd                   0x0800142d   Thumb Code    26  stm32f10x_rcc.o(i.RCC_APB1PeriphClockCmd)
    RCC_APB2PeriphClockCmd                   0x0800144d   Thumb Code    26  stm32f10x_rcc.o(i.RCC_APB2PeriphClockCmd)
    RCC_GetClocksFreq                        0x0800146d   Thumb Code   192  stm32f10x_rcc.o(i.RCC_GetClocksFreq)
    SVC_Handler                              0x08001541   Thumb Code     2  stm32f10x_it.o(i.SVC_Handler)
    SysTick_Handler                          0x0800162d   Thumb Code     2  stm32f10x_it.o(i.SysTick_Handler)
    SystemInit                               0x08001631   Thumb Code    78  system_stm32f10x.o(i.SystemInit)
    TIM1_Init                                0x080018d1   Thumb Code   106  timer.o(i.TIM1_Init)
    TIM1_UP_IRQHandler                       0x08001941   Thumb Code    70  main.o(i.TIM1_UP_IRQHandler)
    TIM2_PWM_Init                            0x080019a1   Thumb Code   118  pwm.o(i.TIM2_PWM_Init)
    TIM_ARRPreloadConfig                     0x08001a17   Thumb Code    24  stm32f10x_tim.o(i.TIM_ARRPreloadConfig)
    TIM_ClearITPendingBit                    0x08001a2f   Thumb Code     6  stm32f10x_tim.o(i.TIM_ClearITPendingBit)
    TIM_Cmd                                  0x08001a35   Thumb Code    24  stm32f10x_tim.o(i.TIM_Cmd)
    TIM_EncoderInterfaceConfig               0x08001a4d   Thumb Code    66  stm32f10x_tim.o(i.TIM_EncoderInterfaceConfig)
    TIM_GetITStatus                          0x08001a8f   Thumb Code    34  stm32f10x_tim.o(i.TIM_GetITStatus)
    TIM_ICInit                               0x08001ab1   Thumb Code   150  stm32f10x_tim.o(i.TIM_ICInit)
    TIM_ICStructInit                         0x08001b5d   Thumb Code    18  stm32f10x_tim.o(i.TIM_ICStructInit)
    TIM_ITConfig                             0x08001b6f   Thumb Code    18  stm32f10x_tim.o(i.TIM_ITConfig)
    TIM_InternalClockConfig                  0x08001b81   Thumb Code    12  stm32f10x_tim.o(i.TIM_InternalClockConfig)
    TIM_OC3Init                              0x08001b8d   Thumb Code   150  stm32f10x_tim.o(i.TIM_OC3Init)
    TIM_OC3PreloadConfig                     0x08001c2d   Thumb Code    18  stm32f10x_tim.o(i.TIM_OC3PreloadConfig)
    TIM_OC4Init                              0x08001c41   Thumb Code   114  stm32f10x_tim.o(i.TIM_OC4Init)
    TIM_OC4PreloadConfig                     0x08001cbd   Thumb Code    26  stm32f10x_tim.o(i.TIM_OC4PreloadConfig)
    TIM_SetCompare3                          0x08001cd7   Thumb Code     4  stm32f10x_tim.o(i.TIM_SetCompare3)
    TIM_SetCompare4                          0x08001cdb   Thumb Code     6  stm32f10x_tim.o(i.TIM_SetCompare4)
    TIM_SetIC1Prescaler                      0x08001ce1   Thumb Code    18  stm32f10x_tim.o(i.TIM_SetIC1Prescaler)
    TIM_SetIC2Prescaler                      0x08001cf3   Thumb Code    26  stm32f10x_tim.o(i.TIM_SetIC2Prescaler)
    TIM_SetIC3Prescaler                      0x08001d0d   Thumb Code    18  stm32f10x_tim.o(i.TIM_SetIC3Prescaler)
    TIM_SetIC4Prescaler                      0x08001d1f   Thumb Code    26  stm32f10x_tim.o(i.TIM_SetIC4Prescaler)
    TIM_TimeBaseInit                         0x08001d39   Thumb Code   122  stm32f10x_tim.o(i.TIM_TimeBaseInit)
    USART1_IRQHandler                        0x08001ddd   Thumb Code    28  serial.o(i.USART1_IRQHandler)
    USART3_IRQHandler                        0x08001dfd   Thumb Code    28  serial.o(i.USART3_IRQHandler)
    USART3_Init                              0x08001e1d   Thumb Code   168  serial.o(i.USART3_Init)
    USART_ClearITPendingBit                  0x08001ecd   Thumb Code    30  stm32f10x_usart.o(i.USART_ClearITPendingBit)
    USART_Cmd                                0x08001eeb   Thumb Code    24  stm32f10x_usart.o(i.USART_Cmd)
    USART_GetITStatus                        0x08001f03   Thumb Code    84  stm32f10x_usart.o(i.USART_GetITStatus)
    USART_ITConfig                           0x08001f57   Thumb Code    74  stm32f10x_usart.o(i.USART_ITConfig)
    USART_Init                               0x08001fa1   Thumb Code   210  stm32f10x_usart.o(i.USART_Init)
    UsageFault_Handler                       0x08002079   Thumb Code     4  stm32f10x_it.o(i.UsageFault_Handler)
    Vertical_PID                             0x0800207d   Thumb Code   108  pid.o(i.Vertical_PID)
    Vertical_PID_Init                        0x080020ed   Thumb Code    14  pid.o(i.Vertical_PID_Init)
    __ARM_fpclassify                         0x08002105   Thumb Code    40  fpclassify.o(i.__ARM_fpclassify)
    __kernel_poly                            0x0800212d   Thumb Code   170  poly.o(i.__kernel_poly)
    __mathlib_dbl_infnan                     0x080021d7   Thumb Code     6  dunder.o(i.__mathlib_dbl_infnan)
    __mathlib_dbl_infnan2                    0x080021dd   Thumb Code     4  dunder.o(i.__mathlib_dbl_infnan2)
    __mathlib_dbl_invalid                    0x080021e1   Thumb Code    12  dunder.o(i.__mathlib_dbl_invalid)
    __mathlib_dbl_underflow                  0x080021ed   Thumb Code    10  dunder.o(i.__mathlib_dbl_underflow)
    __scatterload_copy                       0x080021fd   Thumb Code    14  handlers.o(i.__scatterload_copy)
    __scatterload_null                       0x0800220b   Thumb Code     2  handlers.o(i.__scatterload_null)
    __scatterload_zeroinit                   0x0800220d   Thumb Code    14  handlers.o(i.__scatterload_zeroinit)
    __set_errno                              0x0800221d   Thumb Code     6  errno.o(i.__set_errno)
    asin                                     0x080022d1   Thumb Code   572  asin.o(i.asin)
    atan                                     0x08002541   Thumb Code   474  atan.o(i.atan)
    atan2                                    0x08002761   Thumb Code   346  atan2.o(i.atan2)
    delay_ms                                 0x08002945   Thumb Code    24  delay.o(i.delay_ms)
    dmp_enable_6x_lp_quat                    0x0800295d   Thumb Code    60  inv_mpu_dmp_motion_driver.o(i.dmp_enable_6x_lp_quat)
    dmp_enable_feature                       0x08002999   Thumb Code   530  inv_mpu_dmp_motion_driver.o(i.dmp_enable_feature)
    dmp_enable_gyro_cal                      0x08002bb5   Thumb Code    62  inv_mpu_dmp_motion_driver.o(i.dmp_enable_gyro_cal)
    dmp_enable_lp_quat                       0x08002c0d   Thumb Code    60  inv_mpu_dmp_motion_driver.o(i.dmp_enable_lp_quat)
    dmp_load_motion_driver_firmware          0x08002c49   Thumb Code    20  inv_mpu_dmp_motion_driver.o(i.dmp_load_motion_driver_firmware)
    dmp_read_fifo                            0x08002c61   Thumb Code   456  inv_mpu_dmp_motion_driver.o(i.dmp_read_fifo)
    dmp_set_accel_bias                       0x08002e2d   Thumb Code   302  inv_mpu_dmp_motion_driver.o(i.dmp_set_accel_bias)
    dmp_set_fifo_rate                        0x08002f61   Thumb Code    96  inv_mpu_dmp_motion_driver.o(i.dmp_set_fifo_rate)
    dmp_set_gyro_bias                        0x08002fd1   Thumb Code   294  inv_mpu_dmp_motion_driver.o(i.dmp_set_gyro_bias)
    dmp_set_orientation                      0x08003101   Thumb Code   290  inv_mpu_dmp_motion_driver.o(i.dmp_set_orientation)
    dmp_set_shake_reject_thresh              0x08003239   Thumb Code    56  inv_mpu_dmp_motion_driver.o(i.dmp_set_shake_reject_thresh)
    dmp_set_shake_reject_time                0x08003271   Thumb Code    38  inv_mpu_dmp_motion_driver.o(i.dmp_set_shake_reject_time)
    dmp_set_shake_reject_timeout             0x08003297   Thumb Code    38  inv_mpu_dmp_motion_driver.o(i.dmp_set_shake_reject_timeout)
    dmp_set_tap_axes                         0x080032bd   Thumb Code    70  inv_mpu_dmp_motion_driver.o(i.dmp_set_tap_axes)
    dmp_set_tap_count                        0x08003303   Thumb Code    38  inv_mpu_dmp_motion_driver.o(i.dmp_set_tap_count)
    dmp_set_tap_thresh                       0x08003329   Thumb Code   396  inv_mpu_dmp_motion_driver.o(i.dmp_set_tap_thresh)
    dmp_set_tap_time                         0x080034c9   Thumb Code    38  inv_mpu_dmp_motion_driver.o(i.dmp_set_tap_time)
    dmp_set_tap_time_multi                   0x080034ef   Thumb Code    38  inv_mpu_dmp_motion_driver.o(i.dmp_set_tap_time_multi)
    inv_orientation_matrix_to_scalar         0x08003b49   Thumb Code    40  inv_mpu.o(i.inv_orientation_matrix_to_scalar)
    inv_row_2_scale                          0x08003b71   Thumb Code    78  inv_mpu.o(i.inv_row_2_scale)
    main                                     0x08003bc1   Thumb Code   256  main.o(i.main)
    mget_ms                                  0x08003d05   Thumb Code     2  inv_mpu.o(i.mget_ms)
    mpu_configure_fifo                       0x08003d09   Thumb Code   106  inv_mpu.o(i.mpu_configure_fifo)
    mpu_dmp_get_data                         0x08003d79   Thumb Code   554  inv_mpu.o(i.mpu_dmp_get_data)
    mpu_dmp_init                             0x08003fad   Thumb Code   154  inv_mpu.o(i.mpu_dmp_init)
    mpu_get_accel_fsr                        0x0800404d   Thumb Code    72  inv_mpu.o(i.mpu_get_accel_fsr)
    mpu_get_accel_sens                       0x08004099   Thumb Code    78  inv_mpu.o(i.mpu_get_accel_sens)
    mpu_get_fifo_config                      0x080040ed   Thumb Code    12  inv_mpu.o(i.mpu_get_fifo_config)
    mpu_get_gyro_fsr                         0x080040fd   Thumb Code    64  inv_mpu.o(i.mpu_get_gyro_fsr)
    mpu_get_gyro_sens                        0x08004141   Thumb Code    58  inv_mpu.o(i.mpu_get_gyro_sens)
    mpu_get_lpf                              0x08004191   Thumb Code    74  inv_mpu.o(i.mpu_get_lpf)
    mpu_get_sample_rate                      0x080041e1   Thumb Code    26  inv_mpu.o(i.mpu_get_sample_rate)
    mpu_init                                 0x08004201   Thumb Code   408  inv_mpu.o(i.mpu_init)
    mpu_load_firmware                        0x0800439d   Thumb Code   180  inv_mpu.o(i.mpu_load_firmware)
    mpu_lp_accel_mode                        0x08004455   Thumb Code   218  inv_mpu.o(i.mpu_lp_accel_mode)
    mpu_read_fifo_stream                     0x08004535   Thumb Code   186  inv_mpu.o(i.mpu_read_fifo_stream)
    mpu_read_mem                             0x080045f5   Thumb Code   122  inv_mpu.o(i.mpu_read_mem)
    mpu_reset_fifo                           0x08004675   Thumb Code   450  inv_mpu.o(i.mpu_reset_fifo)
    mpu_run_self_test                        0x0800483d   Thumb Code   278  inv_mpu.o(i.mpu_run_self_test)
    mpu_set_accel_fsr                        0x08004959   Thumb Code   126  inv_mpu.o(i.mpu_set_accel_fsr)
    mpu_set_bypass                           0x080049dd   Thumb Code   328  inv_mpu.o(i.mpu_set_bypass)
    mpu_set_dmp_state                        0x08004b29   Thumb Code   138  inv_mpu.o(i.mpu_set_dmp_state)
    mpu_set_gyro_fsr                         0x08004bb9   Thumb Code   132  inv_mpu.o(i.mpu_set_gyro_fsr)
    mpu_set_int_latched                      0x08004c41   Thumb Code   102  inv_mpu.o(i.mpu_set_int_latched)
    mpu_set_lpf                              0x08004cad   Thumb Code   126  inv_mpu.o(i.mpu_set_lpf)
    mpu_set_sample_rate                      0x08004d31   Thumb Code   152  inv_mpu.o(i.mpu_set_sample_rate)
    mpu_set_sensors                          0x08004dcd   Thumb Code   202  inv_mpu.o(i.mpu_set_sensors)
    mpu_write_mem                            0x08004e9d   Thumb Code   122  inv_mpu.o(i.mpu_write_mem)
    run_self_test                            0x08004f1d   Thumb Code   148  inv_mpu.o(i.run_self_test)
    sqrt                                     0x08005041   Thumb Code    76  sqrt.o(i.sqrt)
    OLED_F8x16                               0x0800508c   Data        1520  oled.o(.constdata)
    reg                                      0x0800567c   Data          27  inv_mpu.o(.constdata)
    hw                                       0x08005698   Data          12  inv_mpu.o(.constdata)
    test                                     0x080056a4   Data          40  inv_mpu.o(.constdata)
    __mathlib_zero                           0x080063b0   Data           8  qnan.o(.constdata)
    Region$$Table$$Base                      0x080063b8   Number         0  anon$$obj.o(Region$$Table)
    Region$$Table$$Limit                     0x080063d8   Number         0  anon$$obj.o(Region$$Table)
    num_counter_pwm                          0x20000014   Data           4  motor.o(.data)
    num_conuter                              0x20000050   Data           4  inv_mpu.o(.data)
    PWM1                                     0x20000054   Data           4  main.o(.data)
    PWM2                                     0x20000058   Data           4  main.o(.data)
    PWM_F                                    0x2000005c   Data           4  main.o(.data)
    PWM_ALL                                  0x20000060   Data           4  main.o(.data)
    PWM_V                                    0x20000064   Data           4  main.o(.data)
    Speed                                    0x20000068   Data           4  main.o(.data)
    measure                                  0x2000006c   Data           4  main.o(.data)
    calcu                                    0x20000070   Data           4  main.o(.data)
    Motor_Flag                               0x20000074   Data           1  main.o(.data)
    number                                   0x20000078   Data           4  main.o(.data)
    KeyNum                                   0x2000007c   Data           1  main.o(.data)
    Pitch                                    0x20000080   Data           4  main.o(.data)
    Roll                                     0x20000084   Data           4  main.o(.data)
    Yaw                                      0x20000088   Data           4  main.o(.data)
    gx                                       0x2000008c   Data           2  main.o(.data)
    gy                                       0x2000008e   Data           2  main.o(.data)
    gz                                       0x20000090   Data           2  main.o(.data)
    ax                                       0x20000092   Data           2  main.o(.data)
    ay                                       0x20000094   Data           2  main.o(.data)
    az                                       0x20000096   Data           2  main.o(.data)
    PWM_Flag                                 0x20000098   Data           1  main.o(.data)
    Vertical                                 0x200000a0   Data          40  pid.o(.bss)
    __initial_sp                             0x200004d8   Data           0  startup_stm32f10x_md.o(STACK)



==============================================================================

Memory Map of the image

  Image Entry point : 0x080000ed

  Load Region LR_IROM1 (Base: 0x08000000, Size: 0x00006478, Max: 0x00010000, ABSOLUTE)

    Execution Region ER_IROM1 (Exec base: 0x08000000, Load base: 0x08000000, Size: 0x000063d8, Max: 0x00010000, ABSOLUTE)

    Exec Addr    Load Addr    Size         Type   Attr      Idx    E Section Name        Object

    0x08000000   0x08000000   0x000000ec   Data   RO            3    RESET               startup_stm32f10x_md.o
    0x080000ec   0x080000ec   0x00000000   Code   RO         4291  * .ARM.Collect$$$$00000000  mc_w.l(entry.o)
    0x080000ec   0x080000ec   0x00000004   Code   RO         4393    .ARM.Collect$$$$00000001  mc_w.l(entry2.o)
    0x080000f0   0x080000f0   0x00000004   Code   RO         4396    .ARM.Collect$$$$00000004  mc_w.l(entry5.o)
    0x080000f4   0x080000f4   0x00000000   Code   RO         4398    .ARM.Collect$$$$00000008  mc_w.l(entry7b.o)
    0x080000f4   0x080000f4   0x00000000   Code   RO         4400    .ARM.Collect$$$$0000000A  mc_w.l(entry8b.o)
    0x080000f4   0x080000f4   0x00000008   Code   RO         4401    .ARM.Collect$$$$0000000B  mc_w.l(entry9a.o)
    0x080000fc   0x080000fc   0x00000000   Code   RO         4403    .ARM.Collect$$$$0000000D  mc_w.l(entry10a.o)
    0x080000fc   0x080000fc   0x00000000   Code   RO         4405    .ARM.Collect$$$$0000000F  mc_w.l(entry11a.o)
    0x080000fc   0x080000fc   0x00000004   Code   RO         4394    .ARM.Collect$$$$00002712  mc_w.l(entry2.o)
    0x08000100   0x08000100   0x00000024   Code   RO            4    .text               startup_stm32f10x_md.o
    0x08000124   0x08000124   0x00000062   Code   RO         4294    .text               mc_w.l(ldiv.o)
    0x08000186   0x08000186   0x00000024   Code   RO         4296    .text               mc_w.l(memseta.o)
    0x080001aa   0x080001aa   0x0000001a   Code   RO         4298    .text               mc_w.l(memcmp.o)
    0x080001c4   0x080001c4   0x000000b0   Code   RO         4328    .text               mf_w.l(fadd.o)
    0x08000274   0x08000274   0x00000064   Code   RO         4330    .text               mf_w.l(fmul.o)
    0x080002d8   0x080002d8   0x0000007c   Code   RO         4332    .text               mf_w.l(fdiv.o)
    0x08000354   0x08000354   0x000000e4   Code   RO         4334    .text               mf_w.l(dmul.o)
    0x08000438   0x08000438   0x000000de   Code   RO         4336    .text               mf_w.l(ddiv.o)
    0x08000516   0x08000516   0x00000012   Code   RO         4338    .text               mf_w.l(fflti.o)
    0x08000528   0x08000528   0x0000000a   Code   RO         4340    .text               mf_w.l(ffltui.o)
    0x08000532   0x08000532   0x00000032   Code   RO         4344    .text               mf_w.l(ffixi.o)
    0x08000564   0x08000564   0x00000028   Code   RO         4346    .text               mf_w.l(ffixui.o)
    0x0800058c   0x0800058c   0x00000026   Code   RO         4348    .text               mf_w.l(f2d.o)
    0x080005b2   0x080005b2   0x00000038   Code   RO         4350    .text               mf_w.l(d2f.o)
    0x080005ea   0x080005ea   0x00000002   PAD
    0x080005ec   0x080005ec   0x00000014   Code   RO         4352    .text               mf_w.l(cfcmple.o)
    0x08000600   0x08000600   0x00000014   Code   RO         4354    .text               mf_w.l(cfrcmple.o)
    0x08000614   0x08000614   0x00000062   Code   RO         4410    .text               mc_w.l(uldiv.o)
    0x08000676   0x08000676   0x00000000   Code   RO         4419    .text               mc_w.l(iusefp.o)
    0x08000676   0x08000676   0x0000006e   Code   RO         4420    .text               mf_w.l(fepilogue.o)
    0x080006e4   0x080006e4   0x000000ba   Code   RO         4422    .text               mf_w.l(depilogue.o)
    0x0800079e   0x0800079e   0x0000014e   Code   RO         4424    .text               mf_w.l(dadd.o)
    0x080008ec   0x080008ec   0x0000002e   Code   RO         4426    .text               mf_w.l(dscalb.o)
    0x0800091a   0x0800091a   0x00000002   PAD
    0x0800091c   0x0800091c   0x00000024   Code   RO         4432    .text               mc_w.l(init.o)
    0x08000940   0x08000940   0x0000001e   Code   RO         4434    .text               mc_w.l(llshl.o)
    0x0800095e   0x0800095e   0x00000020   Code   RO         4436    .text               mc_w.l(llushr.o)
    0x0800097e   0x0800097e   0x00000024   Code   RO         4438    .text               mc_w.l(llsshr.o)
    0x080009a2   0x080009a2   0x000000a2   Code   RO         4440    .text               mf_w.l(dsqrt.o)
    0x08000a44   0x08000a44   0x00000004   Code   RO         4210    i.BusFault_Handler  stm32f10x_it.o
    0x08000a48   0x08000a48   0x00000002   Code   RO         4211    i.DebugMon_Handler  stm32f10x_it.o
    0x08000a4a   0x08000a4a   0x0000002e   Code   RO         3110    i.Delay_us          delay.o
    0x08000a78   0x08000a78   0x000000a8   Code   RO         3164    i.Encoder_Init      encoder.o
    0x08000b20   0x08000b20   0x00000116   Code   RO         1292    i.GPIO_Init         stm32f10x_gpio.o
    0x08000c36   0x08000c36   0x00000012   Code   RO         1296    i.GPIO_ReadInputDataBit  stm32f10x_gpio.o
    0x08000c48   0x08000c48   0x00000004   Code   RO         1299    i.GPIO_ResetBits    stm32f10x_gpio.o
    0x08000c4c   0x08000c4c   0x00000004   Code   RO         1300    i.GPIO_SetBits      stm32f10x_gpio.o
    0x08000c50   0x08000c50   0x0000000a   Code   RO         1303    i.GPIO_WriteBit     stm32f10x_gpio.o
    0x08000c5a   0x08000c5a   0x00000004   Code   RO         4212    i.HardFault_Handler  stm32f10x_it.o
    0x08000c5e   0x08000c5e   0x00000002   PAD
    0x08000c60   0x08000c60   0x00000034   Code   RO         3572    i.MPU6050_IIC_Init  myiic.o
    0x08000c94   0x08000c94   0x0000001c   Code   RO         3573    i.MPU6050_IIC_R_SDA  myiic.o
    0x08000cb0   0x08000cb0   0x0000001e   Code   RO         3574    i.MPU6050_IIC_ReceiveAck  myiic.o
    0x08000cce   0x08000cce   0x00000034   Code   RO         3575    i.MPU6050_IIC_ReceiveByte  myiic.o
    0x08000d02   0x08000d02   0x00000018   Code   RO         3576    i.MPU6050_IIC_SendAck  myiic.o
    0x08000d1a   0x08000d1a   0x0000002a   Code   RO         3577    i.MPU6050_IIC_SendByte  myiic.o
    0x08000d44   0x08000d44   0x0000001c   Code   RO         3578    i.MPU6050_IIC_Start  myiic.o
    0x08000d60   0x08000d60   0x00000016   Code   RO         3579    i.MPU6050_IIC_Stop  myiic.o
    0x08000d76   0x08000d76   0x00000002   PAD
    0x08000d78   0x08000d78   0x0000001c   Code   RO         3580    i.MPU6050_IIC_W_SCL  myiic.o
    0x08000d94   0x08000d94   0x0000001c   Code   RO         3581    i.MPU6050_IIC_W_SDA  myiic.o
    0x08000db0   0x08000db0   0x0000006a   Code   RO         3487    i.MPU6050_Init      mpu6050.o
    0x08000e1a   0x08000e1a   0x0000006c   Code   RO         3489    i.MPU6050_ReadReg_Str  mpu6050.o
    0x08000e86   0x08000e86   0x0000002e   Code   RO         3490    i.MPU6050_WriteReg_Byte  mpu6050.o
    0x08000eb4   0x08000eb4   0x0000004c   Code   RO         3491    i.MPU6050_WriteReg_Str  mpu6050.o
    0x08000f00   0x08000f00   0x0000003a   Code   RO         3492    i.MPU_Set_LPF       mpu6050.o
    0x08000f3a   0x08000f3a   0x00000038   Code   RO         3493    i.MPU_Set_Rate      mpu6050.o
    0x08000f72   0x08000f72   0x00000004   Code   RO         4213    i.MemManage_Handler  stm32f10x_it.o
    0x08000f76   0x08000f76   0x00000002   PAD
    0x08000f78   0x08000f78   0x0000005c   Code   RO         3207    i.Motor_GPIO_Init   motor.o
    0x08000fd4   0x08000fd4   0x00000012   Code   RO         3208    i.Motor_PWM_Init    motor.o
    0x08000fe6   0x08000fe6   0x00000002   PAD
    0x08000fe8   0x08000fe8   0x00000074   Code   RO         3209    i.Motor_SpeedSet_Vertical  motor.o
    0x0800105c   0x0800105c   0x00000002   Code   RO         4214    i.NMI_Handler       stm32f10x_it.o
    0x0800105e   0x0800105e   0x00000002   PAD
    0x08001060   0x08001060   0x00000070   Code   RO          137    i.NVIC_Init         misc.o
    0x080010d0   0x080010d0   0x00000014   Code   RO          138    i.NVIC_PriorityGroupConfig  misc.o
    0x080010e4   0x080010e4   0x0000002a   Code   RO         3246    i.OLED_Clear        oled.o
    0x0800110e   0x0800110e   0x00000002   PAD
    0x08001110   0x08001110   0x0000004c   Code   RO         3248    i.OLED_I2C_Init     oled.o
    0x0800115c   0x0800115c   0x00000050   Code   RO         3249    i.OLED_I2C_SendByte  oled.o
    0x080011ac   0x080011ac   0x00000030   Code   RO         3250    i.OLED_I2C_Start    oled.o
    0x080011dc   0x080011dc   0x00000028   Code   RO         3251    i.OLED_I2C_Stop     oled.o
    0x08001204   0x08001204   0x000000ae   Code   RO         3252    i.OLED_Init         oled.o
    0x080012b2   0x080012b2   0x00000014   Code   RO         3253    i.OLED_Pow          oled.o
    0x080012c6   0x080012c6   0x00000022   Code   RO         3254    i.OLED_SetCursor    oled.o
    0x080012e8   0x080012e8   0x00000074   Code   RO         3256    i.OLED_ShowChar     oled.o
    0x0800135c   0x0800135c   0x00000066   Code   RO         3260    i.OLED_ShowSignedNum  oled.o
    0x080013c2   0x080013c2   0x00000028   Code   RO         3261    i.OLED_ShowString   oled.o
    0x080013ea   0x080013ea   0x00000020   Code   RO         3262    i.OLED_WriteCommand  oled.o
    0x0800140a   0x0800140a   0x00000020   Code   RO         3263    i.OLED_WriteData    oled.o
    0x0800142a   0x0800142a   0x00000002   Code   RO         4215    i.PendSV_Handler    stm32f10x_it.o
    0x0800142c   0x0800142c   0x00000020   Code   RO         1708    i.RCC_APB1PeriphClockCmd  stm32f10x_rcc.o
    0x0800144c   0x0800144c   0x00000020   Code   RO         1710    i.RCC_APB2PeriphClockCmd  stm32f10x_rcc.o
    0x0800146c   0x0800146c   0x000000d4   Code   RO         1718    i.RCC_GetClocksFreq  stm32f10x_rcc.o
    0x08001540   0x08001540   0x00000002   Code   RO         4216    i.SVC_Handler       stm32f10x_it.o
    0x08001542   0x08001542   0x00000008   Code   RO           24    i.SetSysClock       system_stm32f10x.o
    0x0800154a   0x0800154a   0x00000002   PAD
    0x0800154c   0x0800154c   0x000000e0   Code   RO           25    i.SetSysClockTo72   system_stm32f10x.o
    0x0800162c   0x0800162c   0x00000002   Code   RO         4217    i.SysTick_Handler   stm32f10x_it.o
    0x0800162e   0x0800162e   0x00000002   PAD
    0x08001630   0x08001630   0x00000060   Code   RO           27    i.SystemInit        system_stm32f10x.o
    0x08001690   0x08001690   0x00000080   Code   RO         2326    i.TI1_Config        stm32f10x_tim.o
    0x08001710   0x08001710   0x00000098   Code   RO         2327    i.TI2_Config        stm32f10x_tim.o
    0x080017a8   0x080017a8   0x00000090   Code   RO         2328    i.TI3_Config        stm32f10x_tim.o
    0x08001838   0x08001838   0x00000098   Code   RO         2329    i.TI4_Config        stm32f10x_tim.o
    0x080018d0   0x080018d0   0x00000070   Code   RO         3150    i.TIM1_Init         timer.o
    0x08001940   0x08001940   0x00000060   Code   RO         4160    i.TIM1_UP_IRQHandler  main.o
    0x080019a0   0x080019a0   0x00000076   Code   RO         3367    i.TIM2_PWM_Init     pwm.o
    0x08001a16   0x08001a16   0x00000018   Code   RO         2330    i.TIM_ARRPreloadConfig  stm32f10x_tim.o
    0x08001a2e   0x08001a2e   0x00000006   Code   RO         2337    i.TIM_ClearITPendingBit  stm32f10x_tim.o
    0x08001a34   0x08001a34   0x00000018   Code   RO         2342    i.TIM_Cmd           stm32f10x_tim.o
    0x08001a4c   0x08001a4c   0x00000042   Code   RO         2351    i.TIM_EncoderInterfaceConfig  stm32f10x_tim.o
    0x08001a8e   0x08001a8e   0x00000022   Code   RO         2363    i.TIM_GetITStatus   stm32f10x_tim.o
    0x08001ab0   0x08001ab0   0x000000ac   Code   RO         2365    i.TIM_ICInit        stm32f10x_tim.o
    0x08001b5c   0x08001b5c   0x00000012   Code   RO         2366    i.TIM_ICStructInit  stm32f10x_tim.o
    0x08001b6e   0x08001b6e   0x00000012   Code   RO         2367    i.TIM_ITConfig      stm32f10x_tim.o
    0x08001b80   0x08001b80   0x0000000c   Code   RO         2369    i.TIM_InternalClockConfig  stm32f10x_tim.o
    0x08001b8c   0x08001b8c   0x000000a0   Code   RO         2381    i.TIM_OC3Init       stm32f10x_tim.o
    0x08001c2c   0x08001c2c   0x00000012   Code   RO         2384    i.TIM_OC3PreloadConfig  stm32f10x_tim.o
    0x08001c3e   0x08001c3e   0x00000002   PAD
    0x08001c40   0x08001c40   0x0000007c   Code   RO         2386    i.TIM_OC4Init       stm32f10x_tim.o
    0x08001cbc   0x08001cbc   0x0000001a   Code   RO         2388    i.TIM_OC4PreloadConfig  stm32f10x_tim.o
    0x08001cd6   0x08001cd6   0x00000004   Code   RO         2405    i.TIM_SetCompare3   stm32f10x_tim.o
    0x08001cda   0x08001cda   0x00000006   Code   RO         2406    i.TIM_SetCompare4   stm32f10x_tim.o
    0x08001ce0   0x08001ce0   0x00000012   Code   RO         2408    i.TIM_SetIC1Prescaler  stm32f10x_tim.o
    0x08001cf2   0x08001cf2   0x0000001a   Code   RO         2409    i.TIM_SetIC2Prescaler  stm32f10x_tim.o
    0x08001d0c   0x08001d0c   0x00000012   Code   RO         2410    i.TIM_SetIC3Prescaler  stm32f10x_tim.o
    0x08001d1e   0x08001d1e   0x0000001a   Code   RO         2411    i.TIM_SetIC4Prescaler  stm32f10x_tim.o
    0x08001d38   0x08001d38   0x000000a4   Code   RO         2413    i.TIM_TimeBaseInit  stm32f10x_tim.o
    0x08001ddc   0x08001ddc   0x00000020   Code   RO         3386    i.USART1_IRQHandler  serial.o
    0x08001dfc   0x08001dfc   0x00000020   Code   RO         3387    i.USART3_IRQHandler  serial.o
    0x08001e1c   0x08001e1c   0x000000b0   Code   RO         3388    i.USART3_Init       serial.o
    0x08001ecc   0x08001ecc   0x0000001e   Code   RO         2875    i.USART_ClearITPendingBit  stm32f10x_usart.o
    0x08001eea   0x08001eea   0x00000018   Code   RO         2878    i.USART_Cmd         stm32f10x_usart.o
    0x08001f02   0x08001f02   0x00000054   Code   RO         2882    i.USART_GetITStatus  stm32f10x_usart.o
    0x08001f56   0x08001f56   0x0000004a   Code   RO         2884    i.USART_ITConfig    stm32f10x_usart.o
    0x08001fa0   0x08001fa0   0x000000d8   Code   RO         2885    i.USART_Init        stm32f10x_usart.o
    0x08002078   0x08002078   0x00000004   Code   RO         4218    i.UsageFault_Handler  stm32f10x_it.o
    0x0800207c   0x0800207c   0x00000070   Code   RO         3462    i.Vertical_PID      pid.o
    0x080020ec   0x080020ec   0x00000018   Code   RO         3463    i.Vertical_PID_Init  pid.o
    0x08002104   0x08002104   0x00000028   Code   RO         4380    i.__ARM_fpclassify  m_ws.l(fpclassify.o)
    0x0800212c   0x0800212c   0x000000aa   Code   RO         4382    i.__kernel_poly     m_ws.l(poly.o)
    0x080021d6   0x080021d6   0x00000006   Code   RO         4367    i.__mathlib_dbl_infnan  m_ws.l(dunder.o)
    0x080021dc   0x080021dc   0x00000004   Code   RO         4368    i.__mathlib_dbl_infnan2  m_ws.l(dunder.o)
    0x080021e0   0x080021e0   0x0000000c   Code   RO         4369    i.__mathlib_dbl_invalid  m_ws.l(dunder.o)
    0x080021ec   0x080021ec   0x00000010   Code   RO         4372    i.__mathlib_dbl_underflow  m_ws.l(dunder.o)
    0x080021fc   0x080021fc   0x0000000e   Code   RO         4446    i.__scatterload_copy  mc_w.l(handlers.o)
    0x0800220a   0x0800220a   0x00000002   Code   RO         4447    i.__scatterload_null  mc_w.l(handlers.o)
    0x0800220c   0x0800220c   0x0000000e   Code   RO         4448    i.__scatterload_zeroinit  mc_w.l(handlers.o)
    0x0800221a   0x0800221a   0x00000002   PAD
    0x0800221c   0x0800221c   0x0000000c   Code   RO         4414    i.__set_errno       mc_w.l(errno.o)
    0x08002228   0x08002228   0x000000a8   Code   RO         3641    i.accel_self_test   inv_mpu.o
    0x080022d0   0x080022d0   0x00000270   Code   RO         4274    i.asin              m_ws.l(asin.o)
    0x08002540   0x08002540   0x00000220   Code   RO         4357    i.atan              m_ws.l(atan.o)
    0x08002760   0x08002760   0x00000180   Code   RO         4284    i.atan2             m_ws.l(atan2.o)
    0x080028e0   0x080028e0   0x00000064   Code   RO         3978    i.decode_gesture    inv_mpu_dmp_motion_driver.o
    0x08002944   0x08002944   0x00000018   Code   RO         3112    i.delay_ms          delay.o
    0x0800295c   0x0800295c   0x0000003c   Code   RO         3979    i.dmp_enable_6x_lp_quat  inv_mpu_dmp_motion_driver.o
    0x08002998   0x08002998   0x0000021c   Code   RO         3980    i.dmp_enable_feature  inv_mpu_dmp_motion_driver.o
    0x08002bb4   0x08002bb4   0x00000058   Code   RO         3981    i.dmp_enable_gyro_cal  inv_mpu_dmp_motion_driver.o
    0x08002c0c   0x08002c0c   0x0000003c   Code   RO         3982    i.dmp_enable_lp_quat  inv_mpu_dmp_motion_driver.o
    0x08002c48   0x08002c48   0x00000018   Code   RO         3987    i.dmp_load_motion_driver_firmware  inv_mpu_dmp_motion_driver.o
    0x08002c60   0x08002c60   0x000001cc   Code   RO         3988    i.dmp_read_fifo     inv_mpu_dmp_motion_driver.o
    0x08002e2c   0x08002e2c   0x00000134   Code   RO         3991    i.dmp_set_accel_bias  inv_mpu_dmp_motion_driver.o
    0x08002f60   0x08002f60   0x00000070   Code   RO         3992    i.dmp_set_fifo_rate  inv_mpu_dmp_motion_driver.o
    0x08002fd0   0x08002fd0   0x00000130   Code   RO         3993    i.dmp_set_gyro_bias  inv_mpu_dmp_motion_driver.o
    0x08003100   0x08003100   0x00000138   Code   RO         3995    i.dmp_set_orientation  inv_mpu_dmp_motion_driver.o
    0x08003238   0x08003238   0x00000038   Code   RO         3998    i.dmp_set_shake_reject_thresh  inv_mpu_dmp_motion_driver.o
    0x08003270   0x08003270   0x00000026   Code   RO         3999    i.dmp_set_shake_reject_time  inv_mpu_dmp_motion_driver.o
    0x08003296   0x08003296   0x00000026   Code   RO         4000    i.dmp_set_shake_reject_timeout  inv_mpu_dmp_motion_driver.o
    0x080032bc   0x080032bc   0x00000046   Code   RO         4001    i.dmp_set_tap_axes  inv_mpu_dmp_motion_driver.o
    0x08003302   0x08003302   0x00000026   Code   RO         4002    i.dmp_set_tap_count  inv_mpu_dmp_motion_driver.o
    0x08003328   0x08003328   0x000001a0   Code   RO         4003    i.dmp_set_tap_thresh  inv_mpu_dmp_motion_driver.o
    0x080034c8   0x080034c8   0x00000026   Code   RO         4004    i.dmp_set_tap_time  inv_mpu_dmp_motion_driver.o
    0x080034ee   0x080034ee   0x00000026   Code   RO         4005    i.dmp_set_tap_time_multi  inv_mpu_dmp_motion_driver.o
    0x08003514   0x08003514   0x000000b4   Code   RO         3642    i.get_accel_prod_shift  inv_mpu.o
    0x080035c8   0x080035c8   0x00000470   Code   RO         3643    i.get_st_biases     inv_mpu.o
    0x08003a38   0x08003a38   0x00000110   Code   RO         3644    i.gyro_self_test    inv_mpu.o
    0x08003b48   0x08003b48   0x00000028   Code   RO         3645    i.inv_orientation_matrix_to_scalar  inv_mpu.o
    0x08003b70   0x08003b70   0x0000004e   Code   RO         3646    i.inv_row_2_scale   inv_mpu.o
    0x08003bbe   0x08003bbe   0x00000002   PAD
    0x08003bc0   0x08003bc0   0x00000144   Code   RO         4161    i.main              main.o
    0x08003d04   0x08003d04   0x00000002   Code   RO         3647    i.mget_ms           inv_mpu.o
    0x08003d06   0x08003d06   0x00000002   PAD
    0x08003d08   0x08003d08   0x00000070   Code   RO         3648    i.mpu_configure_fifo  inv_mpu.o
    0x08003d78   0x08003d78   0x00000234   Code   RO         3649    i.mpu_dmp_get_data  inv_mpu.o
    0x08003fac   0x08003fac   0x000000a0   Code   RO         3650    i.mpu_dmp_init      inv_mpu.o
    0x0800404c   0x0800404c   0x0000004c   Code   RO         3651    i.mpu_get_accel_fsr  inv_mpu.o
    0x08004098   0x08004098   0x00000054   Code   RO         3653    i.mpu_get_accel_sens  inv_mpu.o
    0x080040ec   0x080040ec   0x00000010   Code   RO         3658    i.mpu_get_fifo_config  inv_mpu.o
    0x080040fc   0x080040fc   0x00000044   Code   RO         3659    i.mpu_get_gyro_fsr  inv_mpu.o
    0x08004140   0x08004140   0x00000050   Code   RO         3661    i.mpu_get_gyro_sens  inv_mpu.o
    0x08004190   0x08004190   0x00000050   Code   RO         3663    i.mpu_get_lpf       inv_mpu.o
    0x080041e0   0x080041e0   0x00000020   Code   RO         3665    i.mpu_get_sample_rate  inv_mpu.o
    0x08004200   0x08004200   0x0000019c   Code   RO         3667    i.mpu_init          inv_mpu.o
    0x0800439c   0x0800439c   0x000000b8   Code   RO         3668    i.mpu_load_firmware  inv_mpu.o
    0x08004454   0x08004454   0x000000e0   Code   RO         3669    i.mpu_lp_accel_mode  inv_mpu.o
    0x08004534   0x08004534   0x000000c0   Code   RO         3672    i.mpu_read_fifo_stream  inv_mpu.o
    0x080045f4   0x080045f4   0x00000080   Code   RO         3673    i.mpu_read_mem      inv_mpu.o
    0x08004674   0x08004674   0x000001c8   Code   RO         3676    i.mpu_reset_fifo    inv_mpu.o
    0x0800483c   0x0800483c   0x0000011c   Code   RO         3677    i.mpu_run_self_test  inv_mpu.o
    0x08004958   0x08004958   0x00000084   Code   RO         3679    i.mpu_set_accel_fsr  inv_mpu.o
    0x080049dc   0x080049dc   0x0000014c   Code   RO         3680    i.mpu_set_bypass    inv_mpu.o
    0x08004b28   0x08004b28   0x00000090   Code   RO         3682    i.mpu_set_dmp_state  inv_mpu.o
    0x08004bb8   0x08004bb8   0x00000088   Code   RO         3683    i.mpu_set_gyro_fsr  inv_mpu.o
    0x08004c40   0x08004c40   0x0000006c   Code   RO         3684    i.mpu_set_int_latched  inv_mpu.o
    0x08004cac   0x08004cac   0x00000084   Code   RO         3686    i.mpu_set_lpf       inv_mpu.o
    0x08004d30   0x08004d30   0x0000009c   Code   RO         3687    i.mpu_set_sample_rate  inv_mpu.o
    0x08004dcc   0x08004dcc   0x000000d0   Code   RO         3688    i.mpu_set_sensors   inv_mpu.o
    0x08004e9c   0x08004e9c   0x00000080   Code   RO         3689    i.mpu_write_mem     inv_mpu.o
    0x08004f1c   0x08004f1c   0x00000094   Code   RO         3690    i.run_self_test     inv_mpu.o
    0x08004fb0   0x08004fb0   0x00000090   Code   RO         3691    i.set_int_enable    inv_mpu.o
    0x08005040   0x08005040   0x0000004c   Code   RO         4386    i.sqrt              m_ws.l(sqrt.o)
    0x0800508c   0x0800508c   0x000005f0   Data   RO         3265    .constdata          oled.o
    0x0800567c   0x0800567c   0x00000050   Data   RO         3693    .constdata          inv_mpu.o
    0x080056cc   0x080056cc   0x00000bf6   Data   RO         4007    .constdata          inv_mpu_dmp_motion_driver.o
    0x080062c2   0x080062c2   0x00000006   PAD
    0x080062c8   0x080062c8   0x00000050   Data   RO         4275    .constdata          m_ws.l(asin.o)
    0x08006318   0x08006318   0x00000098   Data   RO         4358    .constdata          m_ws.l(atan.o)
    0x080063b0   0x080063b0   0x00000008   Data   RO         4384    .constdata          m_ws.l(qnan.o)
    0x080063b8   0x080063b8   0x00000020   Data   RO         4444    Region$$Table       anon$$obj.o


    Execution Region RW_IRAM1 (Exec base: 0x20000000, Load base: 0x080063d8, Size: 0x000004d8, Max: 0x00005000, ABSOLUTE)

    Exec Addr    Load Addr    Size         Type   Attr      Idx    E Section Name        Object

    0x20000000   0x080063d8   0x00000014   Data   RW         1738    .data               stm32f10x_rcc.o
    0x20000014   0x080063ec   0x00000004   Data   RW         3210    .data               motor.o
    0x20000018   0x080063f0   0x0000003c   Data   RW         3694    .data               inv_mpu.o
    0x20000054   0x0800642c   0x00000045   Data   RW         4162    .data               main.o
    0x20000099   0x08006471   0x00000003   PAD
    0x2000009c   0x08006474   0x00000004   Data   RW         4415    .data               mc_w.l(errno.o)
    0x200000a0        -       0x00000028   Zero   RW         3464    .bss                pid.o
    0x200000c8        -       0x00000010   Zero   RW         4006    .bss                inv_mpu_dmp_motion_driver.o
    0x200000d8        -       0x00000400   Zero   RW            1    STACK               startup_stm32f10x_md.o


==============================================================================

Image component sizes


      Code (inc. data)   RO Data    RW Data    ZI Data      Debug   Object Name

         0          0          0          0          0       4500   core_cm3.o
        70          0          0          0          0        922   delay.o
       168         10          0          0          0        639   encoder.o
      6796        220         80         60          0      30532   inv_mpu.o
      3100        124       3062          0         16      20346   inv_mpu_dmp_motion_driver.o
       420         94          0         69          0       1723   main.o
       132         22          0          0          0       1403   misc.o
       226         18          0          4          0       1691   motor.o
       450          0          0          0          0       4321   mpu6050.o
       334         16          0          0          0       5058   myiic.o
       836         26       1520          0          0       8011   oled.o
       136         14          0          0         40       1639   pid.o
       118          0          0          0          0        668   pwm.o
       240         16          0          0          0       1602   serial.o
        36          8        236          0       1024        808   startup_stm32f10x_md.o
       314          0          0          0          0       3992   stm32f10x_gpio.o
        26          0          0          0          0       3574   stm32f10x_it.o
       276         32          0         20          0       4230   stm32f10x_rcc.o
      1540        170          0          0          0      14622   stm32f10x_tim.o
       428          6          0          0          0       4840   stm32f10x_usart.o
       328         28          0          0          0     248517   system_stm32f10x.o
       112          6          0          0          0        624   timer.o

    ----------------------------------------------------------------------
     16108        810       4936        156       1080     364262   Object Totals
         0          0         32          0          0          0   (incl. Generated)
        22          0          6          3          0          0   (incl. Padding)

    ----------------------------------------------------------------------

      Code (inc. data)   RO Data    RW Data    ZI Data      Debug   Library Member Name

       624         52         80          0          0        168   asin.o
       544         70        152          0          0        124   atan.o
       384         38          0          0          0        144   atan2.o
        38          6          0          0          0        272   dunder.o
        40          0          0          0          0         68   fpclassify.o
       170          0          0          0          0         96   poly.o
         0          0          8          0          0          0   qnan.o
        76          0          0          0          0         84   sqrt.o
         0          0          0          0          0          0   entry.o
         0          0          0          0          0          0   entry10a.o
         0          0          0          0          0          0   entry11a.o
         8          4          0          0          0          0   entry2.o
         4          0          0          0          0          0   entry5.o
         0          0          0          0          0          0   entry7b.o
         0          0          0          0          0          0   entry8b.o
         8          4          0          0          0          0   entry9a.o
        12          6          0          4          0         68   errno.o
        30          0          0          0          0          0   handlers.o
        36          8          0          0          0         68   init.o
         0          0          0          0          0          0   iusefp.o
        98          0          0          0          0         84   ldiv.o
        30          0          0          0          0         68   llshl.o
        36          0          0          0          0         68   llsshr.o
        32          0          0          0          0         68   llushr.o
        26          0          0          0          0         80   memcmp.o
        36          0          0          0          0        108   memseta.o
        98          0          0          0          0         92   uldiv.o
        20          0          0          0          0         68   cfcmple.o
        20          0          0          0          0         68   cfrcmple.o
        56          0          0          0          0         88   d2f.o
       334          0          0          0          0        148   dadd.o
       222          0          0          0          0        100   ddiv.o
       186          0          0          0          0        176   depilogue.o
       228          0          0          0          0         96   dmul.o
        46          0          0          0          0         80   dscalb.o
       162          0          0          0          0        100   dsqrt.o
        38          0          0          0          0         68   f2d.o
       176          0          0          0          0        140   fadd.o
       124          0          0          0          0         88   fdiv.o
       110          0          0          0          0        168   fepilogue.o
        50          0          0          0          0         68   ffixi.o
        40          0          0          0          0         68   ffixui.o
        18          0          0          0          0         68   fflti.o
        10          0          0          0          0         68   ffltui.o
       100          0          0          0          0         76   fmul.o

    ----------------------------------------------------------------------
      4276        188        240          4          0       3396   Library Totals
         6          0          0          0          0          0   (incl. Padding)

    ----------------------------------------------------------------------

      Code (inc. data)   RO Data    RW Data    ZI Data      Debug   Library Name

      1876        166        240          0          0        956   m_ws.l
       454         22          0          4          0        704   mc_w.l
      1940          0          0          0          0       1736   mf_w.l

    ----------------------------------------------------------------------
      4276        188        240          4          0       3396   Library Totals

    ----------------------------------------------------------------------

==============================================================================


      Code (inc. data)   RO Data    RW Data    ZI Data      Debug   

     20384        998       5176        160       1080     358502   Grand Totals
     20384        998       5176        160       1080     358502   ELF Image Totals
     20384        998       5176        160          0          0   ROM Totals

==============================================================================

    Total RO  Size (Code + RO Data)                25560 (  24.96kB)
    Total RW  Size (RW Data + ZI Data)              1240 (   1.21kB)
    Total ROM Size (Code + RO Data + RW Data)      25720 (  25.12kB)

==============================================================================

