Component: ARM Compiler 5.06 update 5 (build 528) Tool: armlink [4d35e2]

==============================================================================

Section Cross References

    startup_stm32f10x_md.o(RESET) refers to startup_stm32f10x_md.o(STACK) for __initial_sp
    startup_stm32f10x_md.o(RESET) refers to startup_stm32f10x_md.o(.text) for Reset_Handler
    startup_stm32f10x_md.o(RESET) refers to stm32f10x_it.o(i.NMI_Handler) for NMI_Handler
    startup_stm32f10x_md.o(RESET) refers to stm32f10x_it.o(i.HardFault_Handler) for HardFault_Handler
    startup_stm32f10x_md.o(RESET) refers to stm32f10x_it.o(i.MemManage_Handler) for MemManage_Handler
    startup_stm32f10x_md.o(RESET) refers to stm32f10x_it.o(i.BusFault_Handler) for BusFault_Handler
    startup_stm32f10x_md.o(RESET) refers to stm32f10x_it.o(i.UsageFault_Handler) for UsageFault_Handler
    startup_stm32f10x_md.o(RESET) refers to stm32f10x_it.o(i.SVC_Handler) for SVC_Handler
    startup_stm32f10x_md.o(RESET) refers to stm32f10x_it.o(i.DebugMon_Handler) for DebugMon_Handler
    startup_stm32f10x_md.o(RESET) refers to stm32f10x_it.o(i.PendSV_Handler) for PendSV_Handler
    startup_stm32f10x_md.o(RESET) refers to stm32f10x_it.o(i.SysTick_Handler) for SysTick_Handler
    startup_stm32f10x_md.o(RESET) refers to main.o(i.TIM1_UP_IRQHandler) for TIM1_UP_IRQHandler
    startup_stm32f10x_md.o(RESET) refers to encoder.o(i.TIM3_IRQHandler) for TIM3_IRQHandler
    startup_stm32f10x_md.o(RESET) refers to timer.o(i.TIM4_IRQHandler) for TIM4_IRQHandler
    startup_stm32f10x_md.o(RESET) refers to serial.o(i.USART1_IRQHandler) for USART1_IRQHandler
    startup_stm32f10x_md.o(RESET) refers to usart.o(i.USART3_IRQHandler) for USART3_IRQHandler
    startup_stm32f10x_md.o(.text) refers to system_stm32f10x.o(i.SystemInit) for SystemInit
    startup_stm32f10x_md.o(.text) refers to entry.o(.ARM.Collect$$$$00000000) for __main
    system_stm32f10x.o(i.SetSysClock) refers to system_stm32f10x.o(i.SetSysClockTo72) for SetSysClockTo72
    system_stm32f10x.o(i.SystemCoreClockUpdate) refers to system_stm32f10x.o(.data) for SystemCoreClock
    system_stm32f10x.o(i.SystemInit) refers to system_stm32f10x.o(i.SetSysClock) for SetSysClock
    stm32f10x_adc.o(i.ADC_DeInit) refers to stm32f10x_rcc.o(i.RCC_APB2PeriphResetCmd) for RCC_APB2PeriphResetCmd
    stm32f10x_bkp.o(i.BKP_DeInit) refers to stm32f10x_rcc.o(i.RCC_BackupResetCmd) for RCC_BackupResetCmd
    stm32f10x_can.o(i.CAN_DeInit) refers to stm32f10x_rcc.o(i.RCC_APB1PeriphResetCmd) for RCC_APB1PeriphResetCmd
    stm32f10x_can.o(i.CAN_GetITStatus) refers to stm32f10x_can.o(i.CheckITStatus) for CheckITStatus
    stm32f10x_cec.o(i.CEC_DeInit) refers to stm32f10x_rcc.o(i.RCC_APB1PeriphResetCmd) for RCC_APB1PeriphResetCmd
    stm32f10x_dac.o(i.DAC_DeInit) refers to stm32f10x_rcc.o(i.RCC_APB1PeriphResetCmd) for RCC_APB1PeriphResetCmd
    stm32f10x_flash.o(i.FLASH_EnableWriteProtection) refers to stm32f10x_flash.o(i.FLASH_WaitForLastOperation) for FLASH_WaitForLastOperation
    stm32f10x_flash.o(i.FLASH_EraseAllBank1Pages) refers to stm32f10x_flash.o(i.FLASH_WaitForLastBank1Operation) for FLASH_WaitForLastBank1Operation
    stm32f10x_flash.o(i.FLASH_EraseAllPages) refers to stm32f10x_flash.o(i.FLASH_WaitForLastOperation) for FLASH_WaitForLastOperation
    stm32f10x_flash.o(i.FLASH_EraseOptionBytes) refers to stm32f10x_flash.o(i.FLASH_GetReadOutProtectionStatus) for FLASH_GetReadOutProtectionStatus
    stm32f10x_flash.o(i.FLASH_EraseOptionBytes) refers to stm32f10x_flash.o(i.FLASH_WaitForLastOperation) for FLASH_WaitForLastOperation
    stm32f10x_flash.o(i.FLASH_ErasePage) refers to stm32f10x_flash.o(i.FLASH_WaitForLastOperation) for FLASH_WaitForLastOperation
    stm32f10x_flash.o(i.FLASH_ProgramHalfWord) refers to stm32f10x_flash.o(i.FLASH_WaitForLastOperation) for FLASH_WaitForLastOperation
    stm32f10x_flash.o(i.FLASH_ProgramOptionByteData) refers to stm32f10x_flash.o(i.FLASH_WaitForLastOperation) for FLASH_WaitForLastOperation
    stm32f10x_flash.o(i.FLASH_ProgramWord) refers to stm32f10x_flash.o(i.FLASH_WaitForLastOperation) for FLASH_WaitForLastOperation
    stm32f10x_flash.o(i.FLASH_ReadOutProtection) refers to stm32f10x_flash.o(i.FLASH_WaitForLastOperation) for FLASH_WaitForLastOperation
    stm32f10x_flash.o(i.FLASH_UserOptionByteConfig) refers to stm32f10x_flash.o(i.FLASH_WaitForLastOperation) for FLASH_WaitForLastOperation
    stm32f10x_flash.o(i.FLASH_WaitForLastBank1Operation) refers to stm32f10x_flash.o(i.FLASH_GetBank1Status) for FLASH_GetBank1Status
    stm32f10x_flash.o(i.FLASH_WaitForLastOperation) refers to stm32f10x_flash.o(i.FLASH_GetBank1Status) for FLASH_GetBank1Status
    stm32f10x_gpio.o(i.GPIO_AFIODeInit) refers to stm32f10x_rcc.o(i.RCC_APB2PeriphResetCmd) for RCC_APB2PeriphResetCmd
    stm32f10x_gpio.o(i.GPIO_DeInit) refers to stm32f10x_rcc.o(i.RCC_APB2PeriphResetCmd) for RCC_APB2PeriphResetCmd
[...]
    i.HardFault_Handler                      0x08000de4   Section        0  stm32f10x_it.o(i.HardFault_Handler)
    i.I2C_Ack                                0x08000de8   Section        0  i2c_.o(i.I2C_Ack)
    I2C_Ack                                  0x08000de9   Thumb Code    54  i2c_.o(i.I2C_Ack)
    i.I2C_NoAck                              0x08000e24   Section        0  i2c_.o(i.I2C_NoAck)
    I2C_NoAck                                0x08000e25   Thumb Code    56  i2c_.o(i.I2C_NoAck)
    i.I2C_ReceiveByte                        0x08000e60   Section        0  i2c_.o(i.I2C_ReceiveByte)
    I2C_ReceiveByte                          0x08000e61   Thumb Code    84  i2c_.o(i.I2C_ReceiveByte)
    i.I2C_SendByte                           0x08000eb8   Section        0  i2c_.o(i.I2C_SendByte)
    I2C_SendByte                             0x08000eb9   Thumb Code    88  i2c_.o(i.I2C_SendByte)
    i.I2C_Start                              0x08000f14   Section        0  i2c_.o(i.I2C_Start)
    I2C_Start                                0x08000f15   Thumb Code    90  i2c_.o(i.I2C_Start)
    i.I2C_Stop                               0x08000f74   Section        0  i2c_.o(i.I2C_Stop)
    I2C_Stop                                 0x08000f75   Thumb Code    56  i2c_.o(i.I2C_Stop)
    i.I2C_WaitAck                            0x08000fb0   Section        0  i2c_.o(i.I2C_WaitAck)
    I2C_WaitAck                              0x08000fb1   Thumb Code    78  i2c_.o(i.I2C_WaitAck)
    i.I2C_delay                              0x08001004   Section        0  i2c_.o(i.I2C_delay)
    I2C_delay                                0x08001005   Thumb Code    22  i2c_.o(i.I2C_delay)
    i.I_amplitude_limiting                   0x0800101a   Section        0  pid.o(i.I_amplitude_limiting)
    i.MPU6050_DMP_Init                       0x08001044   Section        0  mpu6050.o(i.MPU6050_DMP_Init)
    i.MPU6050_Pose                           0x080013f8   Section        0  mpu6050.o(i.MPU6050_Pose)
    i.MemManage_Handler                      0x08001668   Section        0  stm32f10x_it.o(i.MemManage_Handler)
    i.Motor_GPIO_Init                        0x0800166c   Section        0  motor.o(i.Motor_GPIO_Init)
    i.Motor_PWMSet                           0x080016c8   Section        0  motor.o(i.Motor_PWMSet)
    i.Motor_PWM_Init                         0x08001734   Section        0  motor.o(i.Motor_PWM_Init)
    i.Motor_SpeedSet_Vertical                0x08001748   Section        0  motor.o(i.Motor_SpeedSet_Vertical)
    i.NMI_Handler                            0x080017bc   Section        0  stm32f10x_it.o(i.NMI_Handler)
    i.NVIC_Init                              0x080017c0   Section        0  misc.o(i.NVIC_Init)
    i.NVIC_PriorityGroupConfig               0x08001830   Section        0  misc.o(i.NVIC_PriorityGroupConfig)
    i.OLED_Clear                             0x08001844   Section        0  oled.o(i.OLED_Clear)
    i.OLED_ClearArea                         0x0800186c   Section        0  oled.o(i.OLED_ClearArea)
    i.OLED_DrawWave_Cycle                    0x080018fc   Section        0  oled.o(i.OLED_DrawWave_Cycle)
    i.OLED_GPIO_Init                         0x08001918   Section        0  oled.o(i.OLED_GPIO_Init)
    i.OLED_I2C_SendByte                      0x08001974   Section        0  oled.o(i.OLED_I2C_SendByte)
    i.OLED_I2C_Start                         0x080019b2   Section        0  oled.o(i.OLED_I2C_Start)
    i.OLED_I2C_Stop                          0x080019ce   Section        0  oled.o(i.OLED_I2C_Stop)
    i.OLED_Init                              0x080019e4   Section        0  oled.o(i.OLED_Init)
    i.OLED_Pow                               0x08001a7e   Section        0  oled.o(i.OLED_Pow)
    i.OLED_SetCursor                         0x08001a92   Section        0  oled.o(i.OLED_SetCursor)
    i.OLED_ShowChar                          0x08001ab4   Section        0  oled.o(i.OLED_ShowChar)
    i.OLED_ShowImage                         0x08001b08   Section        0  oled.o(i.OLED_ShowImage)
    i.OLED_ShowSignedNum                     0x08001c04   Section        0  oled.o(i.OLED_ShowSignedNum)
    i.OLED_Update                            0x08001c74   Section        0  oled.o(i.OLED_Update)
    i.OLED_W_SCL                             0x08001c9c   Section        0  oled.o(i.OLED_W_SCL)
    i.OLED_W_SDA                             0x08001cb0   Section        0  oled.o(i.OLED_W_SDA)
    i.OLED_WriteCommand                      0x08001cc4   Section        0  oled.o(i.OLED_WriteCommand)
    i.OLED_WriteData                         0x08001ce4   Section        0  oled.o(i.OLED_WriteData)
    i.PendSV_Handler                         0x08001d12   Section        0  stm32f10x_it.o(i.PendSV_Handler)
    i.PrintChar                              0x08001d14   Section        0  usart.o(i.PrintChar)
    i.RCC_APB1PeriphClockCmd                 0x08001d2c   Section        0  stm32f10x_rcc.o(i.RCC_APB1PeriphClockCmd)
    i.RCC_APB1PeriphResetCmd                 0x08001d4c   Section        0  stm32f10x_rcc.o(i.RCC_APB1PeriphResetCmd)
    i.RCC_APB2PeriphClockCmd                 0x08001d6c   Section        0  stm32f10x_rcc.o(i.RCC_APB2PeriphClockCmd)
    i.RCC_APB2PeriphResetCmd                 0x08001d8c   Section        0  stm32f10x_rcc.o(i.RCC_APB2PeriphResetCmd)
    i.RCC_GetClocksFreq                      0x08001dac   Section        0  stm32f10x_rcc.o(i.RCC_GetClocksFreq)
    i.Roll_Wave_Init                         0x08001e80   Section        0  main.o(i.Roll_Wave_Init)
    i.SVC_Handler                            0x08001e9c   Section        0  stm32f10x_it.o(i.SVC_Handler)
    i.SetSysClock                            0x08001e9e   Section        0  system_stm32f10x.o(i.SetSysClock)
    SetSysClock                              0x08001e9f   Thumb Code     8  system_stm32f10x.o(i.SetSysClock)
    i.SetSysClockTo72                        0x08001ea8   Section        0  system_stm32f10x.o(i.SetSysClockTo72)
    SetSysClockTo72                          0x08001ea9   Thumb Code   214  system_stm32f10x.o(i.SetSysClockTo72)
    i.SysTick_Handler                        0x08001f88   Section        0  stm32f10x_it.o(i.SysTick_Handler)
    i.SystemInit                             0x08001f8c   Section        0  system_stm32f10x.o(i.SystemInit)
    i.TI1_Config                             0x08001fec   Section        0  stm32f10x_tim.o(i.TI1_Config)
    TI1_Config                               0x08001fed   Thumb Code   108  stm32f10x_tim.o(i.TI1_Config)
    i.TI2_Config                             0x0800206c   Section        0  stm32f10x_tim.o(i.TI2_Config)
    TI2_Config                               0x0800206d   Thumb Code   130  stm32f10x_tim.o(i.TI2_Config)
    i.TI3_Config                             0x08002104   Section        0  stm32f10x_tim.o(i.TI3_Config)
    TI3_Config                               0x08002105   Thumb Code   122  stm32f10x_tim.o(i.TI3_Config)
    i.TI4_Config                             0x08002194   Section        0  stm32f10x_tim.o(i.TI4_Config)
    TI4_Config                               0x08002195   Thumb Code   130  stm32f10x_tim.o(i.TI4_Config)
    i.TIM1_Init                              0x0800222c   Section        0  timer.o(i.TIM1_Init)
    i.TIM1_UP_IRQHandler                     0x0800229c   Section        0  main.o(i.TIM1_UP_IRQHandler)
    i.TIM2_PWM_Init                          0x080023c0   Section        0  pwm.o(i.TIM2_PWM_Init)
    i.TIM3_IRQHandler                        0x08002438   Section        0  encoder.o(i.TIM3_IRQHandler)
    i.TIM4_IRQHandler                        0x08002454   Section        0  timer.o(i.TIM4_IRQHandler)
    i.TIM_ARRPreloadConfig                   0x08002468   Section        0  stm32f10x_tim.o(i.TIM_ARRPreloadConfig)
    i.TIM_ClearFlag                          0x08002480   Section        0  stm32f10x_tim.o(i.TIM_ClearFlag)
    i.TIM_ClearITPendingBit                  0x08002486   Section        0  stm32f10x_tim.o(i.TIM_ClearITPendingBit)
    i.TIM_Cmd                                0x0800248c   Section        0  stm32f10x_tim.o(i.TIM_Cmd)
    i.TIM_DeInit                             0x080024a4   Section        0  stm32f10x_tim.o(i.TIM_DeInit)
    i.TIM_EncoderInterfaceConfig             0x0800268c   Section        0  stm32f10x_tim.o(i.TIM_EncoderInterfaceConfig)
    i.TIM_GetCounter                         0x080026ce   Section        0  stm32f10x_tim.o(i.TIM_GetCounter)
    i.TIM_GetITStatus                        0x080026d4   Section        0  stm32f10x_tim.o(i.TIM_GetITStatus)
    i.TIM_ICInit                             0x080026f8   Section        0  stm32f10x_tim.o(i.TIM_ICInit)
    i.TIM_ICStructInit                       0x080027a4   Section        0  stm32f10x_tim.o(i.TIM_ICStructInit)
    i.TIM_ITConfig                           0x080027b6   Section        0  stm32f10x_tim.o(i.TIM_ITConfig)
    i.TIM_OC3Init                            0x080027c8   Section        0  stm32f10x_tim.o(i.TIM_OC3Init)
    i.TIM_OC3PreloadConfig                   0x08002868   Section        0  stm32f10x_tim.o(i.TIM_OC3PreloadConfig)
    i.TIM_OC4Init                            0x0800287c   Section        0  stm32f10x_tim.o(i.TIM_OC4Init)
    i.TIM_OC4PreloadConfig                   0x080028f8   Section        0  stm32f10x_tim.o(i.TIM_OC4PreloadConfig)
    i.TIM_SetCompare3                        0x08002912   Section        0  stm32f10x_tim.o(i.TIM_SetCompare3)
    i.TIM_SetCompare4                        0x08002916   Section        0  stm32f10x_tim.o(i.TIM_SetCompare4)
    i.TIM_SetCounter                         0x0800291c   Section        0  stm32f10x_tim.o(i.TIM_SetCounter)
    i.TIM_SetIC1Prescaler                    0x08002920   Section        0  stm32f10x_tim.o(i.TIM_SetIC1Prescaler)
    i.TIM_SetIC2Prescaler                    0x08002932   Section        0  stm32f10x_tim.o(i.TIM_SetIC2Prescaler)
    i.TIM_SetIC3Prescaler                    0x0800294c   Section        0  stm32f10x_tim.o(i.TIM_SetIC3Prescaler)
    i.TIM_SetIC4Prescaler                    0x0800295e   Section        0  stm32f10x_tim.o(i.TIM_SetIC4Prescaler)
    i.TIM_TimeBaseInit                       0x08002978   Section        0  stm32f10x_tim.o(i.TIM_TimeBaseInit)
    i.TIM_TimeBaseStructInit                 0x08002a1c   Section        0  stm32f10x_tim.o(i.TIM_TimeBaseStructInit)
    i.Turn_PID                               0x08002a30   Section        0  pid.o(i.Turn_PID)
    i.Turn_PID_Init                          0x08002a54   Section        0  pid.o(i.Turn_PID_Init)
    i.USART1_Config                          0x08002a6c   Section        0  usart.o(i.USART1_Config)
    i.USART1_IRQHandler                      0x08002ae8   Section        0  serial.o(i.USART1_IRQHandler)
    i.USART1_Send_Byte                       0x08002b08   Section        0  usart.o(i.USART1_Send_Byte)
    i.USART3_IRQHandler                      0x08002b28   Section        0  usart.o(i.USART3_IRQHandler)
    i.USART3_Init                            0x08002c20   Section        0  serial.o(i.USART3_Init)
    i.USART_ClearITPendingBit                0x08002cd0   Section        0  stm32f10x_usart.o(i.USART_ClearITPendingBit)
    i.USART_Cmd                              0x08002cee   Section        0  stm32f10x_usart.o(i.USART_Cmd)
    i.USART_GetFlagStatus                    0x08002d06   Section        0  stm32f10x_usart.o(i.USART_GetFlagStatus)
    i.USART_GetITStatus                      0x08002d20   Section        0  stm32f10x_usart.o(i.USART_GetITStatus)
    i.USART_ITConfig                         0x08002d74   Section        0  stm32f10x_usart.o(i.USART_ITConfig)
    i.USART_Init                             0x08002dc0   Section        0  stm32f10x_usart.o(i.USART_Init)
    i.USART_ReceiveData                      0x08002e98   Section        0  stm32f10x_usart.o(i.USART_ReceiveData)
    i.USART_SendData                         0x08002ea2   Section        0  stm32f10x_usart.o(i.USART_SendData)
    i.UsageFault_Handler                     0x08002eaa   Section        0  stm32f10x_it.o(i.UsageFault_Handler)
    i.Velocity_PID                           0x08002eb0   Section        0  pid.o(i.Velocity_PID)
    i.Velociy_PID_Init                       0x08002f4c   Section        0  pid.o(i.Velociy_PID_Init)
    i.Vertical_PID                           0x08002f68   Section        0  pid.o(i.Vertical_PID)
    i.Vertical_PID_Init                      0x08002fd8   Section        0  pid.o(i.Vertical_PID_Init)
    i.__ARM_fpclassify                       0x08002ff4   Section        0  fpclassify.o(i.__ARM_fpclassify)
    i.__kernel_poly                          0x0800301c   Section        0  poly.o(i.__kernel_poly)
    i.__mathlib_dbl_infnan                   0x080030c6   Section        0  dunder.o(i.__mathlib_dbl_infnan)
    i.__mathlib_dbl_infnan2                  0x080030cc   Section        0  dunder.o(i.__mathlib_dbl_infnan2)
    i.__mathlib_dbl_invalid                  0x080030d0   Section        0  dunder.o(i.__mathlib_dbl_invalid)
    i.__mathlib_dbl_underflow                0x080030dc   Section        0  dunder.o(i.__mathlib_dbl_underflow)
    i.__scatterload_copy                     0x080030ec   Section       14  handlers.o(i.__scatterload_copy)
    i.__scatterload_null                     0x080030fa   Section        2  handlers.o(i.__scatterload_null)
    i.__scatterload_zeroinit                 0x080030fc   Section       14  handlers.o(i.__scatterload_zeroinit)
    i.__set_errno                            0x0800310c   Section        0  errno.o(i.__set_errno)
    i.accel_self_test                        0x08003118   Section        0  inv_mpu.o(i.accel_self_test)
    accel_self_test                          0x08003119   Thumb Code   164  inv_mpu.o(i.accel_self_test)
    i.asin                                   0x080031c0   Section        0  asin.o(i.asin)
    i.atan                                   0x08003430   Section        0  atan.o(i.atan)
    i.atan2                                  0x08003650   Section        0  atan2.o(i.atan2)
    i.decode_gesture                         0x080037d0   Section        0  inv_mpu_dmp_motion_driver.o(i.decode_gesture)
    decode_gesture                           0x080037d1   Thumb Code    94  inv_mpu_dmp_motion_driver.o(i.decode_gesture)
    i.delay_ms                               0x08003834   Section        0  delay.o(i.delay_ms)
    i.dmp_enable_6x_lp_quat                  0x0800384c   Section        0  inv_mpu_dmp_motion_driver.o(i.dmp_enable_6x_lp_quat)
    i.dmp_enable_feature                     0x08003888   Section        0  inv_mpu_dmp_motion_driver.o(i.dmp_enable_feature)
    i.dmp_enable_gyro_cal                    0x08003aa4   Section        0  inv_mpu_dmp_motion_driver.o(i.dmp_enable_gyro_cal)
    i.dmp_enable_lp_quat                     0x08003afc   Section        0  inv_mpu_dmp_motion_driver.o(i.dmp_enable_lp_quat)
    i.dmp_load_motion_driver_firmware        0x08003b38   Section        0  inv_mpu_dmp_motion_driver.o(i.dmp_load_motion_driver_firmware)
    i.dmp_read_fifo                          0x08003b50   Section        0  inv_mpu_dmp_motion_driver.o(i.dmp_read_fifo)
    i.dmp_set_accel_bias                     0x08003d1c   Section        0  inv_mpu_dmp_motion_driver.o(i.dmp_set_accel_bias)
    i.dmp_set_fifo_rate                      0x08003e4c   Section        0  inv_mpu_dmp_motion_driver.o(i.dmp_set_fifo_rate)
    i.dmp_set_gyro_bias                      0x08003ebc   Section        0  inv_mpu_dmp_motion_driver.o(i.dmp_set_gyro_bias)
    i.dmp_set_orientation                    0x08003fec   Section        0  inv_mpu_dmp_motion_driver.o(i.dmp_set_orientation)
    i.dmp_set_shake_reject_thresh            0x08004124   Section        0  inv_mpu_dmp_motion_driver.o(i.dmp_set_shake_reject_thresh)
    i.dmp_set_shake_reject_time              0x0800415c   Section        0  inv_mpu_dmp_motion_driver.o(i.dmp_set_shake_reject_time)
    i.dmp_set_shake_reject_timeout           0x08004182   Section        0  inv_mpu_dmp_motion_driver.o(i.dmp_set_shake_reject_timeout)
    i.dmp_set_tap_axes                       0x080041a8   Section        0  inv_mpu_dmp_motion_driver.o(i.dmp_set_tap_axes)
    i.dmp_set_tap_count                      0x080041ee   Section        0  inv_mpu_dmp_motion_driver.o(i.dmp_set_tap_count)
    i.dmp_set_tap_thresh                     0x08004214   Section        0  inv_mpu_dmp_motion_driver.o(i.dmp_set_tap_thresh)
    i.dmp_set_tap_time                       0x080043b4   Section        0  inv_mpu_dmp_motion_driver.o(i.dmp_set_tap_time)
    i.dmp_set_tap_time_multi                 0x080043da   Section        0  inv_mpu_dmp_motion_driver.o(i.dmp_set_tap_time_multi)
    i.get_accel_prod_shift                   0x08004400   Section        0  inv_mpu.o(i.get_accel_prod_shift)
    get_accel_prod_shift                     0x08004401   Thumb Code   168  inv_mpu.o(i.get_accel_prod_shift)
    i.get_ms                                 0x080044b4   Section        0  delay.o(i.get_ms)
    i.get_st_biases                          0x080044b8   Section        0  inv_mpu.o(i.get_st_biases)
    get_st_biases                            0x080044b9   Thumb Code  1132  inv_mpu.o(i.get_st_biases)
    i.gyro_self_test                         0x08004928   Section        0  inv_mpu.o(i.gyro_self_test)
    gyro_self_test                           0x08004929   Thumb Code   256  inv_mpu.o(i.gyro_self_test)
    i.i2cInit                                0x08004a38   Section        0  i2c_.o(i.i2cInit)
    i.i2cRead                                0x08004a64   Section        0  i2c_.o(i.i2cRead)
    i.i2cWriteBuffer                         0x08004adc   Section        0  i2c_.o(i.i2cWriteBuffer)
    i.i2cread                                0x08004b40   Section        0  i2c_.o(i.i2cread)
    i.i2cwrite                               0x08004b66   Section        0  i2c_.o(i.i2cwrite)
    i.inv_orientation_matrix_to_scalar       0x08004b8c   Section        0  inv_mpu_dmp_motion_driver.o(i.inv_orientation_matrix_to_scalar)
    i.inv_row_2_scale                        0x08004bb4   Section        0  inv_mpu_dmp_motion_driver.o(i.inv_row_2_scale)
    inv_row_2_scale                          0x08004bb5   Thumb Code    78  inv_mpu_dmp_motion_driver.o(i.inv_row_2_scale)
    i.main                                   0x08004c04   Section        0  main.o(i.main)
    i.mpu_configure_fifo                     0x08004ccc   Section        0  inv_mpu.o(i.mpu_configure_fifo)
    i.mpu_get_accel_fsr                      0x08004d3c   Section        0  inv_mpu.o(i.mpu_get_accel_fsr)
    i.mpu_get_accel_sens                     0x08004d88   Section        0  inv_mpu.o(i.mpu_get_accel_sens)
    i.mpu_get_fifo_config                    0x08004ddc   Section        0  inv_mpu.o(i.mpu_get_fifo_config)
    i.mpu_get_gyro_fsr                       0x08004dec   Section        0  inv_mpu.o(i.mpu_get_gyro_fsr)
    i.mpu_get_gyro_sens                      0x08004e30   Section        0  inv_mpu.o(i.mpu_get_gyro_sens)
    i.mpu_get_lpf                            0x08004e80   Section        0  inv_mpu.o(i.mpu_get_lpf)
    i.mpu_get_sample_rate                    0x08004ed0   Section        0  inv_mpu.o(i.mpu_get_sample_rate)
    i.mpu_init                               0x08004ef0   Section        0  inv_mpu.o(i.mpu_init)
    i.mpu_load_firmware                      0x080050e0   Section        0  inv_mpu.o(i.mpu_load_firmware)
    i.mpu_lp_accel_mode                      0x08005198   Section        0  inv_mpu.o(i.mpu_lp_accel_mode)
    i.mpu_read_fifo_stream                   0x08005278   Section        0  inv_mpu.o(i.mpu_read_fifo_stream)
    i.mpu_read_mem                           0x08005338   Section        0  inv_mpu.o(i.mpu_read_mem)
    i.mpu_reset_fifo                         0x080053b8   Section        0  inv_mpu.o(i.mpu_reset_fifo)
    i.mpu_run_self_test                      0x08005580   Section        0  inv_mpu.o(i.mpu_run_self_test)
    i.mpu_set_accel_fsr                      0x0800569c   Section        0  inv_mpu.o(i.mpu_set_accel_fsr)
    i.mpu_set_bypass                         0x08005720   Section        0  inv_mpu.o(i.mpu_set_bypass)
    i.mpu_set_dmp_state                      0x0800586c   Section        0  inv_mpu.o(i.mpu_set_dmp_state)
    i.mpu_set_gyro_fsr                       0x080058fc   Section        0  inv_mpu.o(i.mpu_set_gyro_fsr)
    i.mpu_set_int_latched                    0x08005984   Section        0  inv_mpu.o(i.mpu_set_int_latched)
    i.mpu_set_lpf                            0x080059f0   Section        0  inv_mpu.o(i.mpu_set_lpf)
    i.mpu_set_sample_rate                    0x08005a74   Section        0  inv_mpu.o(i.mpu_set_sample_rate)
    i.mpu_set_sensors                        0x08005b10   Section        0  inv_mpu.o(i.mpu_set_sensors)
    i.mpu_write_mem                          0x08005be0   Section        0  inv_mpu.o(i.mpu_write_mem)
    i.run_self_test                          0x08005c60   Section        0  inv_mpu_dmp_motion_driver.o(i.run_self_test)
    i.set_int_enable                         0x08005d44   Section        0  inv_mpu.o(i.set_int_enable)
    set_int_enable                           0x08005d45   Thumb Code   138  inv_mpu.o(i.set_int_enable)
    i.sqrt                                   0x08005dd4   Section        0  sqrt.o(i.sqrt)
    .constdata                               0x08005e20   Section     2090  oled_data.o(.constdata)
    .constdata                               0x0800664c   Section       80  inv_mpu.o(.constdata)
    .constdata                               0x0800669c   Section     3062  inv_mpu_dmp_motion_driver.o(.constdata)
    dmp_memory                               0x0800669c   Data        3062  inv_mpu_dmp_motion_driver.o(.constdata)
    .constdata                               0x08007298   Section       80  asin.o(.constdata)
    pS                                       0x08007298   Data          48  asin.o(.constdata)
    qS                                       0x080072c8   Data          32  asin.o(.constdata)
    .constdata                               0x080072e8   Section      152  atan.o(.constdata)
    atanhi                                   0x080072e8   Data          32  atan.o(.constdata)
    atanlo                                   0x08007308   Data          32  atan.o(.constdata)
    aTodd                                    0x08007328   Data          40  atan.o(.constdata)
    aTeven                                   0x08007350   Data          48  atan.o(.constdata)
    .constdata                               0x08007380   Section        8  qnan.o(.constdata)
    .conststring                             0x08007388   Section       78  inv_mpu.o(.conststring)
    .data                                    0x20000000   Section       20  stm32f10x_rcc.o(.data)
    APBAHBPrescTable                         0x20000000   Data          16  stm32f10x_rcc.o(.data)
    ADCPrescTable                            0x20000010   Data           4  stm32f10x_rcc.o(.data)
    .data                                    0x20000014   Section        4  motor.o(.data)
    .data                                    0x20000018   Section        8  pid.o(.data)
    filt_velocity                            0x20000018   Data           4  pid.o(.data)
    last_filt_velocity                       0x2000001c   Data           4  pid.o(.data)
    .data                                    0x20000020   Section        1  usart.o(.data)
    .data                                    0x20000024   Section       59  mpu6050.o(.data)
    gyro_orientation                         0x20000024   Data           9  mpu6050.o(.data)
    .data                                    0x20000060   Section       44  inv_mpu.o(.data)
    st                                       0x20000060   Data          44  inv_mpu.o(.data)
    .data                                    0x2000008c   Section       46  main.o(.data)
    .data                                    0x200000bc   Section        4  errno.o(.data)
    _errno                                   0x200000bc   Data           4  errno.o(.data)
    .bss                                     0x200000c0   Section     1024  oled.o(.bss)
    .bss                                     0x200004c0   Section      120  pid.o(.bss)
    .bss                                     0x20000538   Section       16  mpu6050.o(.bss)
    .bss                                     0x20000548   Section       16  inv_mpu_dmp_motion_driver.o(.bss)
    dmp                                      0x20000548   Data          16  inv_mpu_dmp_motion_driver.o(.bss)
    .bss                                     0x20000558   Section       10  main.o(.bss)
    STACK                                    0x20000568   Section     1024  startup_stm32f10x_md.o(STACK)

    Global Symbols

    Symbol Name                              Value     Ov Type        Size  Object(Section)

    BuildAttributes$$THM_ISAv4$P$D$K$B$S$PE$A:L22UL41UL21$X:L11$S22US41US21$IEEE1$IW$USESV6$~STKCKD$USESV7$~SHL$OTIME$ROPI$IEEEX$EBA8$MICROLIB$REQ8$PRES8$EABIv2 0x00000000   Number         0  anon$$obj.o ABSOLUTE
    __ARM_use_no_argv                        0x00000000   Number         0  main.o ABSOLUTE
    __cpp_initialize__aeabi_                  - Undefined Weak Reference
    __cxa_finalize                            - Undefined Weak Reference
    __decompress                              - Undefined Weak Reference
    _clock_init                               - Undefined Weak Reference
    _microlib_exit                            - Undefined Weak Reference
    __Vectors_Size                           0x000000ec   Number         0  startup_stm32f10x_md.o ABSOLUTE
    __Vectors                                0x08000000   Data           4  startup_stm32f10x_md.o(RESET)
    __Vectors_End                            0x080000ec   Data           0  startup_stm32f10x_md.o(RESET)
    __main                                   0x080000ed   Thumb Code     0  entry.o(.ARM.Collect$$$$00000000)
    _main_stk                                0x080000ed   Thumb Code     0  entry2.o(.ARM.Collect$$$$00000001)
    _main_scatterload                        0x080000f1   Thumb Code     0  entry5.o(.ARM.Collect$$$$00000004)
    __main_after_scatterload                 0x080000f5   Thumb Code     0  entry5.o(.ARM.Collect$$$$00000004)
    _main_clock                              0x080000f5   Thumb Code     0  entry7b.o(.ARM.Collect$$$$00000008)
    _main_cpp_init                           0x080000f5   Thumb Code     0  entry8b.o(.ARM.Collect$$$$0000000A)
    _main_init                               0x080000f5   Thumb Code     0  entry9a.o(.ARM.Collect$$$$0000000B)
    __rt_final_cpp                           0x080000fd   Thumb Code     0  entry10a.o(.ARM.Collect$$$$0000000D)
    __rt_final_exit                          0x080000fd   Thumb Code     0  entry11a.o(.ARM.Collect$$$$0000000F)
    Reset_Handler                            0x08000101   Thumb Code     8  startup_stm32f10x_md.o(.text)
    ADC1_2_IRQHandler                        0x0800011b   Thumb Code     0  startup_stm32f10x_md.o(.text)
    CAN1_RX1_IRQHandler                      0x0800011b   Thumb Code     0  startup_stm32f10x_md.o(.text)
    CAN1_SCE_IRQHandler                      0x0800011b   Thumb Code     0  startup_stm32f10x_md.o(.text)
    DMA1_Channel1_IRQHandler                 0x0800011b   Thumb Code     0  startup_stm32f10x_md.o(.text)
    DMA1_Channel2_IRQHandler                 0x0800011b   Thumb Code     0  startup_stm32f10x_md.o(.text)
    DMA1_Channel3_IRQHandler                 0x0800011b   Thumb Code     0  startup_stm32f10x_md.o(.text)
    DMA1_Channel4_IRQHandler                 0x0800011b   Thumb Code     0  startup_stm32f10x_md.o(.text)
    DMA1_Channel5_IRQHandler                 0x0800011b   Thumb Code     0  startup_stm32f10x_md.o(.text)
    DMA1_Channel6_IRQHandler                 0x0800011b   Thumb Code     0  startup_stm32f10x_md.o(.text)
    DMA1_Channel7_IRQHandler                 0x0800011b   Thumb Code     0  startup_stm32f10x_md.o(.text)
    EXTI0_IRQHandler                         0x0800011b   Thumb Code     0  startup_stm32f10x_md.o(.text)
    EXTI15_10_IRQHandler                     0x0800011b   Thumb Code     0  startup_stm32f10x_md.o(.text)
    EXTI1_IRQHandler                         0x0800011b   Thumb Code     0  startup_stm32f10x_md.o(.text)
    EXTI2_IRQHandler                         0x0800011b   Thumb Code     0  startup_stm32f10x_md.o(.text)
    EXTI3_IRQHandler                         0x0800011b   Thumb Code     0  startup_stm32f10x_md.o(.text)
    EXTI4_IRQHandler                         0x0800011b   Thumb Code     0  startup_stm32f10x_md.o(.text)
    EXTI9_5_IRQHandler                       0x0800011b   Thumb Code     0  startup_stm32f10x_md.o(.text)
    FLASH_IRQHandler                         0x0800011b   Thumb Code     0  startup_stm32f10x_md.o(.text)
    I2C1_ER_IRQHandler                       0x0800011b   Thumb Code     0  startup_stm32f10x_md.o(.text)
    I2C1_EV_IRQHandler                       0x0800011b   Thumb Code     0  startup_stm32f10x_md.o(.text)
    I2C2_ER_IRQHandler                       0x0800011b   Thumb Code     0  startup_stm32f10x_md.o(.text)
    I2C2_EV_IRQHandler                       0x0800011b   Thumb Code     0  startup_stm32f10x_md.o(.text)
    PVD_IRQHandler                           0x0800011b   Thumb Code     0  startup_stm32f10x_md.o(.text)
    RCC_IRQHandler                           0x0800011b   Thumb Code     0  startup_stm32f10x_md.o(.text)
    RTCAlarm_IRQHandler                      0x0800011b   Thumb Code     0  startup_stm32f10x_md.o(.text)
    RTC_IRQHandler                           0x0800011b   Thumb Code     0  startup_stm32f10x_md.o(.text)
    SPI1_IRQHandler                          0x0800011b   Thumb Code     0  startup_stm32f10x_md.o(.text)
    SPI2_IRQHandler                          0x0800011b   Thumb Code     0  startup_stm32f10x_md.o(.text)
    TAMPER_IRQHandler                        0x0800011b   Thumb Code     0  startup_stm32f10x_md.o(.text)
    TIM1_BRK_IRQHandler                      0x0800011b   Thumb Code     0  startup_stm32f10x_md.o(.text)
    TIM1_CC_IRQHandler                       0x0800011b   Thumb Code     0  startup_stm32f10x_md.o(.text)
    TIM1_TRG_COM_IRQHandler                  0x0800011b   Thumb Code     0  startup_stm32f10x_md.o(.text)
    TIM2_IRQHandler                          0x0800011b   Thumb Code     0  startup_stm32f10x_md.o(.text)
    USART2_IRQHandler                        0x0800011b   Thumb Code     0  startup_stm32f10x_md.o(.text)
    USBWakeUp_IRQHandler                     0x0800011b   Thumb Code     0  startup_stm32f10x_md.o(.text)
    USB_HP_CAN1_TX_IRQHandler                0x0800011b   Thumb Code     0  startup_stm32f10x_md.o(.text)
    USB_LP_CAN1_RX0_IRQHandler               0x0800011b   Thumb Code     0  startup_stm32f10x_md.o(.text)
    WWDG_IRQHandler                          0x0800011b   Thumb Code     0  startup_stm32f10x_md.o(.text)
    __aeabi_ldivmod                          0x08000125   Thumb Code    98  ldiv.o(.text)
    __aeabi_memset                           0x08000187   Thumb Code    14  memseta.o(.text)
    __aeabi_memset4                          0x08000187   Thumb Code     0  memseta.o(.text)
    __aeabi_memset8                          0x08000187   Thumb Code     0  memseta.o(.text)
    __aeabi_memclr                           0x08000195   Thumb Code     4  memseta.o(.text)
    __aeabi_memclr4                          0x08000195   Thumb Code     0  memseta.o(.text)
    __aeabi_memclr8                          0x08000195   Thumb Code     0  memseta.o(.text)
    _memset$wrapper                          0x08000199   Thumb Code    18  memseta.o(.text)
    memcmp                                   0x080001ab   Thumb Code    26  memcmp.o(.text)
    __aeabi_fadd                             0x080001c5   Thumb Code   164  fadd.o(.text)
    __aeabi_fsub                             0x08000269   Thumb Code     6  fadd.o(.text)
    __aeabi_frsub                            0x0800026f   Thumb Code     6  fadd.o(.text)
    __aeabi_fmul                             0x08000275   Thumb Code   100  fmul.o(.text)
    __aeabi_fdiv                             0x080002d9   Thumb Code   124  fdiv.o(.text)
    __aeabi_dadd                             0x08000355   Thumb Code   322  dadd.o(.text)
    __aeabi_dsub                             0x08000497   Thumb Code     6  dadd.o(.text)
    __aeabi_drsub                            0x0800049d   Thumb Code     6  dadd.o(.text)
    __aeabi_dmul                             0x080004a3   Thumb Code   228  dmul.o(.text)
    __aeabi_ddiv                             0x08000587   Thumb Code   222  ddiv.o(.text)
    __aeabi_i2f                              0x08000665   Thumb Code    18  fflti.o(.text)
    __aeabi_ui2f                             0x08000677   Thumb Code    10  ffltui.o(.text)
    __aeabi_i2d                              0x08000681   Thumb Code    34  dflti.o(.text)
    __aeabi_f2iz                             0x080006a3   Thumb Code    50  ffixi.o(.text)
    __aeabi_f2uiz                            0x080006d5   Thumb Code    40  ffixui.o(.text)
    __aeabi_f2d                              0x080006fd   Thumb Code    38  f2d.o(.text)
    __aeabi_cdcmpeq                          0x08000725   Thumb Code     0  cdcmple.o(.text)
    __aeabi_cdcmple                          0x08000725   Thumb Code    48  cdcmple.o(.text)
    __aeabi_cdrcmple                         0x08000755   Thumb Code    48  cdrcmple.o(.text)
    __aeabi_d2f                              0x08000785   Thumb Code    56  d2f.o(.text)
    __aeabi_cfcmpeq                          0x080007bd   Thumb Code     0  cfcmple.o(.text)
    __aeabi_cfcmple                          0x080007bd   Thumb Code    20  cfcmple.o(.text)
    __aeabi_cfrcmple                         0x080007d1   Thumb Code    20  cfrcmple.o(.text)
    __aeabi_uldivmod                         0x080007e5   Thumb Code    98  uldiv.o(.text)
    __aeabi_llsl                             0x08000847   Thumb Code    30  llshl.o(.text)
    _ll_shift_l                              0x08000847   Thumb Code     0  llshl.o(.text)
    __aeabi_llsr                             0x08000865   Thumb Code    32  llushr.o(.text)
    _ll_ushift_r                             0x08000865   Thumb Code     0  llushr.o(.text)
    __aeabi_lasr                             0x08000885   Thumb Code    36  llsshr.o(.text)
    _ll_sshift_r                             0x08000885   Thumb Code     0  llsshr.o(.text)
    __I$use$fp                               0x080008a9   Thumb Code     0  iusefp.o(.text)
    _float_round                             0x080008a9   Thumb Code    18  fepilogue.o(.text)
    _float_epilogue                          0x080008bb   Thumb Code    92  fepilogue.o(.text)
    _double_round                            0x08000917   Thumb Code    30  depilogue.o(.text)
    _double_epilogue                         0x08000935   Thumb Code   156  depilogue.o(.text)
    __ARM_scalbn                             0x080009d1   Thumb Code    46  dscalb.o(.text)
    scalbn                                   0x080009d1   Thumb Code     0  dscalb.o(.text)
    __scatterload                            0x08000a01   Thumb Code    28  init.o(.text)
    __scatterload_rt2                        0x08000a01   Thumb Code     0  init.o(.text)
    _dsqrt                                   0x08000a25   Thumb Code   162  dsqrt.o(.text)
    BusFault_Handler                         0x08000ac7   Thumb Code     4  stm32f10x_it.o(i.BusFault_Handler)
    DebugMon_Handler                         0x08000acb   Thumb Code     2  stm32f10x_it.o(i.DebugMon_Handler)
    Delay_ms                                 0x08000acd   Thumb Code    24  delay.o(i.Delay_ms)
    Delay_us                                 0x08000ae5   Thumb Code    46  delay.o(i.Delay_us)
    Encoder1_GetCounter                      0x08000b15   Thumb Code    22  encoder.o(i.Encoder1_GetCounter)
    Encoder1_Init                            0x08000b31   Thumb Code   140  encoder.o(i.Encoder1_Init)
    Encoder2_GetCounter                      0x08000bc5   Thumb Code    22  encoder.o(i.Encoder2_GetCounter)
    Encoder2_Init                            0x08000be1   Thumb Code   196  encoder.o(i.Encoder2_Init)
    GPIO_Init                                0x08000cad   Thumb Code   278  stm32f10x_gpio.o(i.GPIO_Init)
    GPIO_ResetBits                           0x08000dc3   Thumb Code     4  stm32f10x_gpio.o(i.GPIO_ResetBits)
    GPIO_SetBits                             0x08000dc7   Thumb Code     4  stm32f10x_gpio.o(i.GPIO_SetBits)
    GPIO_StructInit                          0x08000dcb   Thumb Code    16  stm32f10x_gpio.o(i.GPIO_StructInit)
    GPIO_WriteBit                            0x08000ddb   Thumb Code    10  stm32f10x_gpio.o(i.GPIO_WriteBit)
    HardFault_Handler                        0x08000de5   Thumb Code     4  stm32f10x_it.o(i.HardFault_Handler)
    I_amplitude_limiting                     0x0800101b   Thumb Code    40  pid.o(i.I_amplitude_limiting)
    MPU6050_DMP_Init                         0x08001045   Thumb Code   224  mpu6050.o(i.MPU6050_DMP_Init)
    MPU6050_Pose                             0x080013f9   Thumb Code   568  mpu6050.o(i.MPU6050_Pose)
    MemManage_Handler                        0x08001669   Thumb Code     4  stm32f10x_it.o(i.MemManage_Handler)
    Motor_GPIO_Init                          0x0800166d   Thumb Code    84  motor.o(i.Motor_GPIO_Init)
    Motor_PWMSet                             0x080016c9   Thumb Code   104  motor.o(i.Motor_PWMSet)
    Motor_PWM_Init                           0x08001735   Thumb Code    18  motor.o(i.Motor_PWM_Init)
    Motor_SpeedSet_Vertical                  0x08001749   Thumb Code   106  motor.o(i.Motor_SpeedSet_Vertical)
    NMI_Handler                              0x080017bd   Thumb Code     2  stm32f10x_it.o(i.NMI_Handler)
    NVIC_Init                                0x080017c1   Thumb Code   100  misc.o(i.NVIC_Init)
    NVIC_PriorityGroupConfig                 0x08001831   Thumb Code    10  misc.o(i.NVIC_PriorityGroupConfig)
    OLED_Clear                               0x08001845   Thumb Code    36  oled.o(i.OLED_Clear)
    OLED_ClearArea                           0x0800186d   Thumb Code   140  oled.o(i.OLED_ClearArea)
    OLED_DrawWave_Cycle                      0x080018fd   Thumb Code    26  oled.o(i.OLED_DrawWave_Cycle)
    OLED_GPIO_Init                           0x08001919   Thumb Code    88  oled.o(i.OLED_GPIO_Init)
    OLED_I2C_SendByte                        0x08001975   Thumb Code    62  oled.o(i.OLED_I2C_SendByte)
    OLED_I2C_Start                           0x080019b3   Thumb Code    28  oled.o(i.OLED_I2C_Start)
    OLED_I2C_Stop                            0x080019cf   Thumb Code    22  oled.o(i.OLED_I2C_Stop)
    OLED_Init                                0x080019e5   Thumb Code   154  oled.o(i.OLED_Init)
    OLED_Pow                                 0x08001a7f   Thumb Code    20  oled.o(i.OLED_Pow)
    OLED_SetCursor                           0x08001a93   Thumb Code    34  oled.o(i.OLED_SetCursor)
    OLED_ShowChar                            0x08001ab5   Thumb Code    74  oled.o(i.OLED_ShowChar)
    OLED_ShowImage                           0x08001b09   Thumb Code   248  oled.o(i.OLED_ShowImage)
    OLED_ShowSignedNum                       0x08001c05   Thumb Code   112  oled.o(i.OLED_ShowSignedNum)
    OLED_Update                              0x08001c75   Thumb Code    36  oled.o(i.OLED_Update)
    OLED_W_SCL                               0x08001c9d   Thumb Code    16  oled.o(i.OLED_W_SCL)
    OLED_W_SDA                               0x08001cb1   Thumb Code    16  oled.o(i.OLED_W_SDA)
    OLED_WriteCommand                        0x08001cc5   Thumb Code    32  oled.o(i.OLED_WriteCommand)
    OLED_WriteData                           0x08001ce5   Thumb Code    46  oled.o(i.OLED_WriteData)
    PendSV_Handler                           0x08001d13   Thumb Code     2  stm32f10x_it.o(i.PendSV_Handler)
    PrintChar                                0x08001d15   Thumb Code    24  usart.o(i.PrintChar)
    RCC_APB1PeriphClockCmd                   0x08001d2d   Thumb Code    26  stm32f10x_rcc.o(i.RCC_APB1PeriphClockCmd)
    RCC_APB1PeriphResetCmd                   0x08001d4d   Thumb Code    26  stm32f10x_rcc.o(i.RCC_APB1PeriphResetCmd)
    RCC_APB2PeriphClockCmd                   0x08001d6d   Thumb Code    26  stm32f10x_rcc.o(i.RCC_APB2PeriphClockCmd)
    RCC_APB2PeriphResetCmd                   0x08001d8d   Thumb Code    26  stm32f10x_rcc.o(i.RCC_APB2PeriphResetCmd)
    RCC_GetClocksFreq                        0x08001dad   Thumb Code   192  stm32f10x_rcc.o(i.RCC_GetClocksFreq)
    Roll_Wave_Init                           0x08001e81   Thumb Code    18  main.o(i.Roll_Wave_Init)
    SVC_Handler                              0x08001e9d   Thumb Code     2  stm32f10x_it.o(i.SVC_Handler)
    SysTick_Handler                          0x08001f89   Thumb Code     2  stm32f10x_it.o(i.SysTick_Handler)
    SystemInit                               0x08001f8d   Thumb Code    78  system_stm32f10x.o(i.SystemInit)
    TIM1_Init                                0x0800222d   Thumb Code   106  timer.o(i.TIM1_Init)
    TIM1_UP_IRQHandler                       0x0800229d   Thumb Code   240  main.o(i.TIM1_UP_IRQHandler)
    TIM2_PWM_Init                            0x080023c1   Thumb Code   118  pwm.o(i.TIM2_PWM_Init)
    TIM3_IRQHandler                          0x08002439   Thumb Code    22  encoder.o(i.TIM3_IRQHandler)
    TIM4_IRQHandler                          0x08002455   Thumb Code    16  timer.o(i.TIM4_IRQHandler)
    TIM_ARRPreloadConfig                     0x08002469   Thumb Code    24  stm32f10x_tim.o(i.TIM_ARRPreloadConfig)
    TIM_ClearFlag                            0x08002481   Thumb Code     6  stm32f10x_tim.o(i.TIM_ClearFlag)
    TIM_ClearITPendingBit                    0x08002487   Thumb Code     6  stm32f10x_tim.o(i.TIM_ClearITPendingBit)
    TIM_Cmd                                  0x0800248d   Thumb Code    24  stm32f10x_tim.o(i.TIM_Cmd)
    TIM_DeInit                               0x080024a5   Thumb Code   424  stm32f10x_tim.o(i.TIM_DeInit)
    TIM_EncoderInterfaceConfig               0x0800268d   Thumb Code    66  stm32f10x_tim.o(i.TIM_EncoderInterfaceConfig)
    TIM_GetCounter                           0x080026cf   Thumb Code     6  stm32f10x_tim.o(i.TIM_GetCounter)
    TIM_GetITStatus                          0x080026d5   Thumb Code    34  stm32f10x_tim.o(i.TIM_GetITStatus)
    TIM_ICInit                               0x080026f9   Thumb Code   150  stm32f10x_tim.o(i.TIM_ICInit)
    TIM_ICStructInit                         0x080027a5   Thumb Code    18  stm32f10x_tim.o(i.TIM_ICStructInit)
    TIM_ITConfig                             0x080027b7   Thumb Code    18  stm32f10x_tim.o(i.TIM_ITConfig)
    TIM_OC3Init                              0x080027c9   Thumb Code   150  stm32f10x_tim.o(i.TIM_OC3Init)
    TIM_OC3PreloadConfig                     0x08002869   Thumb Code    18  stm32f10x_tim.o(i.TIM_OC3PreloadConfig)
    TIM_OC4Init                              0x0800287d   Thumb Code   114  stm32f10x_tim.o(i.TIM_OC4Init)
    TIM_OC4PreloadConfig                     0x080028f9   Thumb Code    26  stm32f10x_tim.o(i.TIM_OC4PreloadConfig)
    TIM_SetCompare3                          0x08002913   Thumb Code     4  stm32f10x_tim.o(i.TIM_SetCompare3)
    TIM_SetCompare4                          0x08002917   Thumb Code     6  stm32f10x_tim.o(i.TIM_SetCompare4)
    TIM_SetCounter                           0x0800291d   Thumb Code     4  stm32f10x_tim.o(i.TIM_SetCounter)
    TIM_SetIC1Prescaler                      0x08002921   Thumb Code    18  stm32f10x_tim.o(i.TIM_SetIC1Prescaler)
    TIM_SetIC2Prescaler                      0x08002933   Thumb Code    26  stm32f10x_tim.o(i.TIM_SetIC2Prescaler)
    TIM_SetIC3Prescaler                      0x0800294d   Thumb Code    18  stm32f10x_tim.o(i.TIM_SetIC3Prescaler)
    TIM_SetIC4Prescaler                      0x0800295f   Thumb Code    26  stm32f10x_tim.o(i.TIM_SetIC4Prescaler)
    TIM_TimeBaseInit                         0x08002979   Thumb Code   122  stm32f10x_tim.o(i.TIM_TimeBaseInit)
    TIM_TimeBaseStructInit                   0x08002a1d   Thumb Code    18  stm32f10x_tim.o(i.TIM_TimeBaseStructInit)
    Turn_PID                                 0x08002a31   Thumb Code    30  pid.o(i.Turn_PID)
    Turn_PID_Init                            0x08002a55   Thumb Code    14  pid.o(i.Turn_PID_Init)
    USART1_Config                            0x08002a6d   Thumb Code   114  usart.o(i.USART1_Config)
    USART1_IRQHandler                        0x08002ae9   Thumb Code    28  serial.o(i.USART1_IRQHandler)
    USART1_Send_Byte                         0x08002b09   Thumb Code    28  usart.o(i.USART1_Send_Byte)
    USART3_IRQHandler                        0x08002b29   Thumb Code   202  usart.o(i.USART3_IRQHandler)
    USART3_Init                              0x08002c21   Thumb Code   168  serial.o(i.USART3_Init)
    USART_ClearITPendingBit                  0x08002cd1   Thumb Code    30  stm32f10x_usart.o(i.USART_ClearITPendingBit)
    USART_Cmd                                0x08002cef   Thumb Code    24  stm32f10x_usart.o(i.USART_Cmd)
    USART_GetFlagStatus                      0x08002d07   Thumb Code    26  stm32f10x_usart.o(i.USART_GetFlagStatus)
    USART_GetITStatus                        0x08002d21   Thumb Code    84  stm32f10x_usart.o(i.USART_GetITStatus)
    USART_ITConfig                           0x08002d75   Thumb Code    74  stm32f10x_usart.o(i.USART_ITConfig)
    USART_Init                               0x08002dc1   Thumb Code   210  stm32f10x_usart.o(i.USART_Init)
    USART_ReceiveData                        0x08002e99   Thumb Code    10  stm32f10x_usart.o(i.USART_ReceiveData)
    USART_SendData                           0x08002ea3   Thumb Code     8  stm32f10x_usart.o(i.USART_SendData)
    UsageFault_Handler                       0x08002eab   Thumb Code     4  stm32f10x_it.o(i.UsageFault_Handler)
    Velocity_PID                             0x08002eb1   Thumb Code   134  pid.o(i.Velocity_PID)
    Velociy_PID_Init                         0x08002f4d   Thumb Code    16  pid.o(i.Velociy_PID_Init)
    Vertical_PID                             0x08002f69   Thumb Code   106  pid.o(i.Vertical_PID)
    Vertical_PID_Init                        0x08002fd9   Thumb Code    16  pid.o(i.Vertical_PID_Init)
    __ARM_fpclassify                         0x08002ff5   Thumb Code    40  fpclassify.o(i.__ARM_fpclassify)
    __kernel_poly                            0x0800301d   Thumb Code   170  poly.o(i.__kernel_poly)
    __mathlib_dbl_infnan                     0x080030c7   Thumb Code     6  dunder.o(i.__mathlib_dbl_infnan)
    __mathlib_dbl_infnan2                    0x080030cd   Thumb Code     4  dunder.o(i.__mathlib_dbl_infnan2)
    __mathlib_dbl_invalid                    0x080030d1   Thumb Code    12  dunder.o(i.__mathlib_dbl_invalid)
    __mathlib_dbl_underflow                  0x080030dd   Thumb Code    10  dunder.o(i.__mathlib_dbl_underflow)
    __scatterload_copy                       0x080030ed   Thumb Code    14  handlers.o(i.__scatterload_copy)
    __scatterload_null                       0x080030fb   Thumb Code     2  handlers.o(i.__scatterload_null)
    __scatterload_zeroinit                   0x080030fd   Thumb Code    14  handlers.o(i.__scatterload_zeroinit)
    __set_errno                              0x0800310d   Thumb Code     6  errno.o(i.__set_errno)
    asin                                     0x080031c1   Thumb Code   572  asin.o(i.asin)
    atan                                     0x08003431   Thumb Code   474  atan.o(i.atan)
    atan2                                    0x08003651   Thumb Code   346  atan2.o(i.atan2)
    delay_ms                                 0x08003835   Thumb Code    24  delay.o(i.delay_ms)
    dmp_enable_6x_lp_quat                    0x0800384d   Thumb Code    60  inv_mpu_dmp_motion_driver.o(i.dmp_enable_6x_lp_quat)
    dmp_enable_feature                       0x08003889   Thumb Code   530  inv_mpu_dmp_motion_driver.o(i.dmp_enable_feature)
    dmp_enable_gyro_cal                      0x08003aa5   Thumb Code    62  inv_mpu_dmp_motion_driver.o(i.dmp_enable_gyro_cal)
    dmp_enable_lp_quat                       0x08003afd   Thumb Code    60  inv_mpu_dmp_motion_driver.o(i.dmp_enable_lp_quat)
    dmp_load_motion_driver_firmware          0x08003b39   Thumb Code    20  inv_mpu_dmp_motion_driver.o(i.dmp_load_motion_driver_firmware)
    dmp_read_fifo                            0x08003b51   Thumb Code   456  inv_mpu_dmp_motion_driver.o(i.dmp_read_fifo)
    dmp_set_accel_bias                       0x08003d1d   Thumb Code   300  inv_mpu_dmp_motion_driver.o(i.dmp_set_accel_bias)
    dmp_set_fifo_rate                        0x08003e4d   Thumb Code    96  inv_mpu_dmp_motion_driver.o(i.dmp_set_fifo_rate)
    dmp_set_gyro_bias                        0x08003ebd   Thumb Code   294  inv_mpu_dmp_motion_driver.o(i.dmp_set_gyro_bias)
    dmp_set_orientation                      0x08003fed   Thumb Code   290  inv_mpu_dmp_motion_driver.o(i.dmp_set_orientation)
    dmp_set_shake_reject_thresh              0x08004125   Thumb Code    56  inv_mpu_dmp_motion_driver.o(i.dmp_set_shake_reject_thresh)
    dmp_set_shake_reject_time                0x0800415d   Thumb Code    38  inv_mpu_dmp_motion_driver.o(i.dmp_set_shake_reject_time)
    dmp_set_shake_reject_timeout             0x08004183   Thumb Code    38  inv_mpu_dmp_motion_driver.o(i.dmp_set_shake_reject_timeout)
    dmp_set_tap_axes                         0x080041a9   Thumb Code    70  inv_mpu_dmp_motion_driver.o(i.dmp_set_tap_axes)
    dmp_set_tap_count                        0x080041ef   Thumb Code    38  inv_mpu_dmp_motion_driver.o(i.dmp_set_tap_count)
    dmp_set_tap_thresh                       0x08004215   Thumb Code   396  inv_mpu_dmp_motion_driver.o(i.dmp_set_tap_thresh)
    dmp_set_tap_time                         0x080043b5   Thumb Code    38  inv_mpu_dmp_motion_driver.o(i.dmp_set_tap_time)
    dmp_set_tap_time_multi                   0x080043db   Thumb Code    38  inv_mpu_dmp_motion_driver.o(i.dmp_set_tap_time_multi)
    get_ms                                   0x080044b5   Thumb Code     2  delay.o(i.get_ms)
    i2cInit                                  0x08004a39   Thumb Code    40  i2c_.o(i.i2cInit)
    i2cRead                                  0x08004a65   Thumb Code   120  i2c_.o(i.i2cRead)
    i2cWriteBuffer                           0x08004add   Thumb Code   100  i2c_.o(i.i2cWriteBuffer)
    i2cread                                  0x08004b41   Thumb Code    38  i2c_.o(i.i2cread)
    i2cwrite                                 0x08004b67   Thumb Code    38  i2c_.o(i.i2cwrite)
    inv_orientation_matrix_to_scalar         0x08004b8d   Thumb Code    40  inv_mpu_dmp_motion_driver.o(i.inv_orientation_matrix_to_scalar)
    main                                     0x08004c05   Thumb Code   176  main.o(i.main)
    mpu_configure_fifo                       0x08004ccd   Thumb Code   106  inv_mpu.o(i.mpu_configure_fifo)
    mpu_get_accel_fsr                        0x08004d3d   Thumb Code    72  inv_mpu.o(i.mpu_get_accel_fsr)
    mpu_get_accel_sens                       0x08004d89   Thumb Code    78  inv_mpu.o(i.mpu_get_accel_sens)
    mpu_get_fifo_config                      0x08004ddd   Thumb Code    12  inv_mpu.o(i.mpu_get_fifo_config)
    mpu_get_gyro_fsr                         0x08004ded   Thumb Code    64  inv_mpu.o(i.mpu_get_gyro_fsr)
    mpu_get_gyro_sens                        0x08004e31   Thumb Code    58  inv_mpu.o(i.mpu_get_gyro_sens)
    mpu_get_lpf                              0x08004e81   Thumb Code    74  inv_mpu.o(i.mpu_get_lpf)
    mpu_get_sample_rate                      0x08004ed1   Thumb Code    26  inv_mpu.o(i.mpu_get_sample_rate)
    mpu_init                                 0x08004ef1   Thumb Code   414  inv_mpu.o(i.mpu_init)
    mpu_load_firmware                        0x080050e1   Thumb Code   180  inv_mpu.o(i.mpu_load_firmware)
    mpu_lp_accel_mode                        0x08005199   Thumb Code   218  inv_mpu.o(i.mpu_lp_accel_mode)
    mpu_read_fifo_stream                     0x08005279   Thumb Code   186  inv_mpu.o(i.mpu_read_fifo_stream)
    mpu_read_mem                             0x08005339   Thumb Code   122  inv_mpu.o(i.mpu_read_mem)
    mpu_reset_fifo                           0x080053b9   Thumb Code   450  inv_mpu.o(i.mpu_reset_fifo)
    mpu_run_self_test                        0x08005581   Thumb Code   278  inv_mpu.o(i.mpu_run_self_test)
    mpu_set_accel_fsr                        0x0800569d   Thumb Code   126  inv_mpu.o(i.mpu_set_accel_fsr)
    mpu_set_bypass                           0x08005721   Thumb Code   328  inv_mpu.o(i.mpu_set_bypass)
    mpu_set_dmp_state                        0x0800586d   Thumb Code   138  inv_mpu.o(i.mpu_set_dmp_state)
    mpu_set_gyro_fsr                         0x080058fd   Thumb Code   132  inv_mpu.o(i.mpu_set_gyro_fsr)
    mpu_set_int_latched                      0x08005985   Thumb Code   102  inv_mpu.o(i.mpu_set_int_latched)
    mpu_set_lpf                              0x080059f1   Thumb Code   126  inv_mpu.o(i.mpu_set_lpf)
    mpu_set_sample_rate                      0x08005a75   Thumb Code   152  inv_mpu.o(i.mpu_set_sample_rate)
    mpu_set_sensors                          0x08005b11   Thumb Code   202  inv_mpu.o(i.mpu_set_sensors)
    mpu_write_mem                            0x08005be1   Thumb Code   122  inv_mpu.o(i.mpu_write_mem)
    run_self_test                            0x08005c61   Thumb Code   156  inv_mpu_dmp_motion_driver.o(i.run_self_test)
    sqrt                                     0x08005dd5   Thumb Code    76  sqrt.o(i.sqrt)
    OLED_F8x16                               0x08005e20   Data        1520  oled_data.o(.constdata)
    OLED_F6x8                                0x08006410   Data         570  oled_data.o(.constdata)
    hw                                       0x0800664c   Data          12  inv_mpu.o(.constdata)
    reg                                      0x08006658   Data          27  inv_mpu.o(.constdata)
    test                                     0x08006674   Data          40  inv_mpu.o(.constdata)
    __mathlib_zero                           0x08007380   Data           8  qnan.o(.constdata)
    Region$$Table$$Base                      0x080073d8   Number         0  anon$$obj.o(Region$$Table)
    Region$$Table$$Limit                     0x080073f8   Number         0  anon$$obj.o(Region$$Table)
    num_counter_pwm                          0x20000014   Data           4  motor.o(.data)
    bluetooth                                0x20000020   Data           1  usart.o(.data)
    q0                                       0x20000030   Data           4  mpu6050.o(.data)
    q1                                       0x20000034   Data           4  mpu6050.o(.data)
    q2                                       0x20000038   Data           4  mpu6050.o(.data)
    q3                                       0x2000003c   Data           4  mpu6050.o(.data)
    Pitch                                    0x20000040   Data           4  mpu6050.o(.data)
    Roll                                     0x20000044   Data           4  mpu6050.o(.data)
    Yaw                                      0x20000048   Data           4  mpu6050.o(.data)
    sensor_timestamp                         0x2000004c   Data           4  mpu6050.o(.data)
    gyro                                     0x20000050   Data           6  mpu6050.o(.data)
    accel                                    0x20000056   Data           6  mpu6050.o(.data)
    sensors                                  0x2000005c   Data           2  mpu6050.o(.data)
    more                                     0x2000005e   Data           1  mpu6050.o(.data)
    PWM_ALL                                  0x2000008c   Data           4  main.o(.data)
    speed                                    0x20000090   Data           2  main.o(.data)
    speed2                                   0x20000092   Data           2  main.o(.data)
    Velociy_meause                           0x20000094   Data           4  main.o(.data)
    Velocity_calcu                           0x20000098   Data           4  main.o(.data)
    Yaw_setting                              0x2000009c   Data           4  main.o(.data)
    PWM_Vertical                             0x200000a0   Data           4  main.o(.data)
    PWM_Velociy                              0x200000a4   Data           4  main.o(.data)
    PWM_1                                    0x200000a8   Data           4  main.o(.data)
    PWM_2                                    0x200000ac   Data           4  main.o(.data)
    PWM_0                                    0x200000b0   Data           4  main.o(.data)
    Speed                                    0x200000b4   Data           4  main.o(.data)
    Motor_Flag                               0x200000b8   Data           1  main.o(.data)
    KeyNum                                   0x200000b9   Data           1  main.o(.data)
    OLED_DisplayBuf                          0x200000c0   Data        1024  oled.o(.bss)
    Vertical                                 0x200004c0   Data          40  pid.o(.bss)
    Velocity                                 0x200004e8   Data          40  pid.o(.bss)
    Turn                                     0x20000510   Data          40  pid.o(.bss)
    quat                                     0x20000538   Data          16  mpu6050.o(.bss)
    Roll_Wave                                0x20000558   Data          10  main.o(.bss)
    __initial_sp                             0x20000968   Data           0  startup_stm32f10x_md.o(STACK)



==============================================================================

Memory Map of the image

  Image Entry point : 0x080000ed

  Load Region LR_IROM1 (Base: 0x08000000, Size: 0x000074b8, Max: 0x00010000, ABSOLUTE)

    Execution Region ER_IROM1 (Exec base: 0x08000000, Load base: 0x08000000, Size: 0x000073f8, Max: 0x00010000, ABSOLUTE)

    Exec Addr    Load Addr    Size         Type   Attr      Idx    E Section Name        Object

    0x08000000   0x08000000   0x000000ec   Data   RO            3    RESET               startup_stm32f10x_md.o
    0x080000ec   0x080000ec   0x00000000   Code   RO         4676  * .ARM.Collect$$$$00000000  mc_w.l(entry.o)
    0x080000ec   0x080000ec   0x00000004   Code   RO         4790    .ARM.Collect$$$$00000001  mc_w.l(entry2.o)
    0x080000f0   0x080000f0   0x00000004   Code   RO         4793    .ARM.Collect$$$$00000004  mc_w.l(entry5.o)
    0x080000f4   0x080000f4   0x00000000   Code   RO         4795    .ARM.Collect$$$$00000008  mc_w.l(entry7b.o)
    0x080000f4   0x080000f4   0x00000000   Code   RO         4797    .ARM.Collect$$$$0000000A  mc_w.l(entry8b.o)
    0x080000f4   0x080000f4   0x00000008   Code   RO         4798    .ARM.Collect$$$$0000000B  mc_w.l(entry9a.o)
    0x080000fc   0x080000fc   0x00000000   Code   RO         4800    .ARM.Collect$$$$0000000D  mc_w.l(entry10a.o)
    0x080000fc   0x080000fc   0x00000000   Code   RO         4802    .ARM.Collect$$$$0000000F  mc_w.l(entry11a.o)
    0x080000fc   0x080000fc   0x00000004   Code   RO         4791    .ARM.Collect$$$$00002712  mc_w.l(entry2.o)
    0x08000100   0x08000100   0x00000024   Code   RO            4    .text               startup_stm32f10x_md.o
    0x08000124   0x08000124   0x00000062   Code   RO         4679    .text               mc_w.l(ldiv.o)
    0x08000186   0x08000186   0x00000024   Code   RO         4681    .text               mc_w.l(memseta.o)
    0x080001aa   0x080001aa   0x0000001a   Code   RO         4683    .text               mc_w.l(memcmp.o)
    0x080001c4   0x080001c4   0x000000b0   Code   RO         4713    .text               mf_w.l(fadd.o)
    0x08000274   0x08000274   0x00000064   Code   RO         4715    .text               mf_w.l(fmul.o)
    0x080002d8   0x080002d8   0x0000007c   Code   RO         4717    .text               mf_w.l(fdiv.o)
    0x08000354   0x08000354   0x0000014e   Code   RO         4719    .text               mf_w.l(dadd.o)
    0x080004a2   0x080004a2   0x000000e4   Code   RO         4721    .text               mf_w.l(dmul.o)
    0x08000586   0x08000586   0x000000de   Code   RO         4723    .text               mf_w.l(ddiv.o)
    0x08000664   0x08000664   0x00000012   Code   RO         4725    .text               mf_w.l(fflti.o)
    0x08000676   0x08000676   0x0000000a   Code   RO         4727    .text               mf_w.l(ffltui.o)
    0x08000680   0x08000680   0x00000022   Code   RO         4729    .text               mf_w.l(dflti.o)
    0x080006a2   0x080006a2   0x00000032   Code   RO         4733    .text               mf_w.l(ffixi.o)
    0x080006d4   0x080006d4   0x00000028   Code   RO         4735    .text               mf_w.l(ffixui.o)
    0x080006fc   0x080006fc   0x00000026   Code   RO         4741    .text               mf_w.l(f2d.o)
    0x08000722   0x08000722   0x00000002   PAD
    0x08000724   0x08000724   0x00000030   Code   RO         4743    .text               mf_w.l(cdcmple.o)
    0x08000754   0x08000754   0x00000030   Code   RO         4745    .text               mf_w.l(cdrcmple.o)
    0x08000784   0x08000784   0x00000038   Code   RO         4747    .text               mf_w.l(d2f.o)
    0x080007bc   0x080007bc   0x00000014   Code   RO         4749    .text               mf_w.l(cfcmple.o)
    0x080007d0   0x080007d0   0x00000014   Code   RO         4751    .text               mf_w.l(cfrcmple.o)
    0x080007e4   0x080007e4   0x00000062   Code   RO         4807    .text               mc_w.l(uldiv.o)
    0x08000846   0x08000846   0x0000001e   Code   RO         4809    .text               mc_w.l(llshl.o)
    0x08000864   0x08000864   0x00000020   Code   RO         4811    .text               mc_w.l(llushr.o)
    0x08000884   0x08000884   0x00000024   Code   RO         4813    .text               mc_w.l(llsshr.o)
    0x080008a8   0x080008a8   0x00000000   Code   RO         4822    .text               mc_w.l(iusefp.o)
    0x080008a8   0x080008a8   0x0000006e   Code   RO         4823    .text               mf_w.l(fepilogue.o)
    0x08000916   0x08000916   0x000000ba   Code   RO         4825    .text               mf_w.l(depilogue.o)
    0x080009d0   0x080009d0   0x0000002e   Code   RO         4827    .text               mf_w.l(dscalb.o)
    0x080009fe   0x080009fe   0x00000002   PAD
    0x08000a00   0x08000a00   0x00000024   Code   RO         4833    .text               mc_w.l(init.o)
    0x08000a24   0x08000a24   0x000000a2   Code   RO         4835    .text               mf_w.l(dsqrt.o)
    0x08000ac6   0x08000ac6   0x00000004   Code   RO         4593    i.BusFault_Handler  stm32f10x_it.o
    0x08000aca   0x08000aca   0x00000002   Code   RO         4594    i.DebugMon_Handler  stm32f10x_it.o
    0x08000acc   0x08000acc   0x00000018   Code   RO         3108    i.Delay_ms          delay.o
    0x08000ae4   0x08000ae4   0x0000002e   Code   RO         3110    i.Delay_us          delay.o
    0x08000b12   0x08000b12   0x00000002   PAD
    0x08000b14   0x08000b14   0x0000001c   Code   RO         3174    i.Encoder1_GetCounter  encoder.o
    0x08000b30   0x08000b30   0x00000094   Code   RO         3175    i.Encoder1_Init     encoder.o
    0x08000bc4   0x08000bc4   0x0000001c   Code   RO         3176    i.Encoder2_GetCounter  encoder.o
    0x08000be0   0x08000be0   0x000000cc   Code   RO         3177    i.Encoder2_Init     encoder.o
    0x08000cac   0x08000cac   0x00000116   Code   RO         1292    i.GPIO_Init         stm32f10x_gpio.o
    0x08000dc2   0x08000dc2   0x00000004   Code   RO         1299    i.GPIO_ResetBits    stm32f10x_gpio.o
    0x08000dc6   0x08000dc6   0x00000004   Code   RO         1300    i.GPIO_SetBits      stm32f10x_gpio.o
    0x08000dca   0x08000dca   0x00000010   Code   RO         1301    i.GPIO_StructInit   stm32f10x_gpio.o
    0x08000dda   0x08000dda   0x0000000a   Code   RO         1303    i.GPIO_WriteBit     stm32f10x_gpio.o
    0x08000de4   0x08000de4   0x00000004   Code   RO         4595    i.HardFault_Handler  stm32f10x_it.o
    0x08000de8   0x08000de8   0x0000003c   Code   RO         3885    i.I2C_Ack           i2c_.o
    0x08000e24   0x08000e24   0x0000003c   Code   RO         3886    i.I2C_NoAck         i2c_.o
    0x08000e60   0x08000e60   0x00000058   Code   RO         3887    i.I2C_ReceiveByte   i2c_.o
    0x08000eb8   0x08000eb8   0x0000005c   Code   RO         3888    i.I2C_SendByte      i2c_.o
    0x08000f14   0x08000f14   0x00000060   Code   RO         3889    i.I2C_Start         i2c_.o
    0x08000f74   0x08000f74   0x0000003c   Code   RO         3890    i.I2C_Stop          i2c_.o
    0x08000fb0   0x08000fb0   0x00000054   Code   RO         3891    i.I2C_WaitAck       i2c_.o
    0x08001004   0x08001004   0x00000016   Code   RO         3892    i.I2C_delay         i2c_.o
    0x0800101a   0x0800101a   0x00000028   Code   RO         3620    i.I_amplitude_limiting  pid.o
    0x08001042   0x08001042   0x00000002   PAD
    0x08001044   0x08001044   0x000003b4   Code   RO         3772    i.MPU6050_DMP_Init  mpu6050.o
    0x080013f8   0x080013f8   0x00000270   Code   RO         3777    i.MPU6050_Pose      mpu6050.o
    0x08001668   0x08001668   0x00000004   Code   RO         4596    i.MemManage_Handler  stm32f10x_it.o
    0x0800166c   0x0800166c   0x0000005c   Code   RO         3237    i.Motor_GPIO_Init   motor.o
    0x080016c8   0x080016c8   0x0000006c   Code   RO         3238    i.Motor_PWMSet      motor.o
    0x08001734   0x08001734   0x00000012   Code   RO         3239    i.Motor_PWM_Init    motor.o
    0x08001746   0x08001746   0x00000002   PAD
    0x08001748   0x08001748   0x00000074   Code   RO         3240    i.Motor_SpeedSet_Vertical  motor.o
    0x080017bc   0x080017bc   0x00000002   Code   RO         4597    i.NMI_Handler       stm32f10x_it.o
    0x080017be   0x080017be   0x00000002   PAD
    0x080017c0   0x080017c0   0x00000070   Code   RO          137    i.NVIC_Init         misc.o
    0x08001830   0x08001830   0x00000014   Code   RO          138    i.NVIC_PriorityGroupConfig  misc.o
    0x08001844   0x08001844   0x00000028   Code   RO         3282    i.OLED_Clear        oled.o
    0x0800186c   0x0800186c   0x00000090   Code   RO         3283    i.OLED_ClearArea    oled.o
    0x080018fc   0x080018fc   0x0000001a   Code   RO         3292    i.OLED_DrawWave_Cycle  oled.o
    0x08001916   0x08001916   0x00000002   PAD
    0x08001918   0x08001918   0x0000005c   Code   RO         3293    i.OLED_GPIO_Init    oled.o
    0x08001974   0x08001974   0x0000003e   Code   RO         3295    i.OLED_I2C_SendByte  oled.o
    0x080019b2   0x080019b2   0x0000001c   Code   RO         3296    i.OLED_I2C_Start    oled.o
    0x080019ce   0x080019ce   0x00000016   Code   RO         3297    i.OLED_I2C_Stop     oled.o
    0x080019e4   0x080019e4   0x0000009a   Code   RO         3298    i.OLED_Init         oled.o
    0x08001a7e   0x08001a7e   0x00000014   Code   RO         3300    i.OLED_Pow          oled.o
    0x08001a92   0x08001a92   0x00000022   Code   RO         3304    i.OLED_SetCursor    oled.o
    0x08001ab4   0x08001ab4   0x00000054   Code   RO         3306    i.OLED_ShowChar     oled.o
    0x08001b08   0x08001b08   0x000000fc   Code   RO         3309    i.OLED_ShowImage    oled.o
    0x08001c04   0x08001c04   0x00000070   Code   RO         3311    i.OLED_ShowSignedNum  oled.o
    0x08001c74   0x08001c74   0x00000028   Code   RO         3313    i.OLED_Update       oled.o
    0x08001c9c   0x08001c9c   0x00000014   Code   RO         3315    i.OLED_W_SCL        oled.o
    0x08001cb0   0x08001cb0   0x00000014   Code   RO         3316    i.OLED_W_SDA        oled.o
    0x08001cc4   0x08001cc4   0x00000020   Code   RO         3317    i.OLED_WriteCommand  oled.o
    0x08001ce4   0x08001ce4   0x0000002e   Code   RO         3318    i.OLED_WriteData    oled.o
    0x08001d12   0x08001d12   0x00000002   Code   RO         4598    i.PendSV_Handler    stm32f10x_it.o
    0x08001d14   0x08001d14   0x00000018   Code   RO         3674    i.PrintChar         usart.o
    0x08001d2c   0x08001d2c   0x00000020   Code   RO         1708    i.RCC_APB1PeriphClockCmd  stm32f10x_rcc.o
    0x08001d4c   0x08001d4c   0x00000020   Code   RO         1709    i.RCC_APB1PeriphResetCmd  stm32f10x_rcc.o
    0x08001d6c   0x08001d6c   0x00000020   Code   RO         1710    i.RCC_APB2PeriphClockCmd  stm32f10x_rcc.o
    0x08001d8c   0x08001d8c   0x00000020   Code   RO         1711    i.RCC_APB2PeriphResetCmd  stm32f10x_rcc.o
    0x08001dac   0x08001dac   0x000000d4   Code   RO         1718    i.RCC_GetClocksFreq  stm32f10x_rcc.o
    0x08001e80   0x08001e80   0x0000001c   Code   RO         4542    i.Roll_Wave_Init    main.o
    0x08001e9c   0x08001e9c   0x00000002   Code   RO         4599    i.SVC_Handler       stm32f10x_it.o
    0x08001e9e   0x08001e9e   0x00000008   Code   RO           24    i.SetSysClock       system_stm32f10x.o
    0x08001ea6   0x08001ea6   0x00000002   PAD
    0x08001ea8   0x08001ea8   0x000000e0   Code   RO           25    i.SetSysClockTo72   system_stm32f10x.o
    0x08001f88   0x08001f88   0x00000002   Code   RO         4600    i.SysTick_Handler   stm32f10x_it.o
    0x08001f8a   0x08001f8a   0x00000002   PAD
    0x08001f8c   0x08001f8c   0x00000060   Code   RO           27    i.SystemInit        system_stm32f10x.o
    0x08001fec   0x08001fec   0x00000080   Code   RO         2326    i.TI1_Config        stm32f10x_tim.o
    0x0800206c   0x0800206c   0x00000098   Code   RO         2327    i.TI2_Config        stm32f10x_tim.o
    0x08002104   0x08002104   0x00000090   Code   RO         2328    i.TI3_Config        stm32f10x_tim.o
    0x08002194   0x08002194   0x00000098   Code   RO         2329    i.TI4_Config        stm32f10x_tim.o
    0x0800222c   0x0800222c   0x00000070   Code   RO         3156    i.TIM1_Init         timer.o
    0x0800229c   0x0800229c   0x00000124   Code   RO         4543    i.TIM1_UP_IRQHandler  main.o
    0x080023c0   0x080023c0   0x00000076   Code   RO         3540    i.TIM2_PWM_Init     pwm.o
    0x08002436   0x08002436   0x00000002   PAD
    0x08002438   0x08002438   0x0000001c   Code   RO         3179    i.TIM3_IRQHandler   encoder.o
    0x08002454   0x08002454   0x00000014   Code   RO         3157    i.TIM4_IRQHandler   timer.o
    0x08002468   0x08002468   0x00000018   Code   RO         2330    i.TIM_ARRPreloadConfig  stm32f10x_tim.o
    0x08002480   0x08002480   0x00000006   Code   RO         2336    i.TIM_ClearFlag     stm32f10x_tim.o
    0x08002486   0x08002486   0x00000006   Code   RO         2337    i.TIM_ClearITPendingBit  stm32f10x_tim.o
    0x0800248c   0x0800248c   0x00000018   Code   RO         2342    i.TIM_Cmd           stm32f10x_tim.o
    0x080024a4   0x080024a4   0x000001e8   Code   RO         2347    i.TIM_DeInit        stm32f10x_tim.o
    0x0800268c   0x0800268c   0x00000042   Code   RO         2351    i.TIM_EncoderInterfaceConfig  stm32f10x_tim.o
    0x080026ce   0x080026ce   0x00000006   Code   RO         2361    i.TIM_GetCounter    stm32f10x_tim.o
    0x080026d4   0x080026d4   0x00000022   Code   RO         2363    i.TIM_GetITStatus   stm32f10x_tim.o
    0x080026f6   0x080026f6   0x00000002   PAD
    0x080026f8   0x080026f8   0x000000ac   Code   RO         2365    i.TIM_ICInit        stm32f10x_tim.o
    0x080027a4   0x080027a4   0x00000012   Code   RO         2366    i.TIM_ICStructInit  stm32f10x_tim.o
    0x080027b6   0x080027b6   0x00000012   Code   RO         2367    i.TIM_ITConfig      stm32f10x_tim.o
    0x080027c8   0x080027c8   0x000000a0   Code   RO         2381    i.TIM_OC3Init       stm32f10x_tim.o
    0x08002868   0x08002868   0x00000012   Code   RO         2384    i.TIM_OC3PreloadConfig  stm32f10x_tim.o
    0x0800287a   0x0800287a   0x00000002   PAD
    0x0800287c   0x0800287c   0x0000007c   Code   RO         2386    i.TIM_OC4Init       stm32f10x_tim.o
    0x080028f8   0x080028f8   0x0000001a   Code   RO         2388    i.TIM_OC4PreloadConfig  stm32f10x_tim.o
    0x08002912   0x08002912   0x00000004   Code   RO         2405    i.TIM_SetCompare3   stm32f10x_tim.o
    0x08002916   0x08002916   0x00000006   Code   RO         2406    i.TIM_SetCompare4   stm32f10x_tim.o
    0x0800291c   0x0800291c   0x00000004   Code   RO         2407    i.TIM_SetCounter    stm32f10x_tim.o
    0x08002920   0x08002920   0x00000012   Code   RO         2408    i.TIM_SetIC1Prescaler  stm32f10x_tim.o
    0x08002932   0x08002932   0x0000001a   Code   RO         2409    i.TIM_SetIC2Prescaler  stm32f10x_tim.o
    0x0800294c   0x0800294c   0x00000012   Code   RO         2410    i.TIM_SetIC3Prescaler  stm32f10x_tim.o
    0x0800295e   0x0800295e   0x0000001a   Code   RO         2411    i.TIM_SetIC4Prescaler  stm32f10x_tim.o
    0x08002978   0x08002978   0x000000a4   Code   RO         2413    i.TIM_TimeBaseInit  stm32f10x_tim.o
    0x08002a1c   0x08002a1c   0x00000012   Code   RO         2414    i.TIM_TimeBaseStructInit  stm32f10x_tim.o
    0x08002a2e   0x08002a2e   0x00000002   PAD
    0x08002a30   0x08002a30   0x00000024   Code   RO         3621    i.Turn_PID          pid.o
    0x08002a54   0x08002a54   0x00000018   Code   RO         3622    i.Turn_PID_Init     pid.o
    0x08002a6c   0x08002a6c   0x0000007c   Code   RO         3677    i.USART1_Config     usart.o
    0x08002ae8   0x08002ae8   0x00000020   Code   RO         3559    i.USART1_IRQHandler  serial.o
    0x08002b08   0x08002b08   0x00000020   Code   RO         3678    i.USART1_Send_Byte  usart.o
    0x08002b28   0x08002b28   0x000000f8   Code   RO         3681    i.USART3_IRQHandler  usart.o
    0x08002c20   0x08002c20   0x000000b0   Code   RO         3560    i.USART3_Init       serial.o
    0x08002cd0   0x08002cd0   0x0000001e   Code   RO         2875    i.USART_ClearITPendingBit  stm32f10x_usart.o
    0x08002cee   0x08002cee   0x00000018   Code   RO         2878    i.USART_Cmd         stm32f10x_usart.o
    0x08002d06   0x08002d06   0x0000001a   Code   RO         2881    i.USART_GetFlagStatus  stm32f10x_usart.o
    0x08002d20   0x08002d20   0x00000054   Code   RO         2882    i.USART_GetITStatus  stm32f10x_usart.o
    0x08002d74   0x08002d74   0x0000004a   Code   RO         2884    i.USART_ITConfig    stm32f10x_usart.o
    0x08002dbe   0x08002dbe   0x00000002   PAD
    0x08002dc0   0x08002dc0   0x000000d8   Code   RO         2885    i.USART_Init        stm32f10x_usart.o
    0x08002e98   0x08002e98   0x0000000a   Code   RO         2892    i.USART_ReceiveData  stm32f10x_usart.o
    0x08002ea2   0x08002ea2   0x00000008   Code   RO         2895    i.USART_SendData    stm32f10x_usart.o
    0x08002eaa   0x08002eaa   0x00000004   Code   RO         4601    i.UsageFault_Handler  stm32f10x_it.o
    0x08002eae   0x08002eae   0x00000002   PAD
    0x08002eb0   0x08002eb0   0x0000009c   Code   RO         3623    i.Velocity_PID      pid.o
    0x08002f4c   0x08002f4c   0x0000001c   Code   RO         3624    i.Velociy_PID_Init  pid.o
    0x08002f68   0x08002f68   0x00000070   Code   RO         3625    i.Vertical_PID      pid.o
    0x08002fd8   0x08002fd8   0x0000001c   Code   RO         3626    i.Vertical_PID_Init  pid.o
    0x08002ff4   0x08002ff4   0x00000028   Code   RO         4777    i.__ARM_fpclassify  m_ws.l(fpclassify.o)
    0x0800301c   0x0800301c   0x000000aa   Code   RO         4779    i.__kernel_poly     m_ws.l(poly.o)
    0x080030c6   0x080030c6   0x00000006   Code   RO         4764    i.__mathlib_dbl_infnan  m_ws.l(dunder.o)
    0x080030cc   0x080030cc   0x00000004   Code   RO         4765    i.__mathlib_dbl_infnan2  m_ws.l(dunder.o)
    0x080030d0   0x080030d0   0x0000000c   Code   RO         4766    i.__mathlib_dbl_invalid  m_ws.l(dunder.o)
    0x080030dc   0x080030dc   0x00000010   Code   RO         4769    i.__mathlib_dbl_underflow  m_ws.l(dunder.o)
    0x080030ec   0x080030ec   0x0000000e   Code   RO         4839    i.__scatterload_copy  mc_w.l(handlers.o)
    0x080030fa   0x080030fa   0x00000002   Code   RO         4840    i.__scatterload_null  mc_w.l(handlers.o)
    0x080030fc   0x080030fc   0x0000000e   Code   RO         4841    i.__scatterload_zeroinit  mc_w.l(handlers.o)
    0x0800310a   0x0800310a   0x00000002   PAD
    0x0800310c   0x0800310c   0x0000000c   Code   RO         4817    i.__set_errno       mc_w.l(errno.o)
    0x08003118   0x08003118   0x000000a8   Code   RO         4047    i.accel_self_test   inv_mpu.o
    0x080031c0   0x080031c0   0x00000270   Code   RO         4657    i.asin              m_ws.l(asin.o)
    0x08003430   0x08003430   0x00000220   Code   RO         4754    i.atan              m_ws.l(atan.o)
    0x08003650   0x08003650   0x00000180   Code   RO         4667    i.atan2             m_ws.l(atan2.o)
    0x080037d0   0x080037d0   0x00000064   Code   RO         4343    i.decode_gesture    inv_mpu_dmp_motion_driver.o
    0x08003834   0x08003834   0x00000018   Code   RO         3111    i.delay_ms          delay.o
    0x0800384c   0x0800384c   0x0000003c   Code   RO         4344    i.dmp_enable_6x_lp_quat  inv_mpu_dmp_motion_driver.o
    0x08003888   0x08003888   0x0000021c   Code   RO         4345    i.dmp_enable_feature  inv_mpu_dmp_motion_driver.o
    0x08003aa4   0x08003aa4   0x00000058   Code   RO         4346    i.dmp_enable_gyro_cal  inv_mpu_dmp_motion_driver.o
    0x08003afc   0x08003afc   0x0000003c   Code   RO         4347    i.dmp_enable_lp_quat  inv_mpu_dmp_motion_driver.o
    0x08003b38   0x08003b38   0x00000018   Code   RO         4352    i.dmp_load_motion_driver_firmware  inv_mpu_dmp_motion_driver.o
    0x08003b50   0x08003b50   0x000001cc   Code   RO         4353    i.dmp_read_fifo     inv_mpu_dmp_motion_driver.o
    0x08003d1c   0x08003d1c   0x00000130   Code   RO         4356    i.dmp_set_accel_bias  inv_mpu_dmp_motion_driver.o
    0x08003e4c   0x08003e4c   0x00000070   Code   RO         4357    i.dmp_set_fifo_rate  inv_mpu_dmp_motion_driver.o
    0x08003ebc   0x08003ebc   0x00000130   Code   RO         4358    i.dmp_set_gyro_bias  inv_mpu_dmp_motion_driver.o
    0x08003fec   0x08003fec   0x00000138   Code   RO         4360    i.dmp_set_orientation  inv_mpu_dmp_motion_driver.o
    0x08004124   0x08004124   0x00000038   Code   RO         4363    i.dmp_set_shake_reject_thresh  inv_mpu_dmp_motion_driver.o
    0x0800415c   0x0800415c   0x00000026   Code   RO         4364    i.dmp_set_shake_reject_time  inv_mpu_dmp_motion_driver.o
    0x08004182   0x08004182   0x00000026   Code   RO         4365    i.dmp_set_shake_reject_timeout  inv_mpu_dmp_motion_driver.o
    0x080041a8   0x080041a8   0x00000046   Code   RO         4366    i.dmp_set_tap_axes  inv_mpu_dmp_motion_driver.o
    0x080041ee   0x080041ee   0x00000026   Code   RO         4367    i.dmp_set_tap_count  inv_mpu_dmp_motion_driver.o
    0x08004214   0x08004214   0x000001a0   Code   RO         4368    i.dmp_set_tap_thresh  inv_mpu_dmp_motion_driver.o
    0x080043b4   0x080043b4   0x00000026   Code   RO         4369    i.dmp_set_tap_time  inv_mpu_dmp_motion_driver.o
    0x080043da   0x080043da   0x00000026   Code   RO         4370    i.dmp_set_tap_time_multi  inv_mpu_dmp_motion_driver.o
    0x08004400   0x08004400   0x000000b4   Code   RO         4048    i.get_accel_prod_shift  inv_mpu.o
    0x080044b4   0x080044b4   0x00000002   Code   RO         3113    i.get_ms            delay.o
    0x080044b6   0x080044b6   0x00000002   PAD
    0x080044b8   0x080044b8   0x00000470   Code   RO         4049    i.get_st_biases     inv_mpu.o
    0x08004928   0x08004928   0x00000110   Code   RO         4050    i.gyro_self_test    inv_mpu.o
    0x08004a38   0x08004a38   0x0000002c   Code   RO         3894    i.i2cInit           i2c_.o
    0x08004a64   0x08004a64   0x00000078   Code   RO         3895    i.i2cRead           i2c_.o
    0x08004adc   0x08004adc   0x00000064   Code   RO         3897    i.i2cWriteBuffer    i2c_.o
    0x08004b40   0x08004b40   0x00000026   Code   RO         3898    i.i2cread           i2c_.o
    0x08004b66   0x08004b66   0x00000026   Code   RO         3899    i.i2cwrite          i2c_.o
    0x08004b8c   0x08004b8c   0x00000028   Code   RO         4371    i.inv_orientation_matrix_to_scalar  inv_mpu_dmp_motion_driver.o
    0x08004bb4   0x08004bb4   0x0000004e   Code   RO         4372    i.inv_row_2_scale   inv_mpu_dmp_motion_driver.o
    0x08004c02   0x08004c02   0x00000002   PAD
    0x08004c04   0x08004c04   0x000000c8   Code   RO         4544    i.main              main.o
    0x08004ccc   0x08004ccc   0x00000070   Code   RO         4051    i.mpu_configure_fifo  inv_mpu.o
    0x08004d3c   0x08004d3c   0x0000004c   Code   RO         4052    i.mpu_get_accel_fsr  inv_mpu.o
    0x08004d88   0x08004d88   0x00000054   Code   RO         4054    i.mpu_get_accel_sens  inv_mpu.o
    0x08004ddc   0x08004ddc   0x00000010   Code   RO         4059    i.mpu_get_fifo_config  inv_mpu.o
    0x08004dec   0x08004dec   0x00000044   Code   RO         4060    i.mpu_get_gyro_fsr  inv_mpu.o
    0x08004e30   0x08004e30   0x00000050   Code   RO         4062    i.mpu_get_gyro_sens  inv_mpu.o
    0x08004e80   0x08004e80   0x00000050   Code   RO         4064    i.mpu_get_lpf       inv_mpu.o
    0x08004ed0   0x08004ed0   0x00000020   Code   RO         4066    i.mpu_get_sample_rate  inv_mpu.o
    0x08004ef0   0x08004ef0   0x000001f0   Code   RO         4068    i.mpu_init          inv_mpu.o
    0x080050e0   0x080050e0   0x000000b8   Code   RO         4069    i.mpu_load_firmware  inv_mpu.o
    0x08005198   0x08005198   0x000000e0   Code   RO         4070    i.mpu_lp_accel_mode  inv_mpu.o
    0x08005278   0x08005278   0x000000c0   Code   RO         4073    i.mpu_read_fifo_stream  inv_mpu.o
    0x08005338   0x08005338   0x00000080   Code   RO         4074    i.mpu_read_mem      inv_mpu.o
    0x080053b8   0x080053b8   0x000001c8   Code   RO         4077    i.mpu_reset_fifo    inv_mpu.o
    0x08005580   0x08005580   0x0000011c   Code   RO         4078    i.mpu_run_self_test  inv_mpu.o
    0x0800569c   0x0800569c   0x00000084   Code   RO         4080    i.mpu_set_accel_fsr  inv_mpu.o
    0x08005720   0x08005720   0x0000014c   Code   RO         4081    i.mpu_set_bypass    inv_mpu.o
    0x0800586c   0x0800586c   0x00000090   Code   RO         4083    i.mpu_set_dmp_state  inv_mpu.o
    0x080058fc   0x080058fc   0x00000088   Code   RO         4084    i.mpu_set_gyro_fsr  inv_mpu.o
    0x08005984   0x08005984   0x0000006c   Code   RO         4085    i.mpu_set_int_latched  inv_mpu.o
    0x080059f0   0x080059f0   0x00000084   Code   RO         4087    i.mpu_set_lpf       inv_mpu.o
    0x08005a74   0x08005a74   0x0000009c   Code   RO         4088    i.mpu_set_sample_rate  inv_mpu.o
    0x08005b10   0x08005b10   0x000000d0   Code   RO         4089    i.mpu_set_sensors   inv_mpu.o
    0x08005be0   0x08005be0   0x00000080   Code   RO         4090    i.mpu_write_mem     inv_mpu.o
    0x08005c60   0x08005c60   0x000000e4   Code   RO         4373    i.run_self_test     inv_mpu_dmp_motion_driver.o
    0x08005d44   0x08005d44   0x00000090   Code   RO         4091    i.set_int_enable    inv_mpu.o
    0x08005dd4   0x08005dd4   0x0000004c   Code   RO         4783    i.sqrt              m_ws.l(sqrt.o)
    0x08005e20   0x08005e20   0x0000082a   Data   RO         3758    .constdata          oled_data.o
    0x0800664a   0x0800664a   0x00000002   PAD
    0x0800664c   0x0800664c   0x00000050   Data   RO         4092    .constdata          inv_mpu.o
    0x0800669c   0x0800669c   0x00000bf6   Data   RO         4375    .constdata          inv_mpu_dmp_motion_driver.o
    0x08007292   0x08007292   0x00000006   PAD
    0x08007298   0x08007298   0x00000050   Data   RO         4658    .constdata          m_ws.l(asin.o)
    0x080072e8   0x080072e8   0x00000098   Data   RO         4755    .constdata          m_ws.l(atan.o)
    0x08007380   0x08007380   0x00000008   Data   RO         4781    .constdata          m_ws.l(qnan.o)
    0x08007388   0x08007388   0x0000004e   Data   RO         4093    .conststring        inv_mpu.o
    0x080073d6   0x080073d6   0x00000002   PAD
    0x080073d8   0x080073d8   0x00000020   Data   RO         4837    Region$$Table       anon$$obj.o


    Execution Region RW_IRAM1 (Exec base: 0x20000000, Load base: 0x080073f8, Size: 0x00000968, Max: 0x00005000, ABSOLUTE)

    Exec Addr    Load Addr    Size         Type   Attr      Idx    E Section Name        Object

    0x20000000   0x080073f8   0x00000014   Data   RW         1738    .data               stm32f10x_rcc.o
    0x20000014   0x0800740c   0x00000004   Data   RW         3241    .data               motor.o
    0x20000018   0x08007410   0x00000008   Data   RW         3629    .data               pid.o
    0x20000020   0x08007418   0x00000001   Data   RW         3686    .data               usart.o
    0x20000021   0x08007419   0x00000003   PAD
    0x20000024   0x0800741c   0x0000003b   Data   RW         3785    .data               mpu6050.o
    0x2000005f   0x08007457   0x00000001   PAD
    0x20000060   0x08007458   0x0000002c   Data   RW         4094    .data               inv_mpu.o
    0x2000008c   0x08007484   0x0000002e   Data   RW         4546    .data               main.o
    0x200000ba   0x080074b2   0x00000002   PAD
    0x200000bc   0x080074b4   0x00000004   Data   RW         4818    .data               mc_w.l(errno.o)
    0x200000c0        -       0x00000400   Zero   RW         3320    .bss                oled.o
    0x200004c0        -       0x00000078   Zero   RW         3627    .bss                pid.o
    0x20000538        -       0x00000010   Zero   RW         3784    .bss                mpu6050.o
    0x20000548        -       0x00000010   Zero   RW         4374    .bss                inv_mpu_dmp_motion_driver.o
    0x20000558        -       0x0000000a   Zero   RW         4545    .bss                main.o
    0x20000562   0x080074b8   0x00000006   PAD
    0x20000568        -       0x00000400   Zero   RW            1    STACK               startup_stm32f10x_md.o


==============================================================================

Image component sizes


      Code (inc. data)   RO Data    RW Data    ZI Data      Debug   Object Name

         0          0          0          0          0       4500   core_cm3.o
        96          0          0          0          0       1834   delay.o
       436         34          0          0          0       2714   encoder.o
       902         38          0          0          0       7626   i2c_.o
      5888        282        158         44          0      26095   inv_mpu.o
      3442        194       3062          0         16      22465   inv_mpu_dmp_motion_driver.o
       520         86          0         46         10       2952   main.o
       132         22          0          0          0       1403   misc.o
       334         22          0          4          0       2254   motor.o
      1572        780          0         59         16       2481   mpu6050.o
      1228         38          0          0       1024      10647   oled.o
         0          0       2090          0          0        563   oled_data.o
       424         68          0          8        120       4317   pid.o
       118          0          0          0          0        668   pwm.o
       208         12          0          0          0       1118   serial.o
        36          8        236          0       1024        808   startup_stm32f10x_md.o
       312          0          0          0          0       3886   stm32f10x_gpio.o
        26          0          0          0          0       3574   stm32f10x_it.o
       340         44          0         20          0       5288   stm32f10x_rcc.o
      2050        234          0          0          0      16892   stm32f10x_tim.o
       472          6          0          0          0       6447   stm32f10x_usart.o
       328         28          0          0          0     248517   system_stm32f10x.o
       132         10          0          0          0       1046   timer.o
       428         60          0          1          0       2868   usart.o

    ----------------------------------------------------------------------
     19454       1966       5588        188       2216     380963   Object Totals
         0          0         32          0          0          0   (incl. Generated)
        30          0         10          6          6          0   (incl. Padding)

    ----------------------------------------------------------------------

      Code (inc. data)   RO Data    RW Data    ZI Data      Debug   Library Member Name

       624         52         80          0          0        168   asin.o
       544         70        152          0          0        124   atan.o
       384         38          0          0          0        144   atan2.o
        38          6          0          0          0        272   dunder.o
        40          0          0          0          0         68   fpclassify.o
       170          0          0          0          0         96   poly.o
         0          0          8          0          0          0   qnan.o
        76          0          0          0          0         84   sqrt.o
         0          0          0          0          0          0   entry.o
         0          0          0          0          0          0   entry10a.o
         0          0          0          0          0          0   entry11a.o
         8          4          0          0          0          0   entry2.o
         4          0          0          0          0          0   entry5.o
         0          0          0          0          0          0   entry7b.o
         0          0          0          0          0          0   entry8b.o
         8          4          0          0          0          0   entry9a.o
        12          6          0          4          0         68   errno.o
        30          0          0          0          0          0   handlers.o
        36          8          0          0          0         68   init.o
         0          0          0          0          0          0   iusefp.o
        98          0          0          0          0         84   ldiv.o
        30          0          0          0          0         68   llshl.o
        36          0          0          0          0         68   llsshr.o
        32          0          0          0          0         68   llushr.o
        26          0          0          0          0         80   memcmp.o
        36          0          0          0          0        108   memseta.o
        98          0          0          0          0         92   uldiv.o
        48          0          0          0          0         68   cdcmple.o
        48          0          0          0          0         68   cdrcmple.o
        20          0          0          0          0         68   cfcmple.o
        20          0          0          0          0         68   cfrcmple.o
        56          0          0          0          0         88   d2f.o
       334          0          0          0          0        148   dadd.o
       222          0          0          0          0        100   ddiv.o
       186          0          0          0          0        176   depilogue.o
        34          0          0          0          0         76   dflti.o
       228          0          0          0          0         96   dmul.o
        46          0          0          0          0         80   dscalb.o
       162          0          0          0          0        100   dsqrt.o
        38          0          0          0          0         68   f2d.o
       176          0          0          0          0        140   fadd.o
       124          0          0          0          0         88   fdiv.o
       110          0          0          0          0        168   fepilogue.o
        50          0          0          0          0         68   ffixi.o
        40          0          0          0          0         68   ffixui.o
        18          0          0          0          0         68   fflti.o
        10          0          0          0          0         68   ffltui.o
       100          0          0          0          0         76   fmul.o

    ----------------------------------------------------------------------
      4406        188        240          4          0       3608   Library Totals
         6          0          0          0          0          0   (incl. Padding)

    ----------------------------------------------------------------------

      Code (inc. data)   RO Data    RW Data    ZI Data      Debug   Library Name

      1876        166        240          0          0        956   m_ws.l
       454         22          0          4          0        704   mc_w.l
      2070          0          0          0          0       1948   mf_w.l

    ----------------------------------------------------------------------
      4406        188        240          4          0       3608   Library Totals

    ----------------------------------------------------------------------

==============================================================================


      Code (inc. data)   RO Data    RW Data    ZI Data      Debug   

     23860       2154       5828        192       2216     373855   Grand Totals
     23860       2154       5828        192       2216     373855   ELF Image Totals
     23860       2154       5828        192          0          0   ROM Totals

==============================================================================

    Total RO  Size (Code + RO Data)                29688 (  28.99kB)
    Total RW  Size (RW Data + ZI Data)              2408 (   2.35kB)
    Total ROM Size (Code + RO Data + RW Data)      29880 (  29.18kB)

==============================================================================

