<html>
<body>
<pre>
<h1>µVision Build Log</h1>
<h2>Tool Versions:</h2>
IDE-Version: ¦ÌVision V5.24.2.0
Copyright (C) 2017 ARM Ltd and ARM Germany GmbH. All rights reserved.
License Information: Turin S, CN.IC, LIC=YA39U-S8B4L-Y8UFK-ZNF85-1XVRK-YFUBP
 
Tool Versions:
Toolchain:       MDK-ARM Plus  Version: 5.24.1
Toolchain Path:  D:\keil5\ARM\ARMCC\Bin
C Compiler:      Armcc.exe V5.06 update 5 (build 528)
Assembler:       Armasm.exe V5.06 update 5 (build 528)
Linker/Locator:  ArmLink.exe V5.06 update 5 (build 528)
Library Manager: ArmAr.exe V5.06 update 5 (build 528)
Hex Converter:   FromElf.exe V5.06 update 5 (build 528)
CPU DLL:         SARMCM3.DLL V5.24.1
Dialog DLL:      DCM.DLL V1.16.0.0
Target DLL:      STLink\ST-LINKIII-KEIL_SWO.dll V3.0.1.0
Dialog DLL:      TCM.DLL V1.32.0.0
 
<h2>Project:</h2>
D:\5_stm32_project\2-3 stm32¹¤³ÌÄ£°å3.0\User\Project.uvprojx
Project File Date:  07/13/2024

<h2>Output:</h2>
*** Using Compiler 'V5.06 update 5 (build 528)', folder: 'D:\keil5\ARM\ARMCC\Bin'
Build target 'Turin'
compiling main.c...
..\Driver\Encoder.h(10): warning:  #1-D: last line of file ends without a newline
  #endif
..\System\Timer.h(4): warning:  #1-D: last line of file ends without a newline
  #endif
..\Driver\Servo.h(6): warning:  #1-D: last line of file ends without a newline
  #endif
..\Driver\Key.h(6): warning:  #1-D: last line of file ends without a newline
  #endif
..\Driver\PWM.H(4): warning:  #1-D: last line of file ends without a newline
  #endif
..\Driver\Serial.H(22): warning:  #1-D: last line of file ends without a newline
  #endif
main.c(85): warning:  #177-D: variable "i"  was declared but never referenced
  			unsigned char i;		
main.c: 7 warnings, 0 errors
linking...
Program Size: Code=5468 RO-data=2360 RW-data=108 ZI-data=2148  
FromELF: creating hex file...
".\Objects\Project.axf" - 0 Error(s), 7 Warning(s).

<h2>Software Packages used:</h2>

Package Vendor: Keil
                http://www.keil.com/pack/Keil.STM32F1xx_DFP.2.2.0.pack
                Keil.STM32F1xx_DFP.2.2.0
                STMicroelectronics STM32F1 Series Device Support, Drivers and Examples

<h2>Collection of Component include folders:</h2>
  .\RTE\_Turin
  D:\keil5\ARM\PACK\Keil\STM32F1xx_DFP\2.2.0\Device\Include

<h2>Collection of Component Files used:</h2>
Build Time Elapsed:  00:00:01
</pre>
</body>
</html>
